Archive member included to satisfy reference by file (symbol)

c:/st/stm32cubeide_1.5.1/stm32cubeide/plugins/com.st.stm32cube.ide.mcu.externaltools.gnu-tools-for-stm32.9-2020-q2-update.win32_1.5.0.202011040924/tools/bin/../lib/gcc/arm-none-eabi/9.3.1/../../../../arm-none-eabi/lib/thumb/v6-m/nofp\libc_nano.a(lib_a-errno.o)
                              Core/Src/syscalls.o (__errno)
c:/st/stm32cubeide_1.5.1/stm32cubeide/plugins/com.st.stm32cube.ide.mcu.externaltools.gnu-tools-for-stm32.9-2020-q2-update.win32_1.5.0.202011040924/tools/bin/../lib/gcc/arm-none-eabi/9.3.1/../../../../arm-none-eabi/lib/thumb/v6-m/nofp\libc_nano.a(lib_a-exit.o)
                              c:/st/stm32cubeide_1.5.1/stm32cubeide/plugins/com.st.stm32cube.ide.mcu.externaltools.gnu-tools-for-stm32.9-2020-q2-update.win32_1.5.0.202011040924/tools/bin/../lib/gcc/arm-none-eabi/9.3.1/../../../../arm-none-eabi/lib/thumb/v6-m/nofp/crt0.o (exit)
c:/st/stm32cubeide_1.5.1/stm32cubeide/plugins/com.st.stm32cube.ide.mcu.externaltools.gnu-tools-for-stm32.9-2020-q2-update.win32_1.5.0.202011040924/tools/bin/../lib/gcc/arm-none-eabi/9.3.1/../../../../arm-none-eabi/lib/thumb/v6-m/nofp\libc_nano.a(lib_a-impure.o)
                              c:/st/stm32cubeide_1.5.1/stm32cubeide/plugins/com.st.stm32cube.ide.mcu.externaltools.gnu-tools-for-stm32.9-2020-q2-update.win32_1.5.0.202011040924/tools/bin/../lib/gcc/arm-none-eabi/9.3.1/../../../../arm-none-eabi/lib/thumb/v6-m/nofp\libc_nano.a(lib_a-exit.o) (_global_impure_ptr)
c:/st/stm32cubeide_1.5.1/stm32cubeide/plugins/com.st.stm32cube.ide.mcu.externaltools.gnu-tools-for-stm32.9-2020-q2-update.win32_1.5.0.202011040924/tools/bin/../lib/gcc/arm-none-eabi/9.3.1/../../../../arm-none-eabi/lib/thumb/v6-m/nofp\libc_nano.a(lib_a-init.o)
                              c:/st/stm32cubeide_1.5.1/stm32cubeide/plugins/com.st.stm32cube.ide.mcu.externaltools.gnu-tools-for-stm32.9-2020-q2-update.win32_1.5.0.202011040924/tools/bin/../lib/gcc/arm-none-eabi/9.3.1/../../../../arm-none-eabi/lib/thumb/v6-m/nofp/crt0.o (__libc_init_array)
c:/st/stm32cubeide_1.5.1/stm32cubeide/plugins/com.st.stm32cube.ide.mcu.externaltools.gnu-tools-for-stm32.9-2020-q2-update.win32_1.5.0.202011040924/tools/bin/../lib/gcc/arm-none-eabi/9.3.1/../../../../arm-none-eabi/lib/thumb/v6-m/nofp\libc_nano.a(lib_a-malloc.o)
                              Mantarray/Src/Bus.o (malloc)
c:/st/stm32cubeide_1.5.1/stm32cubeide/plugins/com.st.stm32cube.ide.mcu.externaltools.gnu-tools-for-stm32.9-2020-q2-update.win32_1.5.0.202011040924/tools/bin/../lib/gcc/arm-none-eabi/9.3.1/../../../../arm-none-eabi/lib/thumb/v6-m/nofp\libc_nano.a(lib_a-memcpy-stub.o)
                              Mantarray/Src/system.o (memcpy)
c:/st/stm32cubeide_1.5.1/stm32cubeide/plugins/com.st.stm32cube.ide.mcu.externaltools.gnu-tools-for-stm32.9-2020-q2-update.win32_1.5.0.202011040924/tools/bin/../lib/gcc/arm-none-eabi/9.3.1/../../../../arm-none-eabi/lib/thumb/v6-m/nofp\libc_nano.a(lib_a-memset.o)
                              c:/st/stm32cubeide_1.5.1/stm32cubeide/plugins/com.st.stm32cube.ide.mcu.externaltools.gnu-tools-for-stm32.9-2020-q2-update.win32_1.5.0.202011040924/tools/bin/../lib/gcc/arm-none-eabi/9.3.1/../../../../arm-none-eabi/lib/thumb/v6-m/nofp/crt0.o (memset)
c:/st/stm32cubeide_1.5.1/stm32cubeide/plugins/com.st.stm32cube.ide.mcu.externaltools.gnu-tools-for-stm32.9-2020-q2-update.win32_1.5.0.202011040924/tools/bin/../lib/gcc/arm-none-eabi/9.3.1/../../../../arm-none-eabi/lib/thumb/v6-m/nofp\libc_nano.a(lib_a-nano-freer.o)
                              c:/st/stm32cubeide_1.5.1/stm32cubeide/plugins/com.st.stm32cube.ide.mcu.externaltools.gnu-tools-for-stm32.9-2020-q2-update.win32_1.5.0.202011040924/tools/bin/../lib/gcc/arm-none-eabi/9.3.1/../../../../arm-none-eabi/lib/thumb/v6-m/nofp\libc_nano.a(lib_a-malloc.o) (_free_r)
c:/st/stm32cubeide_1.5.1/stm32cubeide/plugins/com.st.stm32cube.ide.mcu.externaltools.gnu-tools-for-stm32.9-2020-q2-update.win32_1.5.0.202011040924/tools/bin/../lib/gcc/arm-none-eabi/9.3.1/../../../../arm-none-eabi/lib/thumb/v6-m/nofp\libc_nano.a(lib_a-nano-mallocr.o)
                              c:/st/stm32cubeide_1.5.1/stm32cubeide/plugins/com.st.stm32cube.ide.mcu.externaltools.gnu-tools-for-stm32.9-2020-q2-update.win32_1.5.0.202011040924/tools/bin/../lib/gcc/arm-none-eabi/9.3.1/../../../../arm-none-eabi/lib/thumb/v6-m/nofp\libc_nano.a(lib_a-malloc.o) (_malloc_r)
c:/st/stm32cubeide_1.5.1/stm32cubeide/plugins/com.st.stm32cube.ide.mcu.externaltools.gnu-tools-for-stm32.9-2020-q2-update.win32_1.5.0.202011040924/tools/bin/../lib/gcc/arm-none-eabi/9.3.1/../../../../arm-none-eabi/lib/thumb/v6-m/nofp\libc_nano.a(lib_a-sbrkr.o)
                              c:/st/stm32cubeide_1.5.1/stm32cubeide/plugins/com.st.stm32cube.ide.mcu.externaltools.gnu-tools-for-stm32.9-2020-q2-update.win32_1.5.0.202011040924/tools/bin/../lib/gcc/arm-none-eabi/9.3.1/../../../../arm-none-eabi/lib/thumb/v6-m/nofp\libc_nano.a(lib_a-nano-mallocr.o) (_sbrk_r)
[...]
Memory Configuration

Name             Origin             Length             Attributes
RAM              0x0000000020000000 0x0000000000002000 xrw
FLASH            0x0000000008000000 0x0000000000010000 xr
*default*        0x0000000000000000 0xffffffffffffffff

Linker script and memory map

LOAD c:/st/stm32cubeide_1.5.1/stm32cubeide/plugins/com.st.stm32cube.ide.mcu.externaltools.gnu-tools-for-stm32.9-2020-q2-update.win32_1.5.0.202011040924/tools/bin/../lib/gcc/arm-none-eabi/9.3.1/thumb/v6-m/nofp/crti.o
LOAD c:/st/stm32cubeide_1.5.1/stm32cubeide/plugins/com.st.stm32cube.ide.mcu.externaltools.gnu-tools-for-stm32.9-2020-q2-update.win32_1.5.0.202011040924/tools/bin/../lib/gcc/arm-none-eabi/9.3.1/thumb/v6-m/nofp/crtbegin.o
LOAD c:/st/stm32cubeide_1.5.1/stm32cubeide/plugins/com.st.stm32cube.ide.mcu.externaltools.gnu-tools-for-stm32.9-2020-q2-update.win32_1.5.0.202011040924/tools/bin/../lib/gcc/arm-none-eabi/9.3.1/../../../../arm-none-eabi/lib/thumb/v6-m/nofp/crt0.o
LOAD Core/Src/adc.o
LOAD Core/Src/gpio.o
LOAD Core/Src/i2c.o
LOAD Core/Src/main.o
LOAD Core/Src/spi.o
LOAD Core/Src/stm32l0xx_hal_msp.o
LOAD Core/Src/stm32l0xx_it.o
LOAD Core/Src/syscalls.o
LOAD Core/Src/sysmem.o
LOAD Core/Src/system_stm32l0xx.o
LOAD Core/Src/tim.o
LOAD Core/Src/usart.o
LOAD Core/Startup/startup_stm32l052t8yx.o
LOAD Drivers/STM32L0xx_HAL_Driver/Src/stm32l0xx_hal.o
LOAD Drivers/STM32L0xx_HAL_Driver/Src/stm32l0xx_hal_adc.o
LOAD Drivers/STM32L0xx_HAL_Driver/Src/stm32l0xx_hal_adc_ex.o
LOAD Drivers/STM32L0xx_HAL_Driver/Src/stm32l0xx_hal_cortex.o
LOAD Drivers/STM32L0xx_HAL_Driver/Src/stm32l0xx_hal_dma.o
LOAD Drivers/STM32L0xx_HAL_Driver/Src/stm32l0xx_hal_exti.o
LOAD Drivers/STM32L0xx_HAL_Driver/Src/stm32l0xx_hal_flash.o
LOAD Drivers/STM32L0xx_HAL_Driver/Src/stm32l0xx_hal_flash_ex.o
LOAD Drivers/STM32L0xx_HAL_Driver/Src/stm32l0xx_hal_flash_ramfunc.o
LOAD Drivers/STM32L0xx_HAL_Driver/Src/stm32l0xx_hal_gpio.o
LOAD Drivers/STM32L0xx_HAL_Driver/Src/stm32l0xx_hal_i2c.o
LOAD Drivers/STM32L0xx_HAL_Driver/Src/stm32l0xx_hal_i2c_ex.o
LOAD Drivers/STM32L0xx_HAL_Driver/Src/stm32l0xx_hal_pwr.o
LOAD Drivers/STM32L0xx_HAL_Driver/Src/stm32l0xx_hal_pwr_ex.o
LOAD Drivers/STM32L0xx_HAL_Driver/Src/stm32l0xx_hal_rcc.o
LOAD Drivers/STM32L0xx_HAL_Driver/Src/stm32l0xx_hal_rcc_ex.o
LOAD Drivers/STM32L0xx_HAL_Driver/Src/stm32l0xx_hal_spi.o
LOAD Drivers/STM32L0xx_HAL_Driver/Src/stm32l0xx_hal_tim.o
LOAD Drivers/STM32L0xx_HAL_Driver/Src/stm32l0xx_hal_tim_ex.o
LOAD Drivers/STM32L0xx_HAL_Driver/Src/stm32l0xx_hal_uart.o
LOAD Drivers/STM32L0xx_HAL_Driver/Src/stm32l0xx_hal_uart_ex.o
LOAD Mantarray/Src/Bus.o
LOAD Mantarray/Src/EEPROM.o
LOAD Mantarray/Src/GlobalTimer.o
LOAD Mantarray/Src/Magnetometer.o
LOAD Mantarray/Src/UART_Comm.o
LOAD Mantarray/Src/i2c_network_interface.o
LOAD Mantarray/Src/lis3mdl_driver.o
LOAD Mantarray/Src/mmc5983_driver.o
LOAD Mantarray/Src/system.o
START GROUP
LOAD c:/st/stm32cubeide_1.5.1/stm32cubeide/plugins/com.st.stm32cube.ide.mcu.externaltools.gnu-tools-for-stm32.9-2020-q2-update.win32_1.5.0.202011040924/tools/bin/../lib/gcc/arm-none-eabi/9.3.1/../../../../arm-none-eabi/lib/thumb/v6-m/nofp\libc_nano.a
LOAD c:/st/stm32cubeide_1.5.1/stm32cubeide/plugins/com.st.stm32cube.ide.mcu.externaltools.gnu-tools-for-stm32.9-2020-q2-update.win32_1.5.0.202011040924/tools/bin/../lib/gcc/arm-none-eabi/9.3.1/../../../../arm-none-eabi/lib/thumb/v6-m/nofp\libm.a
END GROUP
START GROUP
LOAD c:/st/stm32cubeide_1.5.1/stm32cubeide/plugins/com.st.stm32cube.ide.mcu.externaltools.gnu-tools-for-stm32.9-2020-q2-update.win32_1.5.0.202011040924/tools/bin/../lib/gcc/arm-none-eabi/9.3.1/thumb/v6-m/nofp\libgcc.a
LOAD c:/st/stm32cubeide_1.5.1/stm32cubeide/plugins/com.st.stm32cube.ide.mcu.externaltools.gnu-tools-for-stm32.9-2020-q2-update.win32_1.5.0.202011040924/tools/bin/../lib/gcc/arm-none-eabi/9.3.1/../../../../arm-none-eabi/lib/thumb/v6-m/nofp\libc_nano.a
END GROUP
START GROUP
LOAD c:/st/stm32cubeide_1.5.1/stm32cubeide/plugins/com.st.stm32cube.ide.mcu.externaltools.gnu-tools-for-stm32.9-2020-q2-update.win32_1.5.0.202011040924/tools/bin/../lib/gcc/arm-none-eabi/9.3.1/thumb/v6-m/nofp\libgcc.a
LOAD c:/st/stm32cubeide_1.5.1/stm32cubeide/plugins/com.st.stm32cube.ide.mcu.externaltools.gnu-tools-for-stm32.9-2020-q2-update.win32_1.5.0.202011040924/tools/bin/../lib/gcc/arm-none-eabi/9.3.1/../../../../arm-none-eabi/lib/thumb/v6-m/nofp\libc_nano.a
LOAD c:/st/stm32cubeide_1.5.1/stm32cubeide/plugins/com.st.stm32cube.ide.mcu.externaltools.gnu-tools-for-stm32.9-2020-q2-update.win32_1.5.0.202011040924/tools/bin/../lib/gcc/arm-none-eabi/9.3.1/../../../../arm-none-eabi/lib/thumb/v6-m/nofp\libnosys.a
END GROUP
START GROUP
LOAD c:/st/stm32cubeide_1.5.1/stm32cubeide/plugins/com.st.stm32cube.ide.mcu.externaltools.gnu-tools-for-stm32.9-2020-q2-update.win32_1.5.0.202011040924/tools/bin/../lib/gcc/arm-none-eabi/9.3.1/thumb/v6-m/nofp\libgcc.a
LOAD c:/st/stm32cubeide_1.5.1/stm32cubeide/plugins/com.st.stm32cube.ide.mcu.externaltools.gnu-tools-for-stm32.9-2020-q2-update.win32_1.5.0.202011040924/tools/bin/../lib/gcc/arm-none-eabi/9.3.1/../../../../arm-none-eabi/lib/thumb/v6-m/nofp\libc_nano.a
LOAD c:/st/stm32cubeide_1.5.1/stm32cubeide/plugins/com.st.stm32cube.ide.mcu.externaltools.gnu-tools-for-stm32.9-2020-q2-update.win32_1.5.0.202011040924/tools/bin/../lib/gcc/arm-none-eabi/9.3.1/../../../../arm-none-eabi/lib/thumb/v6-m/nofp\libnosys.a
END GROUP
LOAD c:/st/stm32cubeide_1.5.1/stm32cubeide/plugins/com.st.stm32cube.ide.mcu.externaltools.gnu-tools-for-stm32.9-2020-q2-update.win32_1.5.0.202011040924/tools/bin/../lib/gcc/arm-none-eabi/9.3.1/thumb/v6-m/nofp/crtend.o
LOAD c:/st/stm32cubeide_1.5.1/stm32cubeide/plugins/com.st.stm32cube.ide.mcu.externaltools.gnu-tools-for-stm32.9-2020-q2-update.win32_1.5.0.202011040924/tools/bin/../lib/gcc/arm-none-eabi/9.3.1/thumb/v6-m/nofp/crtn.o
                0x0000000020002000                _estack = (ORIGIN (RAM) + LENGTH (RAM))
                0x0000000000000200                _Min_Heap_Size = 0x200
                0x0000000000000400                _Min_Stack_Size = 0x400

.isr_vector     0x0000000008000000       0xc0
                0x0000000008000000                . = ALIGN (0x4)
 *(.isr_vector)
 .isr_vector    0x0000000008000000       0xc0 Core/Startup/startup_stm32l052t8yx.o
                0x0000000008000000                g_pfnVectors
                0x00000000080000c0                . = ALIGN (0x4)

.text           0x00000000080000c0     0x6c4c
                0x00000000080000c0                . = ALIGN (0x4)
 *(.text)
 .text          0x00000000080000c0       0x48 c:/st/stm32cubeide_1.5.1/stm32cubeide/plugins/com.st.stm32cube.ide.mcu.externaltools.gnu-tools-for-stm32.9-2020-q2-update.win32_1.5.0.202011040924/tools/bin/../lib/gcc/arm-none-eabi/9.3.1/thumb/v6-m/nofp/crtbegin.o
 .text          0x0000000008000108      0x114 c:/st/stm32cubeide_1.5.1/stm32cubeide/plugins/com.st.stm32cube.ide.mcu.externaltools.gnu-tools-for-stm32.9-2020-q2-update.win32_1.5.0.202011040924/tools/bin/../lib/gcc/arm-none-eabi/9.3.1/thumb/v6-m/nofp\libgcc.a(_udivsi3.o)
                0x0000000008000108                __aeabi_uidiv
                0x0000000008000108                __udivsi3
                0x0000000008000214                __aeabi_uidivmod
 .text          0x000000000800021c        0x4 c:/st/stm32cubeide_1.5.1/stm32cubeide/plugins/com.st.stm32cube.ide.mcu.externaltools.gnu-tools-for-stm32.9-2020-q2-update.win32_1.5.0.202011040924/tools/bin/../lib/gcc/arm-none-eabi/9.3.1/thumb/v6-m/nofp\libgcc.a(_dvmd_tls.o)
                0x000000000800021c                __aeabi_idiv0
                0x000000000800021c                __aeabi_ldiv0
 .text          0x0000000008000220       0x40 c:/st/stm32cubeide_1.5.1/stm32cubeide/plugins/com.st.stm32cube.ide.mcu.externaltools.gnu-tools-for-stm32.9-2020-q2-update.win32_1.5.0.202011040924/tools/bin/../lib/gcc/arm-none-eabi/9.3.1/thumb/v6-m/nofp\libgcc.a(_aeabi_uldivmod.o)
                0x0000000008000220                __aeabi_uldivmod
 .text          0x0000000008000260       0x50 c:/st/stm32cubeide_1.5.1/stm32cubeide/plugins/com.st.stm32cube.ide.mcu.externaltools.gnu-tools-for-stm32.9-2020-q2-update.win32_1.5.0.202011040924/tools/bin/../lib/gcc/arm-none-eabi/9.3.1/thumb/v6-m/nofp\libgcc.a(_muldi3.o)
                0x0000000008000260                __muldi3
                0x0000000008000260                __aeabi_lmul
 .text          0x00000000080002b0      0x198 c:/st/stm32cubeide_1.5.1/stm32cubeide/plugins/com.st.stm32cube.ide.mcu.externaltools.gnu-tools-for-stm32.9-2020-q2-update.win32_1.5.0.202011040924/tools/bin/../lib/gcc/arm-none-eabi/9.3.1/thumb/v6-m/nofp\libgcc.a(_udivmoddi4.o)
                0x00000000080002b0                __udivmoddi4
 .text          0x0000000008000448       0x18 c:/st/stm32cubeide_1.5.1/stm32cubeide/plugins/com.st.stm32cube.ide.mcu.externaltools.gnu-tools-for-stm32.9-2020-q2-update.win32_1.5.0.202011040924/tools/bin/../lib/gcc/arm-none-eabi/9.3.1/thumb/v6-m/nofp\libgcc.a(_clzdi2.o)
                0x0000000008000448                __clzdi2
 .text          0x0000000008000460       0x3c c:/st/stm32cubeide_1.5.1/stm32cubeide/plugins/com.st.stm32cube.ide.mcu.externaltools.gnu-tools-for-stm32.9-2020-q2-update.win32_1.5.0.202011040924/tools/bin/../lib/gcc/arm-none-eabi/9.3.1/thumb/v6-m/nofp\libgcc.a(_clzsi2.o)
                0x0000000008000460                __clzsi2
 *(.text*)
 .text.MX_ADC_Init
                0x000000000800049c       0xe8 Core/Src/adc.o
                0x000000000800049c                MX_ADC_Init
 .text.HAL_ADC_MspInit
                0x0000000008000584       0x30 Core/Src/adc.o
                0x0000000008000584                HAL_ADC_MspInit
 .text.MX_GPIO_Init
                0x00000000080005b4      0x12c Core/Src/gpio.o
                0x00000000080005b4                MX_GPIO_Init
 .text.MX_I2C2_Init
                0x00000000080006e0       0x90 Core/Src/i2c.o
                0x00000000080006e0                MX_I2C2_Init
 .text.HAL_I2C_MspInit
                0x0000000008000770       0x9c Core/Src/i2c.o
                0x0000000008000770                HAL_I2C_MspInit
 .text.main     0x000000000800080c       0x44 Core/Src/main.o
                0x000000000800080c                main
 .text.SystemClock_Config
                0x0000000008000850       0xec Core/Src/main.o
                0x0000000008000850                SystemClock_Config
 .text.Error_Handler
                0x000000000800093c        0xa Core/Src/main.o
                0x000000000800093c                Error_Handler
 *fill*         0x0000000008000946        0x2 
 .text.MX_SPI1_Init
                0x0000000008000948       0x70 Core/Src/spi.o
                0x0000000008000948                MX_SPI1_Init
 .text.HAL_SPI_MspInit
                0x00000000080009b8       0x88 Core/Src/spi.o
                0x00000000080009b8                HAL_SPI_MspInit
 .text.HAL_MspInit
                0x0000000008000a40       0x28 Core/Src/stm32l0xx_hal_msp.o
                0x0000000008000a40                HAL_MspInit
 .text.NMI_Handler
                0x0000000008000a68        0x6 Core/Src/stm32l0xx_it.o
                0x0000000008000a68                NMI_Handler
 .text.HardFault_Handler
                0x0000000008000a6e        0x6 Core/Src/stm32l0xx_it.o
                0x0000000008000a6e                HardFault_Handler
 .text.SVC_Handler
                0x0000000008000a74        0xa Core/Src/stm32l0xx_it.o
                0x0000000008000a74                SVC_Handler
 .text.PendSV_Handler
                0x0000000008000a7e        0xa Core/Src/stm32l0xx_it.o
                0x0000000008000a7e                PendSV_Handler
 .text.SysTick_Handler
                0x0000000008000a88        0xe Core/Src/stm32l0xx_it.o
                0x0000000008000a88                SysTick_Handler
 *fill*         0x0000000008000a96        0x2 
 .text._sbrk    0x0000000008000a98       0x6c Core/Src/sysmem.o
                0x0000000008000a98                _sbrk
 .text.SystemInit
                0x0000000008000b04        0xa Core/Src/system_stm32l0xx.o
                0x0000000008000b04                SystemInit
 *fill*         0x0000000008000b0e        0x2 
 .text.MX_TIM6_Init
                0x0000000008000b10       0x78 Core/Src/tim.o
                0x0000000008000b10                MX_TIM6_Init
 .text.MX_TIM21_Init
                0x0000000008000b88       0xbc Core/Src/tim.o
                0x0000000008000b88                MX_TIM21_Init
 .text.MX_TIM22_Init
                0x0000000008000c44       0xb0 Core/Src/tim.o
                0x0000000008000c44                MX_TIM22_Init
 .text.HAL_TIM_Base_MspInit
                0x0000000008000cf4       0xbc Core/Src/tim.o
                0x0000000008000cf4                HAL_TIM_Base_MspInit
 .text.MX_USART2_UART_Init
                0x0000000008000db0       0x68 Core/Src/usart.o
                0x0000000008000db0                MX_USART2_UART_Init
 .text.HAL_UART_MspInit
                0x0000000008000e18       0x88 Core/Src/usart.o
                0x0000000008000e18                HAL_UART_MspInit
 .text.Reset_Handler
                0x0000000008000ea0       0x50 Core/Startup/startup_stm32l052t8yx.o
                0x0000000008000ea0                Reset_Handler
 .text.Default_Handler
                0x0000000008000ef0        0x2 Core/Startup/startup_stm32l052t8yx.o
                0x0000000008000ef0                TSC_IRQHandler
                0x0000000008000ef0                ADC1_COMP_IRQHandler
                0x0000000008000ef0                PVD_IRQHandler
                0x0000000008000ef0                I2C1_IRQHandler
                0x0000000008000ef0                RCC_CRS_IRQHandler
                0x0000000008000ef0                SPI1_IRQHandler
                0x0000000008000ef0                TIM6_DAC_IRQHandler
                0x0000000008000ef0                EXTI2_3_IRQHandler
                0x0000000008000ef0                RTC_IRQHandler
                0x0000000008000ef0                DMA1_Channel4_5_6_7_IRQHandler
                0x0000000008000ef0                EXTI4_15_IRQHandler
                0x0000000008000ef0                DMA1_Channel1_IRQHandler
                0x0000000008000ef0                Default_Handler
                0x0000000008000ef0                TIM22_IRQHandler
                0x0000000008000ef0                EXTI0_1_IRQHandler
                0x0000000008000ef0                USB_IRQHandler
                0x0000000008000ef0                SPI2_IRQHandler
                0x0000000008000ef0                TIM21_IRQHandler
                0x0000000008000ef0                WWDG_IRQHandler
                0x0000000008000ef0                TIM2_IRQHandler
                0x0000000008000ef0                DMA1_Channel2_3_IRQHandler
                0x0000000008000ef0                USART2_IRQHandler
                0x0000000008000ef0                FLASH_IRQHandler
                0x0000000008000ef0                USART1_IRQHandler
                0x0000000008000ef0                RNG_LPUART1_IRQHandler
                0x0000000008000ef0                LPTIM1_IRQHandler
 *fill*         0x0000000008000ef2        0x2 
 .text.HAL_Init
                0x0000000008000ef4       0x40 Drivers/STM32L0xx_HAL_Driver/Src/stm32l0xx_hal.o
                0x0000000008000ef4                HAL_Init
 .text.HAL_InitTick
                0x0000000008000f34       0x68 Drivers/STM32L0xx_HAL_Driver/Src/stm32l0xx_hal.o
                0x0000000008000f34                HAL_InitTick
 .text.HAL_IncTick
                0x0000000008000f9c       0x24 Drivers/STM32L0xx_HAL_Driver/Src/stm32l0xx_hal.o
                0x0000000008000f9c                HAL_IncTick
 .text.HAL_GetTick
                0x0000000008000fc0       0x14 Drivers/STM32L0xx_HAL_Driver/Src/stm32l0xx_hal.o
                0x0000000008000fc0                HAL_GetTick
 .text.HAL_Delay
                0x0000000008000fd4       0x48 Drivers/STM32L0xx_HAL_Driver/Src/stm32l0xx_hal.o
                0x0000000008000fd4                HAL_Delay
 .text.HAL_ADC_Init
                0x000000000800101c      0x2e8 Drivers/STM32L0xx_HAL_Driver/Src/stm32l0xx_hal_adc.o
                0x000000000800101c                HAL_ADC_Init
 .text.HAL_ADC_ConfigChannel
                0x0000000008001304      0x10c Drivers/STM32L0xx_HAL_Driver/Src/stm32l0xx_hal_adc.o
                0x0000000008001304                HAL_ADC_ConfigChannel
 .text.ADC_DelayMicroSecond
                0x0000000008001410       0x40 Drivers/STM32L0xx_HAL_Driver/Src/stm32l0xx_hal_adc.o
 .text.__NVIC_EnableIRQ
                0x0000000008001450       0x34 Drivers/STM32L0xx_HAL_Driver/Src/stm32l0xx_hal_cortex.o
 .text.__NVIC_SetPriority
                0x0000000008001484       0xdc Drivers/STM32L0xx_HAL_Driver/Src/stm32l0xx_hal_cortex.o
 .text.SysTick_Config
                0x0000000008001560       0x48 Drivers/STM32L0xx_HAL_Driver/Src/stm32l0xx_hal_cortex.o
 .text.HAL_NVIC_SetPriority
                0x00000000080015a8       0x2a Drivers/STM32L0xx_HAL_Driver/Src/stm32l0xx_hal_cortex.o
                0x00000000080015a8                HAL_NVIC_SetPriority
 .text.HAL_NVIC_EnableIRQ
                0x00000000080015d2       0x20 Drivers/STM32L0xx_HAL_Driver/Src/stm32l0xx_hal_cortex.o
                0x00000000080015d2                HAL_NVIC_EnableIRQ
 .text.HAL_SYSTICK_Config
                0x00000000080015f2       0x1a Drivers/STM32L0xx_HAL_Driver/Src/stm32l0xx_hal_cortex.o
                0x00000000080015f2                HAL_SYSTICK_Config
 .text.HAL_DMA_Abort_IT
                0x000000000800160c       0x8e Drivers/STM32L0xx_HAL_Driver/Src/stm32l0xx_hal_dma.o
                0x000000000800160c                HAL_DMA_Abort_IT
 .text.HAL_DMA_GetState
                0x000000000800169a       0x18 Drivers/STM32L0xx_HAL_Driver/Src/stm32l0xx_hal_dma.o
                0x000000000800169a                HAL_DMA_GetState
 *fill*         0x00000000080016b2        0x2 
 .text.FLASH_WaitForLastOperation
                0x00000000080016b4       0xe4 Drivers/STM32L0xx_HAL_Driver/Src/stm32l0xx_hal_flash.o
                0x00000000080016b4                FLASH_WaitForLastOperation
 .text.FLASH_SetErrorCode
                0x0000000008001798      0x138 Drivers/STM32L0xx_HAL_Driver/Src/stm32l0xx_hal_flash.o
 .text.HAL_FLASHEx_DATAEEPROM_Unlock
                0x00000000080018d0       0x5c Drivers/STM32L0xx_HAL_Driver/Src/stm32l0xx_hal_flash_ex.o
                0x00000000080018d0                HAL_FLASHEx_DATAEEPROM_Unlock
 .text.HAL_FLASHEx_DATAEEPROM_Lock
                0x000000000800192c       0x1c Drivers/STM32L0xx_HAL_Driver/Src/stm32l0xx_hal_flash_ex.o
                0x000000000800192c                HAL_FLASHEx_DATAEEPROM_Lock
 .text.HAL_FLASHEx_DATAEEPROM_Program
                0x0000000008001948       0xb0 Drivers/STM32L0xx_HAL_Driver/Src/stm32l0xx_hal_flash_ex.o
                0x0000000008001948                HAL_FLASHEx_DATAEEPROM_Program
 .text.HAL_GPIO_Init
                0x00000000080019f8      0x2ec Drivers/STM32L0xx_HAL_Driver/Src/stm32l0xx_hal_gpio.o
                0x00000000080019f8                HAL_GPIO_Init
 .text.HAL_GPIO_WritePin
                0x0000000008001ce4       0x3a Drivers/STM32L0xx_HAL_Driver/Src/stm32l0xx_hal_gpio.o
                0x0000000008001ce4                HAL_GPIO_WritePin
 *fill*         0x0000000008001d1e        0x2 
 .text.HAL_I2C_Init
                0x0000000008001d20      0x12c Drivers/STM32L0xx_HAL_Driver/Src/stm32l0xx_hal_i2c.o
                0x0000000008001d20                HAL_I2C_Init
 .text.HAL_I2C_Slave_Receive_IT
                0x0000000008001e4c       0xac Drivers/STM32L0xx_HAL_Driver/Src/stm32l0xx_hal_i2c.o
                0x0000000008001e4c                HAL_I2C_Slave_Receive_IT
 .text.HAL_I2C_MasterTxCpltCallback
                0x0000000008001ef8       0x10 Drivers/STM32L0xx_HAL_Driver/Src/stm32l0xx_hal_i2c.o
                0x0000000008001ef8                HAL_I2C_MasterTxCpltCallback
 .text.HAL_I2C_MasterRxCpltCallback
                0x0000000008001f08       0x10 Drivers/STM32L0xx_HAL_Driver/Src/stm32l0xx_hal_i2c.o
                0x0000000008001f08                HAL_I2C_MasterRxCpltCallback
 .text.HAL_I2C_SlaveTxCpltCallback
                0x0000000008001f18       0x10 Drivers/STM32L0xx_HAL_Driver/Src/stm32l0xx_hal_i2c.o
                0x0000000008001f18                HAL_I2C_SlaveTxCpltCallback
 .text.HAL_I2C_SlaveRxCpltCallback
                0x0000000008001f28       0x10 Drivers/STM32L0xx_HAL_Driver/Src/stm32l0xx_hal_i2c.o
                0x0000000008001f28                HAL_I2C_SlaveRxCpltCallback
 .text.HAL_I2C_AddrCallback
                0x0000000008001f38       0x20 Drivers/STM32L0xx_HAL_Driver/Src/stm32l0xx_hal_i2c.o
                0x0000000008001f38                HAL_I2C_AddrCallback
 .text.HAL_I2C_ListenCpltCallback
                0x0000000008001f58       0x10 Drivers/STM32L0xx_HAL_Driver/Src/stm32l0xx_hal_i2c.o
                0x0000000008001f58                HAL_I2C_ListenCpltCallback
 .text.HAL_I2C_MemTxCpltCallback
                0x0000000008001f68       0x10 Drivers/STM32L0xx_HAL_Driver/Src/stm32l0xx_hal_i2c.o
                0x0000000008001f68                HAL_I2C_MemTxCpltCallback
 .text.HAL_I2C_MemRxCpltCallback
                0x0000000008001f78       0x10 Drivers/STM32L0xx_HAL_Driver/Src/stm32l0xx_hal_i2c.o
                0x0000000008001f78                HAL_I2C_MemRxCpltCallback
 .text.HAL_I2C_ErrorCallback
                0x0000000008001f88       0x10 Drivers/STM32L0xx_HAL_Driver/Src/stm32l0xx_hal_i2c.o
                0x0000000008001f88                HAL_I2C_ErrorCallback
 .text.HAL_I2C_AbortCpltCallback
                0x0000000008001f98       0x10 Drivers/STM32L0xx_HAL_Driver/Src/stm32l0xx_hal_i2c.o
                0x0000000008001f98                HAL_I2C_AbortCpltCallback
 .text.I2C_Slave_ISR_IT
                0x0000000008001fa8      0x228 Drivers/STM32L0xx_HAL_Driver/Src/stm32l0xx_hal_i2c.o
 .text.I2C_Master_ISR_DMA
                0x00000000080021d0      0x218 Drivers/STM32L0xx_HAL_Driver/Src/stm32l0xx_hal_i2c.o
 .text.I2C_Slave_ISR_DMA
                0x00000000080023e8      0x1ec Drivers/STM32L0xx_HAL_Driver/Src/stm32l0xx_hal_i2c.o
 .text.I2C_ITAddrCplt
                0x00000000080025d4      0x148 Drivers/STM32L0xx_HAL_Driver/Src/stm32l0xx_hal_i2c.o
 .text.I2C_ITMasterSeqCplt
                0x000000000800271c       0x82 Drivers/STM32L0xx_HAL_Driver/Src/stm32l0xx_hal_i2c.o
 *fill*         0x000000000800279e        0x2 
 .text.I2C_ITSlaveSeqCplt
                0x00000000080027a0       0xcc Drivers/STM32L0xx_HAL_Driver/Src/stm32l0xx_hal_i2c.o
 .text.I2C_ITMasterCplt
                0x000000000800286c      0x1a4 Drivers/STM32L0xx_HAL_Driver/Src/stm32l0xx_hal_i2c.o
 .text.I2C_ITSlaveCplt
                0x0000000008002a10      0x248 Drivers/STM32L0xx_HAL_Driver/Src/stm32l0xx_hal_i2c.o
 .text.I2C_ITListenCplt
                0x0000000008002c58       0xb4 Drivers/STM32L0xx_HAL_Driver/Src/stm32l0xx_hal_i2c.o
 .text.I2C_ITError
                0x0000000008002d0c      0x1c4 Drivers/STM32L0xx_HAL_Driver/Src/stm32l0xx_hal_i2c.o
 .text.I2C_TreatErrorCallback
                0x0000000008002ed0       0x52 Drivers/STM32L0xx_HAL_Driver/Src/stm32l0xx_hal_i2c.o
 .text.I2C_Flush_TXDR
                0x0000000008002f22       0x44 Drivers/STM32L0xx_HAL_Driver/Src/stm32l0xx_hal_i2c.o
 .text.I2C_DMAAbort
                0x0000000008002f66       0x3e Drivers/STM32L0xx_HAL_Driver/Src/stm32l0xx_hal_i2c.o
 .text.I2C_TransferConfig
                0x0000000008002fa4       0x6c Drivers/STM32L0xx_HAL_Driver/Src/stm32l0xx_hal_i2c.o
 .text.I2C_Enable_IRQ
                0x0000000008003010       0xd0 Drivers/STM32L0xx_HAL_Driver/Src/stm32l0xx_hal_i2c.o
 .text.I2C_Disable_IRQ
                0x00000000080030e0       0xc6 Drivers/STM32L0xx_HAL_Driver/Src/stm32l0xx_hal_i2c.o
 *fill*         0x00000000080031a6        0x2 
 .text.HAL_I2CEx_ConfigAnalogFilter
                0x00000000080031a8       0x98 Drivers/STM32L0xx_HAL_Driver/Src/stm32l0xx_hal_i2c_ex.o
                0x00000000080031a8                HAL_I2CEx_ConfigAnalogFilter
 .text.HAL_I2CEx_ConfigDigitalFilter
                0x0000000008003240       0x98 Drivers/STM32L0xx_HAL_Driver/Src/stm32l0xx_hal_i2c_ex.o
                0x0000000008003240                HAL_I2CEx_ConfigDigitalFilter
 .text.HAL_I2CEx_EnableFastModePlus
                0x00000000080032d8       0x30 Drivers/STM32L0xx_HAL_Driver/Src/stm32l0xx_hal_i2c_ex.o
                0x00000000080032d8                HAL_I2CEx_EnableFastModePlus
 .text.HAL_RCC_OscConfig
                0x0000000008003308      0x788 Drivers/STM32L0xx_HAL_Driver/Src/stm32l0xx_hal_rcc.o
                0x0000000008003308                HAL_RCC_OscConfig
 .text.HAL_RCC_ClockConfig
                0x0000000008003a90      0x290 Drivers/STM32L0xx_HAL_Driver/Src/stm32l0xx_hal_rcc.o
                0x0000000008003a90                HAL_RCC_ClockConfig
 .text.HAL_RCC_GetSysClockFreq
                0x0000000008003d20      0x14c Drivers/STM32L0xx_HAL_Driver/Src/stm32l0xx_hal_rcc.o
                0x0000000008003d20                HAL_RCC_GetSysClockFreq
 .text.HAL_RCC_GetHCLKFreq
                0x0000000008003e6c       0x14 Drivers/STM32L0xx_HAL_Driver/Src/stm32l0xx_hal_rcc.o
                0x0000000008003e6c                HAL_RCC_GetHCLKFreq
 .text.HAL_RCC_GetPCLK1Freq
                0x0000000008003e80       0x2c Drivers/STM32L0xx_HAL_Driver/Src/stm32l0xx_hal_rcc.o
                0x0000000008003e80                HAL_RCC_GetPCLK1Freq
 .text.HAL_RCC_GetPCLK2Freq
                0x0000000008003eac       0x2c Drivers/STM32L0xx_HAL_Driver/Src/stm32l0xx_hal_rcc.o
                0x0000000008003eac                HAL_RCC_GetPCLK2Freq
 .text.HAL_RCCEx_PeriphCLKConfig
                0x0000000008003ed8      0x28c Drivers/STM32L0xx_HAL_Driver/Src/stm32l0xx_hal_rcc_ex.o
                0x0000000008003ed8                HAL_RCCEx_PeriphCLKConfig
 .text.HAL_SPI_Init
                0x0000000008004164      0x128 Drivers/STM32L0xx_HAL_Driver/Src/stm32l0xx_hal_spi.o
                0x0000000008004164                HAL_SPI_Init
 .text.HAL_SPI_Transmit
                0x000000000800428c      0x2ac Drivers/STM32L0xx_HAL_Driver/Src/stm32l0xx_hal_spi.o
                0x000000000800428c                HAL_SPI_Transmit
 .text.HAL_SPI_TransmitReceive
                0x0000000008004538      0x376 Drivers/STM32L0xx_HAL_Driver/Src/stm32l0xx_hal_spi.o
                0x0000000008004538                HAL_SPI_TransmitReceive
 *fill*         0x00000000080048ae        0x2 
 .text.SPI_WaitFlagStateUntilTimeout
                0x00000000080048b0      0x11c Drivers/STM32L0xx_HAL_Driver/Src/stm32l0xx_hal_spi.o
 .text.SPI_EndRxTxTransaction
                0x00000000080049cc       0x8c Drivers/STM32L0xx_HAL_Driver/Src/stm32l0xx_hal_spi.o
 .text.HAL_TIM_Base_Init
                0x0000000008004a58       0x80 Drivers/STM32L0xx_HAL_Driver/Src/stm32l0xx_hal_tim.o
                0x0000000008004a58                HAL_TIM_Base_Init
 .text.HAL_TIM_Base_Start_IT
                0x0000000008004ad8       0x98 Drivers/STM32L0xx_HAL_Driver/Src/stm32l0xx_hal_tim.o
                0x0000000008004ad8                HAL_TIM_Base_Start_IT
 .text.HAL_TIM_ConfigClockSource
                0x0000000008004b70      0x194 Drivers/STM32L0xx_HAL_Driver/Src/stm32l0xx_hal_tim.o
                0x0000000008004b70                HAL_TIM_ConfigClockSource
 .text.TIM_Base_SetConfig
                0x0000000008004d04       0xa8 Drivers/STM32L0xx_HAL_Driver/Src/stm32l0xx_hal_tim.o
 .text.TIM_TI1_ConfigInputStage
                0x0000000008004dac       0x5c Drivers/STM32L0xx_HAL_Driver/Src/stm32l0xx_hal_tim.o
 .text.TIM_TI2_ConfigInputStage
                0x0000000008004e08       0x64 Drivers/STM32L0xx_HAL_Driver/Src/stm32l0xx_hal_tim.o
 .text.TIM_ITRx_SetConfig
                0x0000000008004e6c       0x32 Drivers/STM32L0xx_HAL_Driver/Src/stm32l0xx_hal_tim.o
 *fill*         0x0000000008004e9e        0x2 
 .text.TIM_ETR_SetConfig
                0x0000000008004ea0       0x40 Drivers/STM32L0xx_HAL_Driver/Src/stm32l0xx_hal_tim.o
 .text.HAL_TIMEx_MasterConfigSynchronization
                0x0000000008004ee0       0xb0 Drivers/STM32L0xx_HAL_Driver/Src/stm32l0xx_hal_tim_ex.o
                0x0000000008004ee0                HAL_TIMEx_MasterConfigSynchronization
 .text.HAL_HalfDuplex_Init
                0x0000000008004f90       0xb8 Drivers/STM32L0xx_HAL_Driver/Src/stm32l0xx_hal_uart.o
                0x0000000008004f90                HAL_HalfDuplex_Init
 .text.UART_SetConfig
                0x0000000008005048      0x540 Drivers/STM32L0xx_HAL_Driver/Src/stm32l0xx_hal_uart.o
                0x0000000008005048                UART_SetConfig
 .text.UART_AdvFeatureConfig
                0x0000000008005588      0x168 Drivers/STM32L0xx_HAL_Driver/Src/stm32l0xx_hal_uart.o
                0x0000000008005588                UART_AdvFeatureConfig
 .text.UART_CheckIdleState
                0x00000000080056f0       0x90 Drivers/STM32L0xx_HAL_Driver/Src/stm32l0xx_hal_uart.o
                0x00000000080056f0                UART_CheckIdleState
 .text.UART_WaitOnFlagUntilTimeout
                0x0000000008005780       0xfc Drivers/STM32L0xx_HAL_Driver/Src/stm32l0xx_hal_uart.o
                0x0000000008005780                UART_WaitOnFlagUntilTimeout
 .text.internal_bus_create
                0x000000000800587c      0x2d6 Mantarray/Src/Bus.o
                0x000000000800587c                internal_bus_create
 .text.internal_bus_write_data_frame
                0x0000000008005b52       0x90 Mantarray/Src/Bus.o
                0x0000000008005b52                internal_bus_write_data_frame
 .text.internal_bus_utilize
                0x0000000008005be2       0x90 Mantarray/Src/Bus.o
                0x0000000008005be2                internal_bus_utilize
 .text.internal_bus_release
                0x0000000008005c72       0x7c Mantarray/Src/Bus.o
                0x0000000008005c72                internal_bus_release
 *fill*         0x0000000008005cee        0x2 
 .text.EEPROM_save
                0x0000000008005cf0       0x70 Mantarray/Src/EEPROM.o
                0x0000000008005cf0                EEPROM_save
 .text.EEPROM_load
                0x0000000008005d60       0x4c Mantarray/Src/EEPROM.o
                0x0000000008005d60                EEPROM_load
 .text.global_timer_create
                0x0000000008005dac       0x32 Mantarray/Src/GlobalTimer.o
                0x0000000008005dac                global_timer_create
 .text.magnetometer_create
                0x0000000008005dde      0x2ca Mantarray/Src/Magnetometer.o
                0x0000000008005dde                magnetometer_create
 .text.magnetometer_read
                0x00000000080060a8       0x88 Mantarray/Src/Magnetometer.o
                0x00000000080060a8                magnetometer_read
 .text.I2C_interface_create
                0x0000000008006130       0x90 Mantarray/Src/i2c_network_interface.o
                0x0000000008006130                I2C_interface_create
 .text.I2C2_IRQHandler
                0x00000000080061c0       0xd8 Mantarray/Src/i2c_network_interface.o
                0x00000000080061c0                I2C2_IRQHandler
 .text.LIS3MDL_create
                0x0000000008006298       0xd4 Mantarray/Src/lis3mdl_driver.o
                0x0000000008006298                LIS3MDL_create
 .text.LIS3MDL_register_read
                0x000000000800636c       0x76 Mantarray/Src/lis3mdl_driver.o
                0x000000000800636c                LIS3MDL_register_read
 .text.LIS3MDL_register_write
                0x00000000080063e2       0x60 Mantarray/Src/lis3mdl_driver.o
                0x00000000080063e2                LIS3MDL_register_write
 .text.LIS3MDL_read_XYZ
                0x0000000008006442       0x14 Mantarray/Src/lis3mdl_driver.o
                0x0000000008006442                LIS3MDL_read_XYZ
 .text.MMC5983_create
                0x0000000008006456       0xda Mantarray/Src/mmc5983_driver.o
                0x0000000008006456                MMC5983_create
 .text.MMC5983_register_read
                0x0000000008006530       0x76 Mantarray/Src/mmc5983_driver.o
                0x0000000008006530                MMC5983_register_read
 .text.MMC5983_register_write
                0x00000000080065a6       0x60 Mantarray/Src/mmc5983_driver.o
                0x00000000080065a6                MMC5983_register_write
 .text.MMC5983_read_XYZ
                0x0000000008006606       0xa0 Mantarray/Src/mmc5983_driver.o
                0x0000000008006606                MMC5983_read_XYZ
 .text.MMC5983_get_status
                0x00000000080066a6       0x1e Mantarray/Src/mmc5983_driver.o
                0x00000000080066a6                MMC5983_get_status
 .text.module_system_init
                0x00000000080066c4      0x13c Mantarray/Src/system.o
                0x00000000080066c4                module_system_init
 .text.state_machine
                0x0000000008006800      0x364 Mantarray/Src/system.o
                0x0000000008006800                state_machine
 .text.__errno  0x0000000008006b64        0xc c:/st/stm32cubeide_1.5.1/stm32cubeide/plugins/com.st.stm32cube.ide.mcu.externaltools.gnu-tools-for-stm32.9-2020-q2-update.win32_1.5.0.202011040924/tools/bin/../lib/gcc/arm-none-eabi/9.3.1/../../../../arm-none-eabi/lib/thumb/v6-m/nofp\libc_nano.a(lib_a-errno.o)
                0x0000000008006b64                __errno
 .text.__libc_init_array
                0x0000000008006b70       0x48 c:/st/stm32cubeide_1.5.1/stm32cubeide/plugins/com.st.stm32cube.ide.mcu.externaltools.gnu-tools-for-stm32.9-2020-q2-update.win32_1.5.0.202011040924/tools/bin/../lib/gcc/arm-none-eabi/9.3.1/../../../../arm-none-eabi/lib/thumb/v6-m/nofp\libc_nano.a(lib_a-init.o)
                0x0000000008006b70                __libc_init_array
 .text.malloc   0x0000000008006bb8       0x14 c:/st/stm32cubeide_1.5.1/stm32cubeide/plugins/com.st.stm32cube.ide.mcu.externaltools.gnu-tools-for-stm32.9-2020-q2-update.win32_1.5.0.202011040924/tools/bin/../lib/gcc/arm-none-eabi/9.3.1/../../../../arm-none-eabi/lib/thumb/v6-m/nofp\libc_nano.a(lib_a-malloc.o)
                0x0000000008006bb8                malloc
 .text.memcpy   0x0000000008006bcc       0x12 c:/st/stm32cubeide_1.5.1/stm32cubeide/plugins/com.st.stm32cube.ide.mcu.externaltools.gnu-tools-for-stm32.9-2020-q2-update.win32_1.5.0.202011040924/tools/bin/../lib/gcc/arm-none-eabi/9.3.1/../../../../arm-none-eabi/lib/thumb/v6-m/nofp\libc_nano.a(lib_a-memcpy-stub.o)
                0x0000000008006bcc                memcpy
 .text.memset   0x0000000008006bde       0x10 c:/st/stm32cubeide_1.5.1/stm32cubeide/plugins/com.st.stm32cube.ide.mcu.externaltools.gnu-tools-for-stm32.9-2020-q2-update.win32_1.5.0.202011040924/tools/bin/../lib/gcc/arm-none-eabi/9.3.1/../../../../arm-none-eabi/lib/thumb/v6-m/nofp\libc_nano.a(lib_a-memset.o)
                0x0000000008006bde                memset
 *fill*         0x0000000008006bee        0x2 
 .text._malloc_r
                0x0000000008006bf0       0xbc c:/st/stm32cubeide_1.5.1/stm32cubeide/plugins/com.st.stm32cube.ide.mcu.externaltools.gnu-tools-for-stm32.9-2020-q2-update.win32_1.5.0.202011040924/tools/bin/../lib/gcc/arm-none-eabi/9.3.1/../../../../arm-none-eabi/lib/thumb/v6-m/nofp\libc_nano.a(lib_a-nano-mallocr.o)
                0x0000000008006bf0                _malloc_r
 .text._sbrk_r  0x0000000008006cac       0x24 c:/st/stm32cubeide_1.5.1/stm32cubeide/plugins/com.st.stm32cube.ide.mcu.externaltools.gnu-tools-for-stm32.9-2020-q2-update.win32_1.5.0.202011040924/tools/bin/../lib/gcc/arm-none-eabi/9.3.1/../../../../arm-none-eabi/lib/thumb/v6-m/nofp\libc_nano.a(lib_a-sbrkr.o)
                0x0000000008006cac                _sbrk_r
 .text.__malloc_lock
                0x0000000008006cd0       0x10 c:/st/stm32cubeide_1.5.1/stm32cubeide/plugins/com.st.stm32cube.ide.mcu.externaltools.gnu-tools-for-stm32.9-2020-q2-update.win32_1.5.0.202011040924/tools/bin/../lib/gcc/arm-none-eabi/9.3.1/../../../../arm-none-eabi/lib/thumb/v6-m/nofp\libc_nano.a(lib_a-mlock.o)
                0x0000000008006cd0                __malloc_lock
 .text.__malloc_unlock
                0x0000000008006ce0       0x10 c:/st/stm32cubeide_1.5.1/stm32cubeide/plugins/com.st.stm32cube.ide.mcu.externaltools.gnu-tools-for-stm32.9-2020-q2-update.win32_1.5.0.202011040924/tools/bin/../lib/gcc/arm-none-eabi/9.3.1/../../../../arm-none-eabi/lib/thumb/v6-m/nofp\libc_nano.a(lib_a-mlock.o)
                0x0000000008006ce0                __malloc_unlock
 .text.__retarget_lock_acquire_recursive
                0x0000000008006cf0        0x2 c:/st/stm32cubeide_1.5.1/stm32cubeide/plugins/com.st.stm32cube.ide.mcu.externaltools.gnu-tools-for-stm32.9-2020-q2-update.win32_1.5.0.202011040924/tools/bin/../lib/gcc/arm-none-eabi/9.3.1/../../../../arm-none-eabi/lib/thumb/v6-m/nofp\libc_nano.a(lib_a-lock.o)
                0x0000000008006cf0                __retarget_lock_acquire_recursive
 .text.__retarget_lock_release_recursive
                0x0000000008006cf2        0x2 c:/st/stm32cubeide_1.5.1/stm32cubeide/plugins/com.st.stm32cube.ide.mcu.externaltools.gnu-tools-for-stm32.9-2020-q2-update.win32_1.5.0.202011040924/tools/bin/../lib/gcc/arm-none-eabi/9.3.1/../../../../arm-none-eabi/lib/thumb/v6-m/nofp\libc_nano.a(lib_a-lock.o)
                0x0000000008006cf2                __retarget_lock_release_recursive
 *(.glue_7)
 .glue_7        0x0000000008006cf4        0x0 linker stubs
 *(.glue_7t)
 .glue_7t       0x0000000008006cf4        0x0 linker stubs
 *(.eh_frame)
 .eh_frame      0x0000000008006cf4        0x0 c:/st/stm32cubeide_1.5.1/stm32cubeide/plugins/com.st.stm32cube.ide.mcu.externaltools.gnu-tools-for-stm32.9-2020-q2-update.win32_1.5.0.202011040924/tools/bin/../lib/gcc/arm-none-eabi/9.3.1/thumb/v6-m/nofp/crtbegin.o
 *(.init)
 .init          0x0000000008006cf4        0x4 c:/st/stm32cubeide_1.5.1/stm32cubeide/plugins/com.st.stm32cube.ide.mcu.externaltools.gnu-tools-for-stm32.9-2020-q2-update.win32_1.5.0.202011040924/tools/bin/../lib/gcc/arm-none-eabi/9.3.1/thumb/v6-m/nofp/crti.o
                0x0000000008006cf4                _init
 .init          0x0000000008006cf8        0x8 c:/st/stm32cubeide_1.5.1/stm32cubeide/plugins/com.st.stm32cube.ide.mcu.externaltools.gnu-tools-for-stm32.9-2020-q2-update.win32_1.5.0.202011040924/tools/bin/../lib/gcc/arm-none-eabi/9.3.1/thumb/v6-m/nofp/crtn.o
 *(.fini)
 .fini          0x0000000008006d00        0x4 c:/st/stm32cubeide_1.5.1/stm32cubeide/plugins/com.st.stm32cube.ide.mcu.externaltools.gnu-tools-for-stm32.9-2020-q2-update.win32_1.5.0.202011040924/tools/bin/../lib/gcc/arm-none-eabi/9.3.1/thumb/v6-m/nofp/crti.o
                0x0000000008006d00                _fini
 .fini          0x0000000008006d04        0x8 c:/st/stm32cubeide_1.5.1/stm32cubeide/plugins/com.st.stm32cube.ide.mcu.externaltools.gnu-tools-for-stm32.9-2020-q2-update.win32_1.5.0.202011040924/tools/bin/../lib/gcc/arm-none-eabi/9.3.1/thumb/v6-m/nofp/crtn.o
                0x0000000008006d0c                . = ALIGN (0x4)
                0x0000000008006d0c                _etext = .

.vfp11_veneer   0x0000000008006d0c        0x0
 .vfp11_veneer  0x0000000008006d0c        0x0 linker stubs

.v4_bx          0x0000000008006d0c        0x0
 .v4_bx         0x0000000008006d0c        0x0 linker stubs

.iplt           0x0000000008006d0c        0x0
 .iplt          0x0000000008006d0c        0x0 c:/st/stm32cubeide_1.5.1/stm32cubeide/plugins/com.st.stm32cube.ide.mcu.externaltools.gnu-tools-for-stm32.9-2020-q2-update.win32_1.5.0.202011040924/tools/bin/../lib/gcc/arm-none-eabi/9.3.1/thumb/v6-m/nofp/crtbegin.o

.rodata         0x0000000008006d0c       0xc4
                0x0000000008006d0c                . = ALIGN (0x4)
 *(.rodata)
 *(.rodata*)
 .rodata.AHBPrescTable
                0x0000000008006d0c       0x10 Core/Src/system_stm32l0xx.o
                0x0000000008006d0c                AHBPrescTable
 .rodata.APBPrescTable
                0x0000000008006d1c        0x8 Core/Src/system_stm32l0xx.o
                0x0000000008006d1c                APBPrescTable
 .rodata.PLLMulTable
                0x0000000008006d24        0x9 Core/Src/system_stm32l0xx.o
                0x0000000008006d24                PLLMulTable
 *fill*         0x0000000008006d2d        0x3 
 .rodata.UART_SetConfig
                0x0000000008006d30       0x48 Drivers/STM32L0xx_HAL_Driver/Src/stm32l0xx_hal_uart.o
 .rodata.state_machine
                0x0000000008006d78       0x58 Mantarray/Src/system.o
                0x0000000008006dd0                . = ALIGN (0x4)

.ARM.extab      0x0000000008006dd0        0x0
                0x0000000008006dd0                . = ALIGN (0x4)
 *(.ARM.extab* .gnu.linkonce.armextab.*)
                0x0000000008006dd0                . = ALIGN (0x4)

.ARM            0x0000000008006dd0        0x8
                0x0000000008006dd0                . = ALIGN (0x4)
                0x0000000008006dd0                __exidx_start = .
 *(.ARM.exidx*)
 .ARM.exidx     0x0000000008006dd0        0x8 c:/st/stm32cubeide_1.5.1/stm32cubeide/plugins/com.st.stm32cube.ide.mcu.externaltools.gnu-tools-for-stm32.9-2020-q2-update.win32_1.5.0.202011040924/tools/bin/../lib/gcc/arm-none-eabi/9.3.1/thumb/v6-m/nofp\libgcc.a(_udivmoddi4.o)
                0x0000000008006dd8                __exidx_end = .
                0x0000000008006dd8                . = ALIGN (0x4)

.rel.dyn        0x0000000008006dd8        0x0
 .rel.iplt      0x0000000008006dd8        0x0 c:/st/stm32cubeide_1.5.1/stm32cubeide/plugins/com.st.stm32cube.ide.mcu.externaltools.gnu-tools-for-stm32.9-2020-q2-update.win32_1.5.0.202011040924/tools/bin/../lib/gcc/arm-none-eabi/9.3.1/thumb/v6-m/nofp/crtbegin.o

.preinit_array  0x0000000008006dd8        0x0
                0x0000000008006dd8                . = ALIGN (0x4)
                0x0000000008006dd8                PROVIDE (__preinit_array_start = .)
 *(.preinit_array*)
                0x0000000008006dd8                PROVIDE (__preinit_array_end = .)
                0x0000000008006dd8                . = ALIGN (0x4)

.init_array     0x0000000008006dd8        0x4
                0x0000000008006dd8                . = ALIGN (0x4)
                0x0000000008006dd8                PROVIDE (__init_array_start = .)
 *(SORT_BY_NAME(.init_array.*))
 *(.init_array*)
 .init_array    0x0000000008006dd8        0x4 c:/st/stm32cubeide_1.5.1/stm32cubeide/plugins/com.st.stm32cube.ide.mcu.externaltools.gnu-tools-for-stm32.9-2020-q2-update.win32_1.5.0.202011040924/tools/bin/../lib/gcc/arm-none-eabi/9.3.1/thumb/v6-m/nofp/crtbegin.o
                0x0000000008006ddc                PROVIDE (__init_array_end = .)
                0x0000000008006ddc                . = ALIGN (0x4)

.fini_array     0x0000000008006ddc        0x4
                0x0000000008006ddc                . = ALIGN (0x4)
                [!provide]                        PROVIDE (__fini_array_start = .)
 *(SORT_BY_NAME(.fini_array.*))
 *(.fini_array*)
 .fini_array    0x0000000008006ddc        0x4 c:/st/stm32cubeide_1.5.1/stm32cubeide/plugins/com.st.stm32cube.ide.mcu.externaltools.gnu-tools-for-stm32.9-2020-q2-update.win32_1.5.0.202011040924/tools/bin/../lib/gcc/arm-none-eabi/9.3.1/thumb/v6-m/nofp/crtbegin.o
                [!provide]                        PROVIDE (__fini_array_end = .)
                0x0000000008006de0                . = ALIGN (0x4)
                0x0000000008006de0                _sidata = LOADADDR (.data)

.data           0x0000000020000000       0x70 load address 0x0000000008006de0
                0x0000000020000000                . = ALIGN (0x4)
                0x0000000020000000                _sdata = .
 *(.data)
 *(.data*)
 .data.SystemCoreClock
                0x0000000020000000        0x4 Core/Src/system_stm32l0xx.o
                0x0000000020000000                SystemCoreClock
 .data.uwTickPrio
                0x0000000020000004        0x4 Drivers/STM32L0xx_HAL_Driver/Src/stm32l0xx_hal.o
                0x0000000020000004                uwTickPrio
 .data.uwTickFreq
                0x0000000020000008        0x1 Drivers/STM32L0xx_HAL_Driver/Src/stm32l0xx_hal.o
                0x0000000020000008                uwTickFreq
 *fill*         0x0000000020000009        0x3 
 .data._impure_ptr
                0x000000002000000c        0x4 c:/st/stm32cubeide_1.5.1/stm32cubeide/plugins/com.st.stm32cube.ide.mcu.externaltools.gnu-tools-for-stm32.9-2020-q2-update.win32_1.5.0.202011040924/tools/bin/../lib/gcc/arm-none-eabi/9.3.1/../../../../arm-none-eabi/lib/thumb/v6-m/nofp\libc_nano.a(lib_a-impure.o)
                0x000000002000000c                _impure_ptr
 .data.impure_data
                0x0000000020000010       0x60 c:/st/stm32cubeide_1.5.1/stm32cubeide/plugins/com.st.stm32cube.ide.mcu.externaltools.gnu-tools-for-stm32.9-2020-q2-update.win32_1.5.0.202011040924/tools/bin/../lib/gcc/arm-none-eabi/9.3.1/../../../../arm-none-eabi/lib/thumb/v6-m/nofp\libc_nano.a(lib_a-impure.o)
 *(.RamFunc)
 *(.RamFunc*)
                0x0000000020000070                . = ALIGN (0x4)
                0x0000000020000070                _edata = .

.igot.plt       0x0000000020000070        0x0 load address 0x0000000008006e50
 .igot.plt      0x0000000020000070        0x0 c:/st/stm32cubeide_1.5.1/stm32cubeide/plugins/com.st.stm32cube.ide.mcu.externaltools.gnu-tools-for-stm32.9-2020-q2-update.win32_1.5.0.202011040924/tools/bin/../lib/gcc/arm-none-eabi/9.3.1/thumb/v6-m/nofp/crtbegin.o
                0x0000000020000070                . = ALIGN (0x4)

.bss            0x0000000020000070      0x304 load address 0x0000000008006e50
                0x0000000020000070                _sbss = .
                0x0000000020000070                __bss_start__ = _sbss
 *(.bss)
 .bss           0x0000000020000070       0x1c c:/st/stm32cubeide_1.5.1/stm32cubeide/plugins/com.st.stm32cube.ide.mcu.externaltools.gnu-tools-for-stm32.9-2020-q2-update.win32_1.5.0.202011040924/tools/bin/../lib/gcc/arm-none-eabi/9.3.1/thumb/v6-m/nofp/crtbegin.o
 *(.bss*)
 .bss.__sbrk_heap_end
                0x000000002000008c        0x4 Core/Src/sysmem.o
 .bss.__malloc_free_list
                0x0000000020000090        0x4 c:/st/stm32cubeide_1.5.1/stm32cubeide/plugins/com.st.stm32cube.ide.mcu.externaltools.gnu-tools-for-stm32.9-2020-q2-update.win32_1.5.0.202011040924/tools/bin/../lib/gcc/arm-none-eabi/9.3.1/../../../../arm-none-eabi/lib/thumb/v6-m/nofp\libc_nano.a(lib_a-nano-mallocr.o)
                0x0000000020000090                __malloc_free_list
 .bss.__malloc_sbrk_start
                0x0000000020000094        0x4 c:/st/stm32cubeide_1.5.1/stm32cubeide/plugins/com.st.stm32cube.ide.mcu.externaltools.gnu-tools-for-stm32.9-2020-q2-update.win32_1.5.0.202011040924/tools/bin/../lib/gcc/arm-none-eabi/9.3.1/../../../../arm-none-eabi/lib/thumb/v6-m/nofp\libc_nano.a(lib_a-nano-mallocr.o)
                0x0000000020000094                __malloc_sbrk_start
 *(COMMON)
 COMMON         0x0000000020000098       0x5c Core/Src/adc.o
                0x0000000020000098                hadc
 COMMON         0x00000000200000f4       0x4c Core/Src/i2c.o
                0x00000000200000f4                hi2c2
 COMMON         0x0000000020000140       0x6c Core/Src/main.o
                0x0000000020000140                my_sys
                0x0000000020000160                hdma_GPIOB_tx
                0x00000000200001a8                i2c2_interrupt_interface_pointer
 COMMON         0x00000000200001ac       0x58 Core/Src/spi.o
                0x00000000200001ac                hspi1
 COMMON         0x0000000020000204       0xc0 Core/Src/tim.o
                0x0000000020000204                htim22
                0x0000000020000244                htim6
                0x0000000020000284                htim21
 COMMON         0x00000000200002c4       0x84 Core/Src/usart.o
                0x00000000200002c4                huart2
 COMMON         0x0000000020000348        0x4 Drivers/STM32L0xx_HAL_Driver/Src/stm32l0xx_hal.o
                0x0000000020000348                uwTick
 COMMON         0x000000002000034c       0x18 Drivers/STM32L0xx_HAL_Driver/Src/stm32l0xx_hal_flash.o
                0x000000002000034c                pFlash
 COMMON         0x0000000020000364        0x4 c:/st/stm32cubeide_1.5.1/stm32cubeide/plugins/com.st.stm32cube.ide.mcu.externaltools.gnu-tools-for-stm32.9-2020-q2-update.win32_1.5.0.202011040924/tools/bin/../lib/gcc/arm-none-eabi/9.3.1/../../../../arm-none-eabi/lib/thumb/v6-m/nofp\libc_nano.a(lib_a-reent.o)
                0x0000000020000364                errno
 COMMON         0x0000000020000368        0x9 c:/st/stm32cubeide_1.5.1/stm32cubeide/plugins/com.st.stm32cube.ide.mcu.externaltools.gnu-tools-for-stm32.9-2020-q2-update.win32_1.5.0.202011040924/tools/bin/../lib/gcc/arm-none-eabi/9.3.1/../../../../arm-none-eabi/lib/thumb/v6-m/nofp\libc_nano.a(lib_a-lock.o)
                0x0000000020000368                __lock___atexit_recursive_mutex
                0x0000000020000369                __lock___arc4random_mutex
                0x000000002000036a                __lock___env_recursive_mutex
                0x000000002000036b                __lock___sinit_recursive_mutex
                0x000000002000036c                __lock___malloc_recursive_mutex
                0x000000002000036d                __lock___at_quick_exit_mutex
                0x000000002000036e                __lock___dd_hash_mutex
                0x000000002000036f                __lock___tz_mutex
                0x0000000020000370                __lock___sfp_recursive_mutex
                0x0000000020000374                . = ALIGN (0x4)
 *fill*         0x0000000020000371        0x3 
                0x0000000020000374                _ebss = .
                0x0000000020000374                __bss_end__ = _ebss

._user_heap_stack
                0x0000000020000374      0x604 load address 0x0000000008006e50
                0x0000000020000378                . = ALIGN (0x8)
 *fill*         0x0000000020000374        0x4 
                [!provide]                        PROVIDE (end = .)
                0x0000000020000378                PROVIDE (_end = .)
                0x0000000020000578                . = (. + _Min_Heap_Size)
 *fill*         0x0000000020000378      0x200 
                0x0000000020000978                . = (. + _Min_Stack_Size)
 *fill*         0x0000000020000578      0x400 
                0x0000000020000978                . = ALIGN (0x8)

/DISCARD/
 libc.a(*)
 libm.a(*)
 libgcc.a(*)

.ARM.attributes
                0x0000000000000000       0x28
 *(.ARM.attributes)
 .ARM.attributes
                0x0000000000000000       0x1e c:/st/stm32cubeide_1.5.1/stm32cubeide/plugins/com.st.stm32cube.ide.mcu.externaltools.gnu-tools-for-stm32.9-2020-q2-update.win32_1.5.0.202011040924/tools/bin/../lib/gcc/arm-none-eabi/9.3.1/thumb/v6-m/nofp/crti.o
 .ARM.attributes
                0x000000000000001e       0x2c c:/st/stm32cubeide_1.5.1/stm32cubeide/plugins/com.st.stm32cube.ide.mcu.externaltools.gnu-tools-for-stm32.9-2020-q2-update.win32_1.5.0.202011040924/tools/bin/../lib/gcc/arm-none-eabi/9.3.1/thumb/v6-m/nofp/crtbegin.o
 .ARM.attributes
                0x000000000000004a       0x2c Core/Src/adc.o
 .ARM.attributes
                0x0000000000000076       0x2c Core/Src/gpio.o
 .ARM.attributes
                0x00000000000000a2       0x2c Core/Src/i2c.o
 .ARM.attributes
                0x00000000000000ce       0x2c Core/Src/main.o
 .ARM.attributes
                0x00000000000000fa       0x2c Core/Src/spi.o
 .ARM.attributes
                0x0000000000000126       0x2c Core/Src/stm32l0xx_hal_msp.o
 .ARM.attributes
                0x0000000000000152       0x2c Core/Src/stm32l0xx_it.o
 .ARM.attributes
                0x000000000000017e       0x2c Core/Src/sysmem.o
 .ARM.attributes
                0x00000000000001aa       0x2c Core/Src/system_stm32l0xx.o
 .ARM.attributes
                0x00000000000001d6       0x2c Core/Src/tim.o
 .ARM.attributes
                0x0000000000000202       0x2c Core/Src/usart.o
 .ARM.attributes
                0x000000000000022e       0x22 Core/Startup/startup_stm32l052t8yx.o
 .ARM.attributes
                0x0000000000000250       0x2c Drivers/STM32L0xx_HAL_Driver/Src/stm32l0xx_hal.o
 .ARM.attributes
                0x000000000000027c       0x2c Drivers/STM32L0xx_HAL_Driver/Src/stm32l0xx_hal_adc.o
 .ARM.attributes
                0x00000000000002a8       0x2c Drivers/STM32L0xx_HAL_Driver/Src/stm32l0xx_hal_cortex.o
 .ARM.attributes
                0x00000000000002d4       0x2c Drivers/STM32L0xx_HAL_Driver/Src/stm32l0xx_hal_dma.o
 .ARM.attributes
                0x0000000000000300       0x2c Drivers/STM32L0xx_HAL_Driver/Src/stm32l0xx_hal_flash.o
 .ARM.attributes
                0x000000000000032c       0x2c Drivers/STM32L0xx_HAL_Driver/Src/stm32l0xx_hal_flash_ex.o
 .ARM.attributes
                0x0000000000000358       0x2c Drivers/STM32L0xx_HAL_Driver/Src/stm32l0xx_hal_gpio.o
 .ARM.attributes
                0x0000000000000384       0x2c Drivers/STM32L0xx_HAL_Driver/Src/stm32l0xx_hal_i2c.o
 .ARM.attributes
                0x00000000000003b0       0x2c Drivers/STM32L0xx_HAL_Driver/Src/stm32l0xx_hal_i2c_ex.o
 .ARM.attributes
                0x00000000000003dc       0x2c Drivers/STM32L0xx_HAL_Driver/Src/stm32l0xx_hal_rcc.o
 .ARM.attributes
                0x0000000000000408       0x2c Drivers/STM32L0xx_HAL_Driver/Src/stm32l0xx_hal_rcc_ex.o
 .ARM.attributes
                0x0000000000000434       0x2c Drivers/STM32L0xx_HAL_Driver/Src/stm32l0xx_hal_spi.o
 .ARM.attributes
                0x0000000000000460       0x2c Drivers/STM32L0xx_HAL_Driver/Src/stm32l0xx_hal_tim.o
 .ARM.attributes
                0x000000000000048c       0x2c Drivers/STM32L0xx_HAL_Driver/Src/stm32l0xx_hal_tim_ex.o
 .ARM.attributes
                0x00000000000004b8       0x2c Drivers/STM32L0xx_HAL_Driver/Src/stm32l0xx_hal_uart.o
 .ARM.attributes
                0x00000000000004e4       0x2c Mantarray/Src/Bus.o
 .ARM.attributes
                0x0000000000000510       0x2c Mantarray/Src/EEPROM.o
 .ARM.attributes
                0x000000000000053c       0x2c Mantarray/Src/GlobalTimer.o
 .ARM.attributes
                0x0000000000000568       0x2c Mantarray/Src/Magnetometer.o
 .ARM.attributes
                0x0000000000000594       0x2c Mantarray/Src/i2c_network_interface.o
 .ARM.attributes
                0x00000000000005c0       0x2c Mantarray/Src/lis3mdl_driver.o
 .ARM.attributes
                0x00000000000005ec       0x2c Mantarray/Src/mmc5983_driver.o
 .ARM.attributes
                0x0000000000000618       0x2c Mantarray/Src/system.o
 .ARM.attributes
                0x0000000000000644       0x2c c:/st/stm32cubeide_1.5.1/stm32cubeide/plugins/com.st.stm32cube.ide.mcu.externaltools.gnu-tools-for-stm32.9-2020-q2-update.win32_1.5.0.202011040924/tools/bin/../lib/gcc/arm-none-eabi/9.3.1/../../../../arm-none-eabi/lib/thumb/v6-m/nofp\libc_nano.a(lib_a-errno.o)
 .ARM.attributes
                0x0000000000000670       0x2c c:/st/stm32cubeide_1.5.1/stm32cubeide/plugins/com.st.stm32cube.ide.mcu.externaltools.gnu-tools-for-stm32.9-2020-q2-update.win32_1.5.0.202011040924/tools/bin/../lib/gcc/arm-none-eabi/9.3.1/../../../../arm-none-eabi/lib/thumb/v6-m/nofp\libc_nano.a(lib_a-impure.o)
 .ARM.attributes
                0x000000000000069c       0x2c c:/st/stm32cubeide_1.5.1/stm32cubeide/plugins/com.st.stm32cube.ide.mcu.externaltools.gnu-tools-for-stm32.9-2020-q2-update.win32_1.5.0.202011040924/tools/bin/../lib/gcc/arm-none-eabi/9.3.1/../../../../arm-none-eabi/lib/thumb/v6-m/nofp\libc_nano.a(lib_a-init.o)
 .ARM.attributes
                0x00000000000006c8       0x2c c:/st/stm32cubeide_1.5.1/stm32cubeide/plugins/com.st.stm32cube.ide.mcu.externaltools.gnu-tools-for-stm32.9-2020-q2-update.win32_1.5.0.202011040924/tools/bin/../lib/gcc/arm-none-eabi/9.3.1/../../../../arm-none-eabi/lib/thumb/v6-m/nofp\libc_nano.a(lib_a-malloc.o)
 .ARM.attributes
                0x00000000000006f4       0x2c c:/st/stm32cubeide_1.5.1/stm32cubeide/plugins/com.st.stm32cube.ide.mcu.externaltools.gnu-tools-for-stm32.9-2020-q2-update.win32_1.5.0.202011040924/tools/bin/../lib/gcc/arm-none-eabi/9.3.1/../../../../arm-none-eabi/lib/thumb/v6-m/nofp\libc_nano.a(lib_a-memcpy-stub.o)
 .ARM.attributes
                0x0000000000000720       0x2c c:/st/stm32cubeide_1.5.1/stm32cubeide/plugins/com.st.stm32cube.ide.mcu.externaltools.gnu-tools-for-stm32.9-2020-q2-update.win32_1.5.0.202011040924/tools/bin/../lib/gcc/arm-none-eabi/9.3.1/../../../../arm-none-eabi/lib/thumb/v6-m/nofp\libc_nano.a(lib_a-memset.o)
 .ARM.attributes
                0x000000000000074c       0x2c c:/st/stm32cubeide_1.5.1/stm32cubeide/plugins/com.st.stm32cube.ide.mcu.externaltools.gnu-tools-for-stm32.9-2020-q2-update.win32_1.5.0.202011040924/tools/bin/../lib/gcc/arm-none-eabi/9.3.1/../../../../arm-none-eabi/lib/thumb/v6-m/nofp\libc_nano.a(lib_a-nano-mallocr.o)
 .ARM.attributes
                0x0000000000000778       0x2c c:/st/stm32cubeide_1.5.1/stm32cubeide/plugins/com.st.stm32cube.ide.mcu.externaltools.gnu-tools-for-stm32.9-2020-q2-update.win32_1.5.0.202011040924/tools/bin/../lib/gcc/arm-none-eabi/9.3.1/../../../../arm-none-eabi/lib/thumb/v6-m/nofp\libc_nano.a(lib_a-sbrkr.o)
 .ARM.attributes
                0x00000000000007a4       0x2c c:/st/stm32cubeide_1.5.1/stm32cubeide/plugins/com.st.stm32cube.ide.mcu.externaltools.gnu-tools-for-stm32.9-2020-q2-update.win32_1.5.0.202011040924/tools/bin/../lib/gcc/arm-none-eabi/9.3.1/../../../../arm-none-eabi/lib/thumb/v6-m/nofp\libc_nano.a(lib_a-mlock.o)
 .ARM.attributes
                0x00000000000007d0       0x2c c:/st/stm32cubeide_1.5.1/stm32cubeide/plugins/com.st.stm32cube.ide.mcu.externaltools.gnu-tools-for-stm32.9-2020-q2-update.win32_1.5.0.202011040924/tools/bin/../lib/gcc/arm-none-eabi/9.3.1/../../../../arm-none-eabi/lib/thumb/v6-m/nofp\libc_nano.a(lib_a-reent.o)
 .ARM.attributes
                0x00000000000007fc       0x2c c:/st/stm32cubeide_1.5.1/stm32cubeide/plugins/com.st.stm32cube.ide.mcu.externaltools.gnu-tools-for-stm32.9-2020-q2-update.win32_1.5.0.202011040924/tools/bin/../lib/gcc/arm-none-eabi/9.3.1/../../../../arm-none-eabi/lib/thumb/v6-m/nofp\libc_nano.a(lib_a-lock.o)
 .ARM.attributes
                0x0000000000000828       0x1e c:/st/stm32cubeide_1.5.1/stm32cubeide/plugins/com.st.stm32cube.ide.mcu.externaltools.gnu-tools-for-stm32.9-2020-q2-update.win32_1.5.0.202011040924/tools/bin/../lib/gcc/arm-none-eabi/9.3.1/thumb/v6-m/nofp\libgcc.a(_udivsi3.o)
 .ARM.attributes
                0x0000000000000846       0x1e c:/st/stm32cubeide_1.5.1/stm32cubeide/plugins/com.st.stm32cube.ide.mcu.externaltools.gnu-tools-for-stm32.9-2020-q2-update.win32_1.5.0.202011040924/tools/bin/../lib/gcc/arm-none-eabi/9.3.1/thumb/v6-m/nofp\libgcc.a(_dvmd_tls.o)
 .ARM.attributes
                0x0000000000000864       0x1e c:/st/stm32cubeide_1.5.1/stm32cubeide/plugins/com.st.stm32cube.ide.mcu.externaltools.gnu-tools-for-stm32.9-2020-q2-update.win32_1.5.0.202011040924/tools/bin/../lib/gcc/arm-none-eabi/9.3.1/thumb/v6-m/nofp\libgcc.a(_aeabi_uldivmod.o)
 .ARM.attributes
                0x0000000000000882       0x2c c:/st/stm32cubeide_1.5.1/stm32cubeide/plugins/com.st.stm32cube.ide.mcu.externaltools.gnu-tools-for-stm32.9-2020-q2-update.win32_1.5.0.202011040924/tools/bin/../lib/gcc/arm-none-eabi/9.3.1/thumb/v6-m/nofp\libgcc.a(_muldi3.o)
 .ARM.attributes
                0x00000000000008ae       0x2c c:/st/stm32cubeide_1.5.1/stm32cubeide/plugins/com.st.stm32cube.ide.mcu.externaltools.gnu-tools-for-stm32.9-2020-q2-update.win32_1.5.0.202011040924/tools/bin/../lib/gcc/arm-none-eabi/9.3.1/thumb/v6-m/nofp\libgcc.a(_udivmoddi4.o)
 .ARM.attributes
                0x00000000000008da       0x1e c:/st/stm32cubeide_1.5.1/stm32cubeide/plugins/com.st.stm32cube.ide.mcu.externaltools.gnu-tools-for-stm32.9-2020-q2-update.win32_1.5.0.202011040924/tools/bin/../lib/gcc/arm-none-eabi/9.3.1/thumb/v6-m/nofp\libgcc.a(_clzdi2.o)
 .ARM.attributes
                0x00000000000008f8       0x1e c:/st/stm32cubeide_1.5.1/stm32cubeide/plugins/com.st.stm32cube.ide.mcu.externaltools.gnu-tools-for-stm32.9-2020-q2-update.win32_1.5.0.202011040924/tools/bin/../lib/gcc/arm-none-eabi/9.3.1/thumb/v6-m/nofp\libgcc.a(_clzsi2.o)
 .ARM.attributes
                0x0000000000000916       0x1e c:/st/stm32cubeide_1.5.1/stm32cubeide/plugins/com.st.stm32cube.ide.mcu.externaltools.gnu-tools-for-stm32.9-2020-q2-update.win32_1.5.0.202011040924/tools/bin/../lib/gcc/arm-none-eabi/9.3.1/thumb/v6-m/nofp/crtn.o
OUTPUT(mantarray-firmware-channel.elf elf32-littlearm)
LOAD linker stubs
LOAD c:/st/stm32cubeide_1.5.1/stm32cubeide/plugins/com.st.stm32cube.ide.mcu.externaltools.gnu-tools-for-stm32.9-2020-q2-update.win32_1.5.0.202011040924/tools/bin/../lib/gcc/arm-none-eabi/9.3.1/../../../../arm-none-eabi/lib/thumb/v6-m/nofp\libc.a
LOAD c:/st/stm32cubeide_1.5.1/stm32cubeide/plugins/com.st.stm32cube.ide.mcu.externaltools.gnu-tools-for-stm32.9-2020-q2-update.win32_1.5.0.202011040924/tools/bin/../lib/gcc/arm-none-eabi/9.3.1/../../../../arm-none-eabi/lib/thumb/v6-m/nofp\libm.a
LOAD c:/st/stm32cubeide_1.5.1/stm32cubeide/plugins/com.st.stm32cube.ide.mcu.externaltools.gnu-tools-for-stm32.9-2020-q2-update.win32_1.5.0.202011040924/tools/bin/../lib/gcc/arm-none-eabi/9.3.1/thumb/v6-m/nofp\libgcc.a

.debug_info     0x0000000000000000    0x1dbf7
 .debug_info    0x0000000000000000      0x897 Core/Src/adc.o
 .debug_info    0x0000000000000897      0x457 Core/Src/gpio.o
 .debug_info    0x0000000000000cee      0xa96 Core/Src/i2c.o
 .debug_info    0x0000000000001784     0x21dd Core/Src/main.o
 .debug_info    0x0000000000003961      0x972 Core/Src/spi.o
 .debug_info    0x00000000000042d3      0x2c9 Core/Src/stm32l0xx_hal_msp.o
 .debug_info    0x000000000000459c      0x1d4 Core/Src/stm32l0xx_it.o
 .debug_info    0x0000000000004770      0xa25 Core/Src/sysmem.o
 .debug_info    0x0000000000005195      0x363 Core/Src/system_stm32l0xx.o
 .debug_info    0x00000000000054f8      0xb18 Core/Src/tim.o
 .debug_info    0x0000000000006010      0xa08 Core/Src/usart.o
 .debug_info    0x0000000000006a18       0x22 Core/Startup/startup_stm32l052t8yx.o
 .debug_info    0x0000000000006a3a      0x8e0 Drivers/STM32L0xx_HAL_Driver/Src/stm32l0xx_hal.o
 .debug_info    0x000000000000731a      0xe01 Drivers/STM32L0xx_HAL_Driver/Src/stm32l0xx_hal_adc.o
 .debug_info    0x000000000000811b      0x991 Drivers/STM32L0xx_HAL_Driver/Src/stm32l0xx_hal_cortex.o
 .debug_info    0x0000000000008aac      0x834 Drivers/STM32L0xx_HAL_Driver/Src/stm32l0xx_hal_dma.o
 .debug_info    0x00000000000092e0      0x678 Drivers/STM32L0xx_HAL_Driver/Src/stm32l0xx_hal_flash.o
 .debug_info    0x0000000000009958      0xb0e Drivers/STM32L0xx_HAL_Driver/Src/stm32l0xx_hal_flash_ex.o
 .debug_info    0x000000000000a466      0x789 Drivers/STM32L0xx_HAL_Driver/Src/stm32l0xx_hal_gpio.o
 .debug_info    0x000000000000abef     0x21c3 Drivers/STM32L0xx_HAL_Driver/Src/stm32l0xx_hal_i2c.o
 .debug_info    0x000000000000cdb2      0x9c1 Drivers/STM32L0xx_HAL_Driver/Src/stm32l0xx_hal_i2c_ex.o
 .debug_info    0x000000000000d773      0xa36 Drivers/STM32L0xx_HAL_Driver/Src/stm32l0xx_hal_rcc.o
 .debug_info    0x000000000000e1a9      0x8c8 Drivers/STM32L0xx_HAL_Driver/Src/stm32l0xx_hal_rcc_ex.o
 .debug_info    0x000000000000ea71     0x1765 Drivers/STM32L0xx_HAL_Driver/Src/stm32l0xx_hal_spi.o
 .debug_info    0x00000000000101d6     0x2906 Drivers/STM32L0xx_HAL_Driver/Src/stm32l0xx_hal_tim.o
 .debug_info    0x0000000000012adc      0x7d8 Drivers/STM32L0xx_HAL_Driver/Src/stm32l0xx_hal_tim_ex.o
 .debug_info    0x00000000000132b4     0x1861 Drivers/STM32L0xx_HAL_Driver/Src/stm32l0xx_hal_uart.o
 .debug_info    0x0000000000014b15      0xd53 Mantarray/Src/Bus.o
 .debug_info    0x0000000000015868      0xaff Mantarray/Src/EEPROM.o
 .debug_info    0x0000000000016367     0x1746 Mantarray/Src/GlobalTimer.o
 .debug_info    0x0000000000017aad     0x121c Mantarray/Src/Magnetometer.o
 .debug_info    0x0000000000018cc9     0x106c Mantarray/Src/i2c_network_interface.o
 .debug_info    0x0000000000019d35     0x1205 Mantarray/Src/lis3mdl_driver.o
 .debug_info    0x000000000001af3a     0x1238 Mantarray/Src/mmc5983_driver.o
 .debug_info    0x000000000001c172     0x1a85 Mantarray/Src/system.o

.debug_abbrev   0x0000000000000000     0x459f
 .debug_abbrev  0x0000000000000000      0x1b8 Core/Src/adc.o
 .debug_abbrev  0x00000000000001b8      0x14e Core/Src/gpio.o
 .debug_abbrev  0x0000000000000306      0x1c4 Core/Src/i2c.o
 .debug_abbrev  0x00000000000004ca      0x259 Core/Src/main.o
 .debug_abbrev  0x0000000000000723      0x1b0 Core/Src/spi.o
 .debug_abbrev  0x00000000000008d3       0xf8 Core/Src/stm32l0xx_hal_msp.o
 .debug_abbrev  0x00000000000009cb       0xd2 Core/Src/stm32l0xx_it.o
 .debug_abbrev  0x0000000000000a9d      0x1bf Core/Src/sysmem.o
 .debug_abbrev  0x0000000000000c5c      0x145 Core/Src/system_stm32l0xx.o
 .debug_abbrev  0x0000000000000da1      0x1c3 Core/Src/tim.o
 .debug_abbrev  0x0000000000000f64      0x1b0 Core/Src/usart.o
 .debug_abbrev  0x0000000000001114       0x12 Core/Startup/startup_stm32l052t8yx.o
 .debug_abbrev  0x0000000000001126      0x267 Drivers/STM32L0xx_HAL_Driver/Src/stm32l0xx_hal.o
 .debug_abbrev  0x000000000000138d      0x222 Drivers/STM32L0xx_HAL_Driver/Src/stm32l0xx_hal_adc.o
 .debug_abbrev  0x00000000000015af      0x2b4 Drivers/STM32L0xx_HAL_Driver/Src/stm32l0xx_hal_cortex.o
 .debug_abbrev  0x0000000000001863      0x1f0 Drivers/STM32L0xx_HAL_Driver/Src/stm32l0xx_hal_dma.o
 .debug_abbrev  0x0000000000001a53      0x2d7 Drivers/STM32L0xx_HAL_Driver/Src/stm32l0xx_hal_flash.o
 .debug_abbrev  0x0000000000001d2a      0x31d Drivers/STM32L0xx_HAL_Driver/Src/stm32l0xx_hal_flash_ex.o
 .debug_abbrev  0x0000000000002047      0x1e8 Drivers/STM32L0xx_HAL_Driver/Src/stm32l0xx_hal_gpio.o
 .debug_abbrev  0x000000000000222f      0x267 Drivers/STM32L0xx_HAL_Driver/Src/stm32l0xx_hal_i2c.o
 .debug_abbrev  0x0000000000002496      0x1d4 Drivers/STM32L0xx_HAL_Driver/Src/stm32l0xx_hal_i2c_ex.o
 .debug_abbrev  0x000000000000266a      0x246 Drivers/STM32L0xx_HAL_Driver/Src/stm32l0xx_hal_rcc.o
 .debug_abbrev  0x00000000000028b0      0x20b Drivers/STM32L0xx_HAL_Driver/Src/stm32l0xx_hal_rcc_ex.o
 .debug_abbrev  0x0000000000002abb      0x26e Drivers/STM32L0xx_HAL_Driver/Src/stm32l0xx_hal_spi.o
 .debug_abbrev  0x0000000000002d29      0x26f Drivers/STM32L0xx_HAL_Driver/Src/stm32l0xx_hal_tim.o
 .debug_abbrev  0x0000000000002f98      0x1c2 Drivers/STM32L0xx_HAL_Driver/Src/stm32l0xx_hal_tim_ex.o
 .debug_abbrev  0x000000000000315a      0x250 Drivers/STM32L0xx_HAL_Driver/Src/stm32l0xx_hal_uart.o
 .debug_abbrev  0x00000000000033aa      0x22b Mantarray/Src/Bus.o
 .debug_abbrev  0x00000000000035d5      0x1f9 Mantarray/Src/EEPROM.o
 .debug_abbrev  0x00000000000037ce      0x264 Mantarray/Src/GlobalTimer.o
 .debug_abbrev  0x0000000000003a32      0x235 Mantarray/Src/Magnetometer.o
 .debug_abbrev  0x0000000000003c67      0x220 Mantarray/Src/i2c_network_interface.o
 .debug_abbrev  0x0000000000003e87      0x26d Mantarray/Src/lis3mdl_driver.o
 .debug_abbrev  0x00000000000040f4      0x26d Mantarray/Src/mmc5983_driver.o
 .debug_abbrev  0x0000000000004361      0x23e Mantarray/Src/system.o

.debug_aranges  0x0000000000000000     0x14d8
 .debug_aranges
                0x0000000000000000       0x30 Core/Src/adc.o
 .debug_aranges
                0x0000000000000030       0x20 Core/Src/gpio.o
 .debug_aranges
                0x0000000000000050       0x30 Core/Src/i2c.o
 .debug_aranges
                0x0000000000000080       0x30 Core/Src/main.o
 .debug_aranges
                0x00000000000000b0       0x30 Core/Src/spi.o
 .debug_aranges
                0x00000000000000e0       0x20 Core/Src/stm32l0xx_hal_msp.o
 .debug_aranges
                0x0000000000000100       0x40 Core/Src/stm32l0xx_it.o
 .debug_aranges
                0x0000000000000140       0x20 Core/Src/sysmem.o
 .debug_aranges
                0x0000000000000160       0x28 Core/Src/system_stm32l0xx.o
 .debug_aranges
                0x0000000000000188       0x40 Core/Src/tim.o
 .debug_aranges
                0x00000000000001c8       0x30 Core/Src/usart.o
 .debug_aranges
                0x00000000000001f8       0x28 Core/Startup/startup_stm32l052t8yx.o
 .debug_aranges
                0x0000000000000220      0x110 Drivers/STM32L0xx_HAL_Driver/Src/stm32l0xx_hal.o
 .debug_aranges
                0x0000000000000330      0x100 Drivers/STM32L0xx_HAL_Driver/Src/stm32l0xx_hal_adc.o
 .debug_aranges
                0x0000000000000430       0xd8 Drivers/STM32L0xx_HAL_Driver/Src/stm32l0xx_hal_cortex.o
 .debug_aranges
                0x0000000000000508       0x80 Drivers/STM32L0xx_HAL_Driver/Src/stm32l0xx_hal_dma.o
 .debug_aranges
                0x0000000000000588       0x80 Drivers/STM32L0xx_HAL_Driver/Src/stm32l0xx_hal_flash.o
 .debug_aranges
                0x0000000000000608       0xe0 Drivers/STM32L0xx_HAL_Driver/Src/stm32l0xx_hal_flash_ex.o
 .debug_aranges
                0x00000000000006e8       0x58 Drivers/STM32L0xx_HAL_Driver/Src/stm32l0xx_hal_gpio.o
 .debug_aranges
                0x0000000000000740      0x290 Drivers/STM32L0xx_HAL_Driver/Src/stm32l0xx_hal_i2c.o
 .debug_aranges
                0x00000000000009d0       0x48 Drivers/STM32L0xx_HAL_Driver/Src/stm32l0xx_hal_i2c_ex.o
 .debug_aranges
                0x0000000000000a18       0x80 Drivers/STM32L0xx_HAL_Driver/Src/stm32l0xx_hal_rcc.o
 .debug_aranges
                0x0000000000000a98       0xb0 Drivers/STM32L0xx_HAL_Driver/Src/stm32l0xx_hal_rcc_ex.o
 .debug_aranges
                0x0000000000000b48      0x1d0 Drivers/STM32L0xx_HAL_Driver/Src/stm32l0xx_hal_spi.o
 .debug_aranges
                0x0000000000000d18      0x3d0 Drivers/STM32L0xx_HAL_Driver/Src/stm32l0xx_hal_tim.o
 .debug_aranges
                0x00000000000010e8       0x28 Drivers/STM32L0xx_HAL_Driver/Src/stm32l0xx_hal_tim_ex.o
 .debug_aranges
                0x0000000000001110      0x228 Drivers/STM32L0xx_HAL_Driver/Src/stm32l0xx_hal_uart.o
 .debug_aranges
                0x0000000000001338       0x38 Mantarray/Src/Bus.o
 .debug_aranges
                0x0000000000001370       0x28 Mantarray/Src/EEPROM.o
 .debug_aranges
                0x0000000000001398       0x38 Mantarray/Src/GlobalTimer.o
 .debug_aranges
                0x00000000000013d0       0x30 Mantarray/Src/Magnetometer.o
 .debug_aranges
                0x0000000000001400       0x28 Mantarray/Src/i2c_network_interface.o
 .debug_aranges
                0x0000000000001428       0x40 Mantarray/Src/lis3mdl_driver.o
 .debug_aranges
                0x0000000000001468       0x48 Mantarray/Src/mmc5983_driver.o
 .debug_aranges
                0x00000000000014b0       0x28 Mantarray/Src/system.o

.debug_ranges   0x0000000000000000     0x12e0
 .debug_ranges  0x0000000000000000       0x20 Core/Src/adc.o
 .debug_ranges  0x0000000000000020       0x10 Core/Src/gpio.o
 .debug_ranges  0x0000000000000030       0x20 Core/Src/i2c.o
 .debug_ranges  0x0000000000000050       0x20 Core/Src/main.o
 .debug_ranges  0x0000000000000070       0x20 Core/Src/spi.o
 .debug_ranges  0x0000000000000090       0x10 Core/Src/stm32l0xx_hal_msp.o
 .debug_ranges  0x00000000000000a0       0x30 Core/Src/stm32l0xx_it.o
 .debug_ranges  0x00000000000000d0       0x10 Core/Src/sysmem.o
 .debug_ranges  0x00000000000000e0       0x18 Core/Src/system_stm32l0xx.o
 .debug_ranges  0x00000000000000f8       0x30 Core/Src/tim.o
 .debug_ranges  0x0000000000000128       0x20 Core/Src/usart.o
 .debug_ranges  0x0000000000000148       0x20 Core/Startup/startup_stm32l052t8yx.o
 .debug_ranges  0x0000000000000168      0x100 Drivers/STM32L0xx_HAL_Driver/Src/stm32l0xx_hal.o
 .debug_ranges  0x0000000000000268       0xf0 Drivers/STM32L0xx_HAL_Driver/Src/stm32l0xx_hal_adc.o
 .debug_ranges  0x0000000000000358       0xc8 Drivers/STM32L0xx_HAL_Driver/Src/stm32l0xx_hal_cortex.o
 .debug_ranges  0x0000000000000420       0x70 Drivers/STM32L0xx_HAL_Driver/Src/stm32l0xx_hal_dma.o
 .debug_ranges  0x0000000000000490       0x70 Drivers/STM32L0xx_HAL_Driver/Src/stm32l0xx_hal_flash.o
 .debug_ranges  0x0000000000000500       0xd0 Drivers/STM32L0xx_HAL_Driver/Src/stm32l0xx_hal_flash_ex.o
 .debug_ranges  0x00000000000005d0       0x48 Drivers/STM32L0xx_HAL_Driver/Src/stm32l0xx_hal_gpio.o
 .debug_ranges  0x0000000000000618      0x280 Drivers/STM32L0xx_HAL_Driver/Src/stm32l0xx_hal_i2c.o
 .debug_ranges  0x0000000000000898       0x38 Drivers/STM32L0xx_HAL_Driver/Src/stm32l0xx_hal_i2c_ex.o
 .debug_ranges  0x00000000000008d0       0x70 Drivers/STM32L0xx_HAL_Driver/Src/stm32l0xx_hal_rcc.o
 .debug_ranges  0x0000000000000940       0xa0 Drivers/STM32L0xx_HAL_Driver/Src/stm32l0xx_hal_rcc_ex.o
 .debug_ranges  0x00000000000009e0      0x1c0 Drivers/STM32L0xx_HAL_Driver/Src/stm32l0xx_hal_spi.o
 .debug_ranges  0x0000000000000ba0      0x3c0 Drivers/STM32L0xx_HAL_Driver/Src/stm32l0xx_hal_tim.o
 .debug_ranges  0x0000000000000f60       0x18 Drivers/STM32L0xx_HAL_Driver/Src/stm32l0xx_hal_tim_ex.o
 .debug_ranges  0x0000000000000f78      0x248 Drivers/STM32L0xx_HAL_Driver/Src/stm32l0xx_hal_uart.o
 .debug_ranges  0x00000000000011c0       0x28 Mantarray/Src/Bus.o
 .debug_ranges  0x00000000000011e8       0x18 Mantarray/Src/EEPROM.o
 .debug_ranges  0x0000000000001200       0x28 Mantarray/Src/GlobalTimer.o
 .debug_ranges  0x0000000000001228       0x20 Mantarray/Src/Magnetometer.o
 .debug_ranges  0x0000000000001248       0x18 Mantarray/Src/i2c_network_interface.o
 .debug_ranges  0x0000000000001260       0x30 Mantarray/Src/lis3mdl_driver.o
 .debug_ranges  0x0000000000001290       0x38 Mantarray/Src/mmc5983_driver.o
 .debug_ranges  0x00000000000012c8       0x18 Mantarray/Src/system.o

.debug_macro    0x0000000000000000    0x18d5a
 .debug_macro   0x0000000000000000      0x200 Core/Src/adc.o
 .debug_macro   0x0000000000000200      0xa7e Core/Src/adc.o
 .debug_macro   0x0000000000000c7e      0x131 Core/Src/adc.o
 .debug_macro   0x0000000000000daf       0x2e Core/Src/adc.o
 .debug_macro   0x0000000000000ddd       0x28 Core/Src/adc.o
 .debug_macro   0x0000000000000e05       0x22 Core/Src/adc.o
 .debug_macro   0x0000000000000e27       0x8e Core/Src/adc.o
 .debug_macro   0x0000000000000eb5       0x51 Core/Src/adc.o
 .debug_macro   0x0000000000000f06      0x103 Core/Src/adc.o
 .debug_macro   0x0000000000001009       0x6a Core/Src/adc.o
 .debug_macro   0x0000000000001073      0x1df Core/Src/adc.o
 .debug_macro   0x0000000000001252       0x1c Core/Src/adc.o
 .debug_macro   0x000000000000126e       0x22 Core/Src/adc.o
 .debug_macro   0x0000000000001290       0xb5 Core/Src/adc.o
 .debug_macro   0x0000000000001345      0x4da Core/Src/adc.o
 .debug_macro   0x000000000000181f      0x11f Core/Src/adc.o
 .debug_macro   0x000000000000193e     0x99cc Core/Src/adc.o
 .debug_macro   0x000000000000b30a       0x3c Core/Src/adc.o
 .debug_macro   0x000000000000b346     0x352b Core/Src/adc.o
 .debug_macro   0x000000000000e871      0x174 Core/Src/adc.o
 .debug_macro   0x000000000000e9e5       0x5b Core/Src/adc.o
 .debug_macro   0x000000000000ea40      0x8d6 Core/Src/adc.o
 .debug_macro   0x000000000000f316      0x970 Core/Src/adc.o
 .debug_macro   0x000000000000fc86      0x190 Core/Src/adc.o
 .debug_macro   0x000000000000fe16      0x13f Core/Src/adc.o
 .debug_macro   0x000000000000ff55      0x176 Core/Src/adc.o
 .debug_macro   0x00000000000100cb      0x28e Core/Src/adc.o
 .debug_macro   0x0000000000010359      0x1e9 Core/Src/adc.o
 .debug_macro   0x0000000000010542      0x4e1 Core/Src/adc.o
 .debug_macro   0x0000000000010a23       0x65 Core/Src/adc.o
 .debug_macro   0x0000000000010a88      0x129 Core/Src/adc.o
 .debug_macro   0x0000000000010bb1      0x2b4 Core/Src/adc.o
 .debug_macro   0x0000000000010e65      0x22c Core/Src/adc.o
 .debug_macro   0x0000000000011091       0x5b Core/Src/adc.o
 .debug_macro   0x00000000000110ec       0xa5 Core/Src/adc.o
 .debug_macro   0x0000000000011191      0x187 Core/Src/adc.o
 .debug_macro   0x0000000000011318       0x16 Core/Src/adc.o
 .debug_macro   0x000000000001132e      0x22c Core/Src/adc.o
 .debug_macro   0x000000000001155a      0x773 Core/Src/adc.o
 .debug_macro   0x0000000000011ccd       0xcc Core/Src/adc.o
 .debug_macro   0x0000000000011d99      0x5ba Core/Src/adc.o
 .debug_macro   0x0000000000012353       0x44 Core/Src/adc.o
 .debug_macro   0x0000000000012397      0x146 Core/Src/adc.o
 .debug_macro   0x00000000000124dd      0x118 Core/Src/adc.o
 .debug_macro   0x00000000000125f5      0x200 Core/Src/gpio.o
 .debug_macro   0x00000000000127f5      0x200 Core/Src/i2c.o
 .debug_macro   0x00000000000129f5      0x45c Core/Src/main.o
 .debug_macro   0x0000000000012e51       0x18 Core/Src/main.o
 .debug_macro   0x0000000000012e69       0x52 Core/Src/main.o
 .debug_macro   0x0000000000012ebb       0x3c Core/Src/main.o
 .debug_macro   0x0000000000012ef7       0x34 Core/Src/main.o
 .debug_macro   0x0000000000012f2b       0x16 Core/Src/main.o
 .debug_macro   0x0000000000012f41       0x35 Core/Src/main.o
 .debug_macro   0x0000000000012f76       0x16 Core/Src/main.o
 .debug_macro   0x0000000000012f8c       0x43 Core/Src/main.o
 .debug_macro   0x0000000000012fcf       0x34 Core/Src/main.o
 .debug_macro   0x0000000000013003       0x10 Core/Src/main.o
 .debug_macro   0x0000000000013013       0x58 Core/Src/main.o
 .debug_macro   0x000000000001306b       0x71 Core/Src/main.o
 .debug_macro   0x00000000000130dc       0x1c Core/Src/main.o
 .debug_macro   0x00000000000130f8      0x12a Core/Src/main.o
 .debug_macro   0x0000000000013222      0x333 Core/Src/main.o
 .debug_macro   0x0000000000013555       0x16 Core/Src/main.o
 .debug_macro   0x000000000001356b       0x29 Core/Src/main.o
 .debug_macro   0x0000000000013594       0x1c Core/Src/main.o
 .debug_macro   0x00000000000135b0       0x10 Core/Src/main.o
 .debug_macro   0x00000000000135c0       0x10 Core/Src/main.o
 .debug_macro   0x00000000000135d0       0x1c Core/Src/main.o
 .debug_macro   0x00000000000135ec       0x52 Core/Src/main.o
 .debug_macro   0x000000000001363e       0x22 Core/Src/main.o
 .debug_macro   0x0000000000013660       0x10 Core/Src/main.o
 .debug_macro   0x0000000000013670       0x40 Core/Src/main.o
 .debug_macro   0x00000000000136b0       0xd5 Core/Src/main.o
 .debug_macro   0x0000000000013785       0x1c Core/Src/main.o
 .debug_macro   0x00000000000137a1       0x3d Core/Src/main.o
 .debug_macro   0x00000000000137de       0x16 Core/Src/main.o
 .debug_macro   0x00000000000137f4      0x145 Core/Src/main.o
 .debug_macro   0x0000000000013939       0x64 Core/Src/main.o
 .debug_macro   0x000000000001399d       0x94 Core/Src/main.o
 .debug_macro   0x0000000000013a31       0x16 Core/Src/main.o
 .debug_macro   0x0000000000013a47       0x20 Core/Src/main.o
 .debug_macro   0x0000000000013a67      0x15a Core/Src/main.o
 .debug_macro   0x0000000000013bc1       0x34 Core/Src/main.o
 .debug_macro   0x0000000000013bf5       0x10 Core/Src/main.o
 .debug_macro   0x0000000000013c05       0x34 Core/Src/main.o
 .debug_macro   0x0000000000013c39       0x4c Core/Src/main.o
 .debug_macro   0x0000000000013c85      0x200 Core/Src/spi.o
 .debug_macro   0x0000000000013e85      0x1f6 Core/Src/stm32l0xx_hal_msp.o
 .debug_macro   0x000000000001407b      0x200 Core/Src/stm32l0xx_it.o
 .debug_macro   0x000000000001427b       0xff Core/Src/sysmem.o
 .debug_macro   0x000000000001437a      0x23b Core/Src/sysmem.o
 .debug_macro   0x00000000000145b5      0x1e7 Core/Src/system_stm32l0xx.o
 .debug_macro   0x000000000001479c      0x200 Core/Src/tim.o
 .debug_macro   0x000000000001499c      0x200 Core/Src/usart.o
 .debug_macro   0x0000000000014b9c      0x20b Drivers/STM32L0xx_HAL_Driver/Src/stm32l0xx_hal.o
 .debug_macro   0x0000000000014da7      0x1f6 Drivers/STM32L0xx_HAL_Driver/Src/stm32l0xx_hal_adc.o
 .debug_macro   0x0000000000014f9d      0x1e7 Drivers/STM32L0xx_HAL_Driver/Src/stm32l0xx_hal_cortex.o
 .debug_macro   0x0000000000015184      0x1e7 Drivers/STM32L0xx_HAL_Driver/Src/stm32l0xx_hal_dma.o
 .debug_macro   0x000000000001536b      0x1e8 Drivers/STM32L0xx_HAL_Driver/Src/stm32l0xx_hal_flash.o
 .debug_macro   0x0000000000015553      0x1e7 Drivers/STM32L0xx_HAL_Driver/Src/stm32l0xx_hal_flash_ex.o
 .debug_macro   0x000000000001573a      0x21f Drivers/STM32L0xx_HAL_Driver/Src/stm32l0xx_hal_gpio.o
 .debug_macro   0x0000000000015959      0x2ac Drivers/STM32L0xx_HAL_Driver/Src/stm32l0xx_hal_i2c.o
 .debug_macro   0x0000000000015c05      0x1e7 Drivers/STM32L0xx_HAL_Driver/Src/stm32l0xx_hal_i2c_ex.o
 .debug_macro   0x0000000000015dec      0x20b Drivers/STM32L0xx_HAL_Driver/Src/stm32l0xx_hal_rcc.o
 .debug_macro   0x0000000000015ff7      0x1e7 Drivers/STM32L0xx_HAL_Driver/Src/stm32l0xx_hal_rcc_ex.o
 .debug_macro   0x00000000000161de      0x1f6 Drivers/STM32L0xx_HAL_Driver/Src/stm32l0xx_hal_spi.o
 .debug_macro   0x00000000000163d4      0x1e8 Drivers/STM32L0xx_HAL_Driver/Src/stm32l0xx_hal_tim.o
 .debug_macro   0x00000000000165bc      0x1e7 Drivers/STM32L0xx_HAL_Driver/Src/stm32l0xx_hal_tim_ex.o
 .debug_macro   0x00000000000167a3      0x212 Drivers/STM32L0xx_HAL_Driver/Src/stm32l0xx_hal_uart.o
 .debug_macro   0x00000000000169b5      0x386 Mantarray/Src/Bus.o
 .debug_macro   0x0000000000016d3b      0x10e Mantarray/Src/Bus.o
 .debug_macro   0x0000000000016e49       0x8d Mantarray/Src/Bus.o
 .debug_macro   0x0000000000016ed6       0xaf Mantarray/Src/Bus.o
 .debug_macro   0x0000000000016f85       0x55 Mantarray/Src/Bus.o
 .debug_macro   0x0000000000016fda      0x386 Mantarray/Src/EEPROM.o
 .debug_macro   0x0000000000017360      0x42a Mantarray/Src/GlobalTimer.o
 .debug_macro   0x000000000001778a       0x10 Mantarray/Src/GlobalTimer.o
 .debug_macro   0x000000000001779a      0x3d8 Mantarray/Src/Magnetometer.o
 .debug_macro   0x0000000000017b72       0x16 Mantarray/Src/Magnetometer.o
 .debug_macro   0x0000000000017b88       0x97 Mantarray/Src/Magnetometer.o
 .debug_macro   0x0000000000017c1f       0xfd Mantarray/Src/Magnetometer.o
 .debug_macro   0x0000000000017d1c      0x11e Mantarray/Src/Magnetometer.o
 .debug_macro   0x0000000000017e3a       0x34 Mantarray/Src/Magnetometer.o
 .debug_macro   0x0000000000017e6e      0x383 Mantarray/Src/i2c_network_interface.o
 .debug_macro   0x00000000000181f1      0x37d Mantarray/Src/lis3mdl_driver.o
 .debug_macro   0x000000000001856e      0x3cc Mantarray/Src/mmc5983_driver.o
 .debug_macro   0x000000000001893a      0x420 Mantarray/Src/system.o

.debug_line     0x0000000000000000    0x1cf5d
 .debug_line    0x0000000000000000      0x7cb Core/Src/adc.o
 .debug_line    0x00000000000007cb      0x775 Core/Src/gpio.o
 .debug_line    0x0000000000000f40      0x7c7 Core/Src/i2c.o
 .debug_line    0x0000000000001707      0xaed Core/Src/main.o
 .debug_line    0x00000000000021f4      0x7b6 Core/Src/spi.o
 .debug_line    0x00000000000029aa      0x745 Core/Src/stm32l0xx_hal_msp.o
 .debug_line    0x00000000000030ef      0x7a9 Core/Src/stm32l0xx_it.o
 .debug_line    0x0000000000003898      0x4f8 Core/Src/sysmem.o
 .debug_line    0x0000000000003d90      0x7f5 Core/Src/system_stm32l0xx.o
 .debug_line    0x0000000000004585      0x89b Core/Src/tim.o
 .debug_line    0x0000000000004e20      0x7b7 Core/Src/usart.o
 .debug_line    0x00000000000055d7       0x89 Core/Startup/startup_stm32l052t8yx.o
 .debug_line    0x0000000000005660      0xa98 Drivers/STM32L0xx_HAL_Driver/Src/stm32l0xx_hal.o
 .debug_line    0x00000000000060f8     0x116b Drivers/STM32L0xx_HAL_Driver/Src/stm32l0xx_hal_adc.o
 .debug_line    0x0000000000007263      0xb66 Drivers/STM32L0xx_HAL_Driver/Src/stm32l0xx_hal_cortex.o
 .debug_line    0x0000000000007dc9      0xc87 Drivers/STM32L0xx_HAL_Driver/Src/stm32l0xx_hal_dma.o
 .debug_line    0x0000000000008a50      0xb11 Drivers/STM32L0xx_HAL_Driver/Src/stm32l0xx_hal_flash.o
 .debug_line    0x0000000000009561      0xd8b Drivers/STM32L0xx_HAL_Driver/Src/stm32l0xx_hal_flash_ex.o
 .debug_line    0x000000000000a2ec      0xb34 Drivers/STM32L0xx_HAL_Driver/Src/stm32l0xx_hal_gpio.o
 .debug_line    0x000000000000ae20     0x3315 Drivers/STM32L0xx_HAL_Driver/Src/stm32l0xx_hal_i2c.o
 .debug_line    0x000000000000e135      0x962 Drivers/STM32L0xx_HAL_Driver/Src/stm32l0xx_hal_i2c_ex.o
 .debug_line    0x000000000000ea97      0xf13 Drivers/STM32L0xx_HAL_Driver/Src/stm32l0xx_hal_rcc.o
 .debug_line    0x000000000000f9aa      0xdc8 Drivers/STM32L0xx_HAL_Driver/Src/stm32l0xx_hal_rcc_ex.o
 .debug_line    0x0000000000010772     0x1cb4 Drivers/STM32L0xx_HAL_Driver/Src/stm32l0xx_hal_spi.o
 .debug_line    0x0000000000012426     0x2ec8 Drivers/STM32L0xx_HAL_Driver/Src/stm32l0xx_hal_tim.o
 .debug_line    0x00000000000152ee      0x812 Drivers/STM32L0xx_HAL_Driver/Src/stm32l0xx_hal_tim_ex.o
 .debug_line    0x0000000000015b00     0x1e1e Drivers/STM32L0xx_HAL_Driver/Src/stm32l0xx_hal_uart.o
 .debug_line    0x000000000001791e      0xc6d Mantarray/Src/Bus.o
 .debug_line    0x000000000001858b      0x9b5 Mantarray/Src/EEPROM.o
 .debug_line    0x0000000000018f40      0xaf0 Mantarray/Src/GlobalTimer.o
 .debug_line    0x0000000000019a30      0xaaa Mantarray/Src/Magnetometer.o
 .debug_line    0x000000000001a4da      0xa2b Mantarray/Src/i2c_network_interface.o
 .debug_line    0x000000000001af05      0x9fa Mantarray/Src/lis3mdl_driver.o
 .debug_line    0x000000000001b8ff      0xaa9 Mantarray/Src/mmc5983_driver.o
 .debug_line    0x000000000001c3a8      0xbb5 Mantarray/Src/system.o

.debug_str      0x0000000000000000    0x86365
 .debug_str     0x0000000000000000    0x7b456 Core/Src/adc.o
                                      0x7b7d0 (size before relaxing)
 .debug_str     0x000000000007b456       0xa9 Core/Src/gpio.o
                                      0x7b3f9 (size before relaxing)
 .debug_str     0x000000000007b4ff      0x418 Core/Src/i2c.o
                                      0x7ba5c (size before relaxing)
 .debug_str     0x000000000007b917     0x599b Core/Src/main.o
                                      0x814c3 (size before relaxing)
 .debug_str     0x00000000000812b2       0x4b Core/Src/spi.o
                                      0x7b7fd (size before relaxing)
 .debug_str     0x00000000000812fd       0x2c Core/Src/stm32l0xx_hal_msp.o
                                      0x7b369 (size before relaxing)
 .debug_str     0x0000000000081329       0x76 Core/Src/stm32l0xx_it.o
                                      0x7b31b (size before relaxing)
 .debug_str     0x000000000008139f      0x4e9 Core/Src/sysmem.o
                                       0x61c5 (size before relaxing)
 .debug_str     0x0000000000081888       0x61 Core/Src/system_stm32l0xx.o
                                      0x7af3f (size before relaxing)
 .debug_str     0x00000000000818e9      0x104 Core/Src/tim.o
                                      0x7b9bd (size before relaxing)
 .debug_str     0x00000000000819ed       0x57 Core/Src/usart.o
                                      0x7b831 (size before relaxing)
 .debug_str     0x0000000000081a44       0x36 Core/Startup/startup_stm32l052t8yx.o
                                         0x83 (size before relaxing)
 .debug_str     0x0000000000081a7a      0x3ee Drivers/STM32L0xx_HAL_Driver/Src/stm32l0xx_hal.o
                                      0x7b5b2 (size before relaxing)
 .debug_str     0x0000000000081e68      0x33e Drivers/STM32L0xx_HAL_Driver/Src/stm32l0xx_hal_adc.o
                                      0x7b62a (size before relaxing)
 .debug_str     0x00000000000821a6      0x2c6 Drivers/STM32L0xx_HAL_Driver/Src/stm32l0xx_hal_cortex.o
                                      0x7b3c7 (size before relaxing)
 .debug_str     0x000000000008246c      0x267 Drivers/STM32L0xx_HAL_Driver/Src/stm32l0xx_hal_dma.o
                                      0x7b2f1 (size before relaxing)
 .debug_str     0x00000000000826d3      0x236 Drivers/STM32L0xx_HAL_Driver/Src/stm32l0xx_hal_flash.o
                                      0x7b167 (size before relaxing)
 .debug_str     0x0000000000082909      0x3ae Drivers/STM32L0xx_HAL_Driver/Src/stm32l0xx_hal_flash_ex.o
                                      0x7b446 (size before relaxing)
 .debug_str     0x0000000000082cb7      0x1e9 Drivers/STM32L0xx_HAL_Driver/Src/stm32l0xx_hal_gpio.o
                                      0x7b1e4 (size before relaxing)
 .debug_str     0x0000000000082ea0      0xd39 Drivers/STM32L0xx_HAL_Driver/Src/stm32l0xx_hal_i2c.o
                                      0x7c1aa (size before relaxing)
 .debug_str     0x0000000000083bd9       0xb8 Drivers/STM32L0xx_HAL_Driver/Src/stm32l0xx_hal_i2c_ex.o
                                      0x7b4ef (size before relaxing)
 .debug_str     0x0000000000083c91      0x26e Drivers/STM32L0xx_HAL_Driver/Src/stm32l0xx_hal_rcc.o
                                      0x7b3f1 (size before relaxing)
 .debug_str     0x0000000000083eff      0x340 Drivers/STM32L0xx_HAL_Driver/Src/stm32l0xx_hal_rcc_ex.o
                                      0x7b3fb (size before relaxing)
 .debug_str     0x000000000008423f      0x564 Drivers/STM32L0xx_HAL_Driver/Src/stm32l0xx_hal_spi.o
                                      0x7b821 (size before relaxing)
 .debug_str     0x00000000000847a3      0xd89 Drivers/STM32L0xx_HAL_Driver/Src/stm32l0xx_hal_tim.o
                                      0x7c228 (size before relaxing)
 .debug_str     0x000000000008552c       0x7d Drivers/STM32L0xx_HAL_Driver/Src/stm32l0xx_hal_tim_ex.o
                                      0x7b406 (size before relaxing)
 .debug_str     0x00000000000855a9      0x880 Drivers/STM32L0xx_HAL_Driver/Src/stm32l0xx_hal_uart.o
                                      0x7bc34 (size before relaxing)
 .debug_str     0x0000000000085e29       0xe9 Mantarray/Src/Bus.o
                                      0x7f655 (size before relaxing)
 .debug_str     0x0000000000085f12       0x48 Mantarray/Src/EEPROM.o
                                      0x7f645 (size before relaxing)
 .debug_str     0x0000000000085f5a       0xa7 Mantarray/Src/GlobalTimer.o
                                      0x80d3f (size before relaxing)
 .debug_str     0x0000000000086001      0x101 Mantarray/Src/Magnetometer.o
                                      0x80329 (size before relaxing)
 .debug_str     0x0000000000086102       0x71 Mantarray/Src/i2c_network_interface.o
                                      0x7f74e (size before relaxing)
 .debug_str     0x0000000000086173       0xb8 Mantarray/Src/lis3mdl_driver.o
                                      0x7f772 (size before relaxing)
 .debug_str     0x000000000008622b       0x9e Mantarray/Src/mmc5983_driver.o
                                      0x80017 (size before relaxing)
 .debug_str     0x00000000000862c9       0x9c Mantarray/Src/system.o
                                      0x80f4b (size before relaxing)

.comment        0x0000000000000000       0x53
 .comment       0x0000000000000000       0x53 Core/Src/adc.o
                                         0x54 (size before relaxing)
 .comment       0x0000000000000053       0x54 Core/Src/gpio.o
 .comment       0x0000000000000053       0x54 Core/Src/i2c.o
 .comment       0x0000000000000053       0x54 Core/Src/main.o
 .comment       0x0000000000000053       0x54 Core/Src/spi.o
 .comment       0x0000000000000053       0x54 Core/Src/stm32l0xx_hal_msp.o
 .comment       0x0000000000000053       0x54 Core/Src/stm32l0xx_it.o
 .comment       0x0000000000000053       0x54 Core/Src/sysmem.o
 .comment       0x0000000000000053       0x54 Core/Src/system_stm32l0xx.o
 .comment       0x0000000000000053       0x54 Core/Src/tim.o
 .comment       0x0000000000000053       0x54 Core/Src/usart.o
 .comment       0x0000000000000053       0x54 Drivers/STM32L0xx_HAL_Driver/Src/stm32l0xx_hal.o
 .comment       0x0000000000000053       0x54 Drivers/STM32L0xx_HAL_Driver/Src/stm32l0xx_hal_adc.o
 .comment       0x0000000000000053       0x54 Drivers/STM32L0xx_HAL_Driver/Src/stm32l0xx_hal_cortex.o
 .comment       0x0000000000000053       0x54 Drivers/STM32L0xx_HAL_Driver/Src/stm32l0xx_hal_dma.o
 .comment       0x0000000000000053       0x54 Drivers/STM32L0xx_HAL_Driver/Src/stm32l0xx_hal_flash.o
 .comment       0x0000000000000053       0x54 Drivers/STM32L0xx_HAL_Driver/Src/stm32l0xx_hal_flash_ex.o
 .comment       0x0000000000000053       0x54 Drivers/STM32L0xx_HAL_Driver/Src/stm32l0xx_hal_gpio.o
 .comment       0x0000000000000053       0x54 Drivers/STM32L0xx_HAL_Driver/Src/stm32l0xx_hal_i2c.o
 .comment       0x0000000000000053       0x54 Drivers/STM32L0xx_HAL_Driver/Src/stm32l0xx_hal_i2c_ex.o
 .comment       0x0000000000000053       0x54 Drivers/STM32L0xx_HAL_Driver/Src/stm32l0xx_hal_rcc.o
 .comment       0x0000000000000053       0x54 Drivers/STM32L0xx_HAL_Driver/Src/stm32l0xx_hal_rcc_ex.o
 .comment       0x0000000000000053       0x54 Drivers/STM32L0xx_HAL_Driver/Src/stm32l0xx_hal_spi.o
 .comment       0x0000000000000053       0x54 Drivers/STM32L0xx_HAL_Driver/Src/stm32l0xx_hal_tim.o
 .comment       0x0000000000000053       0x54 Drivers/STM32L0xx_HAL_Driver/Src/stm32l0xx_hal_tim_ex.o
 .comment       0x0000000000000053       0x54 Drivers/STM32L0xx_HAL_Driver/Src/stm32l0xx_hal_uart.o
 .comment       0x0000000000000053       0x54 Mantarray/Src/Bus.o
 .comment       0x0000000000000053       0x54 Mantarray/Src/EEPROM.o
 .comment       0x0000000000000053       0x54 Mantarray/Src/GlobalTimer.o
 .comment       0x0000000000000053       0x54 Mantarray/Src/Magnetometer.o
 .comment       0x0000000000000053       0x54 Mantarray/Src/i2c_network_interface.o
 .comment       0x0000000000000053       0x54 Mantarray/Src/lis3mdl_driver.o
 .comment       0x0000000000000053       0x54 Mantarray/Src/mmc5983_driver.o
 .comment       0x0000000000000053       0x54 Mantarray/Src/system.o

.debug_frame    0x0000000000000000     0x4ab4
 .debug_frame   0x0000000000000000       0x70 Core/Src/adc.o
 .debug_frame   0x0000000000000070       0x30 Core/Src/gpio.o
 .debug_frame   0x00000000000000a0       0x6c Core/Src/i2c.o
 .debug_frame   0x000000000000010c       0x68 Core/Src/main.o
 .debug_frame   0x0000000000000174       0x6c Core/Src/spi.o
 .debug_frame   0x00000000000001e0       0x2c Core/Src/stm32l0xx_hal_msp.o
 .debug_frame   0x000000000000020c       0x9c Core/Src/stm32l0xx_it.o
 .debug_frame   0x00000000000002a8       0x30 Core/Src/sysmem.o
 .debug_frame   0x00000000000002d8       0x4c Core/Src/system_stm32l0xx.o
 .debug_frame   0x0000000000000324       0xb0 Core/Src/tim.o
 .debug_frame   0x00000000000003d4       0x6c Core/Src/usart.o
 .debug_frame   0x0000000000000440      0x394 Drivers/STM32L0xx_HAL_Driver/Src/stm32l0xx_hal.o
 .debug_frame   0x00000000000007d4      0x3c0 Drivers/STM32L0xx_HAL_Driver/Src/stm32l0xx_hal_adc.o
 .debug_frame   0x0000000000000b94      0x2fc Drivers/STM32L0xx_HAL_Driver/Src/stm32l0xx_hal_cortex.o
 .debug_frame   0x0000000000000e90      0x1b0 Drivers/STM32L0xx_HAL_Driver/Src/stm32l0xx_hal_dma.o
 .debug_frame   0x0000000000001040      0x1a4 Drivers/STM32L0xx_HAL_Driver/Src/stm32l0xx_hal_flash.o
 .debug_frame   0x00000000000011e4      0x344 Drivers/STM32L0xx_HAL_Driver/Src/stm32l0xx_hal_flash_ex.o
 .debug_frame   0x0000000000001528      0x110 Drivers/STM32L0xx_HAL_Driver/Src/stm32l0xx_hal_gpio.o