Archive member included to satisfy reference by file (symbol)

c:/st/stm32cubeide_1.5.1/stm32cubeide/plugins/com.st.stm32cube.ide.mcu.externaltools.gnu-tools-for-stm32.9-2020-q2-update.win32_1.5.0.202011040924/tools/bin/../lib/gcc/arm-none-eabi/9.3.1/../../../../arm-none-eabi/lib/thumb/v6-m/nofp\libc_nano.a(lib_a-errno.o)
                              Core/Src/syscalls.o (__errno)
c:/st/stm32cubeide_1.5.1/stm32cubeide/plugins/com.st.stm32cube.ide.mcu.externaltools.gnu-tools-for-stm32.9-2020-q2-update.win32_1.5.0.202011040924/tools/bin/../lib/gcc/arm-none-eabi/9.3.1/../../../../arm-none-eabi/lib/thumb/v6-m/nofp\libc_nano.a(lib_a-exit.o)
                              c:/st/stm32cubeide_1.5.1/stm32cubeide/plugins/com.st.stm32cube.ide.mcu.externaltools.gnu-tools-for-stm32.9-2020-q2-update.win32_1.5.0.202011040924/tools/bin/../lib/gcc/arm-none-eabi/9.3.1/../../../../arm-none-eabi/lib/thumb/v6-m/nofp/crt0.o (exit)
c:/st/stm32cubeide_1.5.1/stm32cubeide/plugins/com.st.stm32cube.ide.mcu.externaltools.gnu-tools-for-stm32.9-2020-q2-update.win32_1.5.0.202011040924/tools/bin/../lib/gcc/arm-none-eabi/9.3.1/../../../../arm-none-eabi/lib/thumb/v6-m/nofp\libc_nano.a(lib_a-impure.o)
                              c:/st/stm32cubeide_1.5.1/stm32cubeide/plugins/com.st.stm32cube.ide.mcu.externaltools.gnu-tools-for-stm32.9-2020-q2-update.win32_1.5.0.202011040924/tools/bin/../lib/gcc/arm-none-eabi/9.3.1/../../../../arm-none-eabi/lib/thumb/v6-m/nofp\libc_nano.a(lib_a-exit.o) (_global_impure_ptr)
c:/st/stm32cubeide_1.5.1/stm32cubeide/plugins/com.st.stm32cube.ide.mcu.externaltools.gnu-tools-for-stm32.9-2020-q2-update.win32_1.5.0.202011040924/tools/bin/../lib/gcc/arm-none-eabi/9.3.1/../../../../arm-none-eabi/lib/thumb/v6-m/nofp\libc_nano.a(lib_a-init.o)
                              c:/st/stm32cubeide_1.5.1/stm32cubeide/plugins/com.st.stm32cube.ide.mcu.externaltools.gnu-tools-for-stm32.9-2020-q2-update.win32_1.5.0.202011040924/tools/bin/../lib/gcc/arm-none-eabi/9.3.1/../../../../arm-none-eabi/lib/thumb/v6-m/nofp/crt0.o (__libc_init_array)
c:/st/stm32cubeide_1.5.1/stm32cubeide/plugins/com.st.stm32cube.ide.mcu.externaltools.gnu-tools-for-stm32.9-2020-q2-update.win32_1.5.0.202011040924/tools/bin/../lib/gcc/arm-none-eabi/9.3.1/../../../../arm-none-eabi/lib/thumb/v6-m/nofp\libc_nano.a(lib_a-malloc.o)
                              Mantarray/Src/Bus.o (malloc)
c:/st/stm32cubeide_1.5.1/stm32cubeide/plugins/com.st.stm32cube.ide.mcu.externaltools.gnu-tools-for-stm32.9-2020-q2-update.win32_1.5.0.202011040924/tools/bin/../lib/gcc/arm-none-eabi/9.3.1/../../../../arm-none-eabi/lib/thumb/v6-m/nofp\libc_nano.a(lib_a-memset.o)
                              c:/st/stm32cubeide_1.5.1/stm32cubeide/plugins/com.st.stm32cube.ide.mcu.externaltools.gnu-tools-for-stm32.9-2020-q2-update.win32_1.5.0.202011040924/tools/bin/../lib/gcc/arm-none-eabi/9.3.1/../../../../arm-none-eabi/lib/thumb/v6-m/nofp/crt0.o (memset)
c:/st/stm32cubeide_1.5.1/stm32cubeide/plugins/com.st.stm32cube.ide.mcu.externaltools.gnu-tools-for-stm32.9-2020-q2-update.win32_1.5.0.202011040924/tools/bin/../lib/gcc/arm-none-eabi/9.3.1/../../../../arm-none-eabi/lib/thumb/v6-m/nofp\libc_nano.a(lib_a-nano-freer.o)
                              c:/st/stm32cubeide_1.5.1/stm32cubeide/plugins/com.st.stm32cube.ide.mcu.externaltools.gnu-tools-for-stm32.9-2020-q2-update.win32_1.5.0.202011040924/tools/bin/../lib/gcc/arm-none-eabi/9.3.1/../../../../arm-none-eabi/lib/thumb/v6-m/nofp\libc_nano.a(lib_a-malloc.o) (_free_r)
c:/st/stm32cubeide_1.5.1/stm32cubeide/plugins/com.st.stm32cube.ide.mcu.externaltools.gnu-tools-for-stm32.9-2020-q2-update.win32_1.5.0.202011040924/tools/bin/../lib/gcc/arm-none-eabi/9.3.1/../../../../arm-none-eabi/lib/thumb/v6-m/nofp\libc_nano.a(lib_a-nano-mallocr.o)
                              c:/st/stm32cubeide_1.5.1/stm32cubeide/plugins/com.st.stm32cube.ide.mcu.externaltools.gnu-tools-for-stm32.9-2020-q2-update.win32_1.5.0.202011040924/tools/bin/../lib/gcc/arm-none-eabi/9.3.1/../../../../arm-none-eabi/lib/thumb/v6-m/nofp\libc_nano.a(lib_a-malloc.o) (_malloc_r)
c:/st/stm32cubeide_1.5.1/stm32cubeide/plugins/com.st.stm32cube.ide.mcu.externaltools.gnu-tools-for-stm32.9-2020-q2-update.win32_1.5.0.202011040924/tools/bin/../lib/gcc/arm-none-eabi/9.3.1/../../../../arm-none-eabi/lib/thumb/v6-m/nofp\libc_nano.a(lib_a-sbrkr.o)
                              c:/st/stm32cubeide_1.5.1/stm32cubeide/plugins/com.st.stm32cube.ide.mcu.externaltools.gnu-tools-for-stm32.9-2020-q2-update.win32_1.5.0.202011040924/tools/bin/../lib/gcc/arm-none-eabi/9.3.1/../../../../arm-none-eabi/lib/thumb/v6-m/nofp\libc_nano.a(lib_a-nano-mallocr.o) (_sbrk_r)
c:/st/stm32cubeide_1.5.1/stm32cubeide/plugins/com.st.stm32cube.ide.mcu.externaltools.gnu-tools-for-stm32.9-2020-q2-update.win32_1.5.0.202011040924/tools/bin/../lib/gcc/arm-none-eabi/9.3.1/../../../../arm-none-eabi/lib/thumb/v6-m/nofp\libc_nano.a(lib_a-mlock.o)
[...]
Memory Configuration

Name             Origin             Length             Attributes
RAM              0x0000000020000000 0x0000000000002000 xrw
FLASH            0x0000000008000000 0x0000000000010000 xr
*default*        0x0000000000000000 0xffffffffffffffff

Linker script and memory map

LOAD c:/st/stm32cubeide_1.5.1/stm32cubeide/plugins/com.st.stm32cube.ide.mcu.externaltools.gnu-tools-for-stm32.9-2020-q2-update.win32_1.5.0.202011040924/tools/bin/../lib/gcc/arm-none-eabi/9.3.1/thumb/v6-m/nofp/crti.o
LOAD c:/st/stm32cubeide_1.5.1/stm32cubeide/plugins/com.st.stm32cube.ide.mcu.externaltools.gnu-tools-for-stm32.9-2020-q2-update.win32_1.5.0.202011040924/tools/bin/../lib/gcc/arm-none-eabi/9.3.1/thumb/v6-m/nofp/crtbegin.o
LOAD c:/st/stm32cubeide_1.5.1/stm32cubeide/plugins/com.st.stm32cube.ide.mcu.externaltools.gnu-tools-for-stm32.9-2020-q2-update.win32_1.5.0.202011040924/tools/bin/../lib/gcc/arm-none-eabi/9.3.1/../../../../arm-none-eabi/lib/thumb/v6-m/nofp/crt0.o
LOAD Core/Src/adc.o
LOAD Core/Src/gpio.o
LOAD Core/Src/i2c.o
LOAD Core/Src/main.o
LOAD Core/Src/spi.o
LOAD Core/Src/stm32l0xx_hal_msp.o
LOAD Core/Src/stm32l0xx_it.o
LOAD Core/Src/syscalls.o
LOAD Core/Src/sysmem.o
LOAD Core/Src/system_stm32l0xx.o
LOAD Core/Src/tim.o
LOAD Core/Src/usart.o
LOAD Core/Startup/startup_stm32l052t8yx.o
LOAD Drivers/STM32L0xx_HAL_Driver/Src/stm32l0xx_hal.o
LOAD Drivers/STM32L0xx_HAL_Driver/Src/stm32l0xx_hal_adc.o
LOAD Drivers/STM32L0xx_HAL_Driver/Src/stm32l0xx_hal_adc_ex.o
LOAD Drivers/STM32L0xx_HAL_Driver/Src/stm32l0xx_hal_cortex.o
LOAD Drivers/STM32L0xx_HAL_Driver/Src/stm32l0xx_hal_dma.o
LOAD Drivers/STM32L0xx_HAL_Driver/Src/stm32l0xx_hal_exti.o
LOAD Drivers/STM32L0xx_HAL_Driver/Src/stm32l0xx_hal_flash.o
LOAD Drivers/STM32L0xx_HAL_Driver/Src/stm32l0xx_hal_flash_ex.o
LOAD Drivers/STM32L0xx_HAL_Driver/Src/stm32l0xx_hal_flash_ramfunc.o
LOAD Drivers/STM32L0xx_HAL_Driver/Src/stm32l0xx_hal_gpio.o
LOAD Drivers/STM32L0xx_HAL_Driver/Src/stm32l0xx_hal_i2c.o
LOAD Drivers/STM32L0xx_HAL_Driver/Src/stm32l0xx_hal_i2c_ex.o
LOAD Drivers/STM32L0xx_HAL_Driver/Src/stm32l0xx_hal_pwr.o
LOAD Drivers/STM32L0xx_HAL_Driver/Src/stm32l0xx_hal_pwr_ex.o
LOAD Drivers/STM32L0xx_HAL_Driver/Src/stm32l0xx_hal_rcc.o
LOAD Drivers/STM32L0xx_HAL_Driver/Src/stm32l0xx_hal_rcc_ex.o
LOAD Drivers/STM32L0xx_HAL_Driver/Src/stm32l0xx_hal_spi.o
LOAD Drivers/STM32L0xx_HAL_Driver/Src/stm32l0xx_hal_tim.o
LOAD Drivers/STM32L0xx_HAL_Driver/Src/stm32l0xx_hal_tim_ex.o
LOAD Drivers/STM32L0xx_HAL_Driver/Src/stm32l0xx_hal_uart.o
LOAD Drivers/STM32L0xx_HAL_Driver/Src/stm32l0xx_hal_uart_ex.o
LOAD Mantarray/Src/Bus.o
LOAD Mantarray/Src/EEPROM.o
LOAD Mantarray/Src/GlobalTimer.o
LOAD Mantarray/Src/Magnetometer.o
LOAD Mantarray/Src/UART_Comm.o
LOAD Mantarray/Src/i2c_network_interface.o
LOAD Mantarray/Src/lis3mdl_driver.o
LOAD Mantarray/Src/mmc5983_driver.o
LOAD Mantarray/Src/system.o
START GROUP
LOAD c:/st/stm32cubeide_1.5.1/stm32cubeide/plugins/com.st.stm32cube.ide.mcu.externaltools.gnu-tools-for-stm32.9-2020-q2-update.win32_1.5.0.202011040924/tools/bin/../lib/gcc/arm-none-eabi/9.3.1/../../../../arm-none-eabi/lib/thumb/v6-m/nofp\libc_nano.a
LOAD c:/st/stm32cubeide_1.5.1/stm32cubeide/plugins/com.st.stm32cube.ide.mcu.externaltools.gnu-tools-for-stm32.9-2020-q2-update.win32_1.5.0.202011040924/tools/bin/../lib/gcc/arm-none-eabi/9.3.1/../../../../arm-none-eabi/lib/thumb/v6-m/nofp\libm.a
END GROUP
START GROUP
LOAD c:/st/stm32cubeide_1.5.1/stm32cubeide/plugins/com.st.stm32cube.ide.mcu.externaltools.gnu-tools-for-stm32.9-2020-q2-update.win32_1.5.0.202011040924/tools/bin/../lib/gcc/arm-none-eabi/9.3.1/thumb/v6-m/nofp\libgcc.a
LOAD c:/st/stm32cubeide_1.5.1/stm32cubeide/plugins/com.st.stm32cube.ide.mcu.externaltools.gnu-tools-for-stm32.9-2020-q2-update.win32_1.5.0.202011040924/tools/bin/../lib/gcc/arm-none-eabi/9.3.1/../../../../arm-none-eabi/lib/thumb/v6-m/nofp\libc_nano.a
END GROUP
START GROUP
LOAD c:/st/stm32cubeide_1.5.1/stm32cubeide/plugins/com.st.stm32cube.ide.mcu.externaltools.gnu-tools-for-stm32.9-2020-q2-update.win32_1.5.0.202011040924/tools/bin/../lib/gcc/arm-none-eabi/9.3.1/thumb/v6-m/nofp\libgcc.a
LOAD c:/st/stm32cubeide_1.5.1/stm32cubeide/plugins/com.st.stm32cube.ide.mcu.externaltools.gnu-tools-for-stm32.9-2020-q2-update.win32_1.5.0.202011040924/tools/bin/../lib/gcc/arm-none-eabi/9.3.1/../../../../arm-none-eabi/lib/thumb/v6-m/nofp\libc_nano.a
LOAD c:/st/stm32cubeide_1.5.1/stm32cubeide/plugins/com.st.stm32cube.ide.mcu.externaltools.gnu-tools-for-stm32.9-2020-q2-update.win32_1.5.0.202011040924/tools/bin/../lib/gcc/arm-none-eabi/9.3.1/../../../../arm-none-eabi/lib/thumb/v6-m/nofp\libnosys.a
END GROUP
START GROUP
LOAD c:/st/stm32cubeide_1.5.1/stm32cubeide/plugins/com.st.stm32cube.ide.mcu.externaltools.gnu-tools-for-stm32.9-2020-q2-update.win32_1.5.0.202011040924/tools/bin/../lib/gcc/arm-none-eabi/9.3.1/thumb/v6-m/nofp\libgcc.a
LOAD c:/st/stm32cubeide_1.5.1/stm32cubeide/plugins/com.st.stm32cube.ide.mcu.externaltools.gnu-tools-for-stm32.9-2020-q2-update.win32_1.5.0.202011040924/tools/bin/../lib/gcc/arm-none-eabi/9.3.1/../../../../arm-none-eabi/lib/thumb/v6-m/nofp\libc_nano.a
LOAD c:/st/stm32cubeide_1.5.1/stm32cubeide/plugins/com.st.stm32cube.ide.mcu.externaltools.gnu-tools-for-stm32.9-2020-q2-update.win32_1.5.0.202011040924/tools/bin/../lib/gcc/arm-none-eabi/9.3.1/../../../../arm-none-eabi/lib/thumb/v6-m/nofp\libnosys.a
END GROUP
LOAD c:/st/stm32cubeide_1.5.1/stm32cubeide/plugins/com.st.stm32cube.ide.mcu.externaltools.gnu-tools-for-stm32.9-2020-q2-update.win32_1.5.0.202011040924/tools/bin/../lib/gcc/arm-none-eabi/9.3.1/thumb/v6-m/nofp/crtend.o
LOAD c:/st/stm32cubeide_1.5.1/stm32cubeide/plugins/com.st.stm32cube.ide.mcu.externaltools.gnu-tools-for-stm32.9-2020-q2-update.win32_1.5.0.202011040924/tools/bin/../lib/gcc/arm-none-eabi/9.3.1/thumb/v6-m/nofp/crtn.o
                0x0000000020002000                _estack = (ORIGIN (RAM) + LENGTH (RAM))
                0x0000000000000200                _Min_Heap_Size = 0x200
                0x0000000000000400                _Min_Stack_Size = 0x400

.isr_vector     0x0000000008000000       0xc0
                0x0000000008000000                . = ALIGN (0x4)
 *(.isr_vector)
 .isr_vector    0x0000000008000000       0xc0 Core/Startup/startup_stm32l052t8yx.o
                0x0000000008000000                g_pfnVectors
                0x00000000080000c0                . = ALIGN (0x4)

.text           0x00000000080000c0     0x4888
                0x00000000080000c0                . = ALIGN (0x4)
 *(.text)
 .text          0x00000000080000c0       0x48 c:/st/stm32cubeide_1.5.1/stm32cubeide/plugins/com.st.stm32cube.ide.mcu.externaltools.gnu-tools-for-stm32.9-2020-q2-update.win32_1.5.0.202011040924/tools/bin/../lib/gcc/arm-none-eabi/9.3.1/thumb/v6-m/nofp/crtbegin.o
 .text          0x0000000008000108      0x114 c:/st/stm32cubeide_1.5.1/stm32cubeide/plugins/com.st.stm32cube.ide.mcu.externaltools.gnu-tools-for-stm32.9-2020-q2-update.win32_1.5.0.202011040924/tools/bin/../lib/gcc/arm-none-eabi/9.3.1/thumb/v6-m/nofp\libgcc.a(_udivsi3.o)
                0x0000000008000108                __aeabi_uidiv
                0x0000000008000108                __udivsi3
                0x0000000008000214                __aeabi_uidivmod
 .text          0x000000000800021c        0x4 c:/st/stm32cubeide_1.5.1/stm32cubeide/plugins/com.st.stm32cube.ide.mcu.externaltools.gnu-tools-for-stm32.9-2020-q2-update.win32_1.5.0.202011040924/tools/bin/../lib/gcc/arm-none-eabi/9.3.1/thumb/v6-m/nofp\libgcc.a(_dvmd_tls.o)
                0x000000000800021c                __aeabi_idiv0
                0x000000000800021c                __aeabi_ldiv0
 .text          0x0000000008000220       0x40 c:/st/stm32cubeide_1.5.1/stm32cubeide/plugins/com.st.stm32cube.ide.mcu.externaltools.gnu-tools-for-stm32.9-2020-q2-update.win32_1.5.0.202011040924/tools/bin/../lib/gcc/arm-none-eabi/9.3.1/thumb/v6-m/nofp\libgcc.a(_aeabi_uldivmod.o)
                0x0000000008000220                __aeabi_uldivmod
 .text          0x0000000008000260       0x50 c:/st/stm32cubeide_1.5.1/stm32cubeide/plugins/com.st.stm32cube.ide.mcu.externaltools.gnu-tools-for-stm32.9-2020-q2-update.win32_1.5.0.202011040924/tools/bin/../lib/gcc/arm-none-eabi/9.3.1/thumb/v6-m/nofp\libgcc.a(_muldi3.o)
                0x0000000008000260                __muldi3
                0x0000000008000260                __aeabi_lmul
 .text          0x00000000080002b0      0x198 c:/st/stm32cubeide_1.5.1/stm32cubeide/plugins/com.st.stm32cube.ide.mcu.externaltools.gnu-tools-for-stm32.9-2020-q2-update.win32_1.5.0.202011040924/tools/bin/../lib/gcc/arm-none-eabi/9.3.1/thumb/v6-m/nofp\libgcc.a(_udivmoddi4.o)
                0x00000000080002b0                __udivmoddi4
 .text          0x0000000008000448       0x18 c:/st/stm32cubeide_1.5.1/stm32cubeide/plugins/com.st.stm32cube.ide.mcu.externaltools.gnu-tools-for-stm32.9-2020-q2-update.win32_1.5.0.202011040924/tools/bin/../lib/gcc/arm-none-eabi/9.3.1/thumb/v6-m/nofp\libgcc.a(_clzdi2.o)
                0x0000000008000448                __clzdi2
 .text          0x0000000008000460       0x3c c:/st/stm32cubeide_1.5.1/stm32cubeide/plugins/com.st.stm32cube.ide.mcu.externaltools.gnu-tools-for-stm32.9-2020-q2-update.win32_1.5.0.202011040924/tools/bin/../lib/gcc/arm-none-eabi/9.3.1/thumb/v6-m/nofp\libgcc.a(_clzsi2.o)
                0x0000000008000460                __clzsi2
 *(.text*)
 .text.MX_ADC_Init
                0x000000000800049c       0x9c Core/Src/adc.o
                0x000000000800049c                MX_ADC_Init
 .text.HAL_ADC_MspInit
                0x0000000008000538       0x20 Core/Src/adc.o
                0x0000000008000538                HAL_ADC_MspInit
 .text.MX_GPIO_Init
                0x0000000008000558       0xcc Core/Src/gpio.o
                0x0000000008000558                MX_GPIO_Init
 .text.MX_I2C2_Init
                0x0000000008000624       0x88 Core/Src/i2c.o
                0x0000000008000624                MX_I2C2_Init
 .text.HAL_I2C_MspInit
                0x00000000080006ac       0x74 Core/Src/i2c.o
                0x00000000080006ac                HAL_I2C_MspInit
 .text.SystemClock_Config
                0x0000000008000720       0xa4 Core/Src/main.o
                0x0000000008000720                SystemClock_Config
 .text.startup.main
                0x00000000080007c4       0x40 Core/Src/main.o
                0x00000000080007c4                main
 .text.Error_Handler
                0x0000000008000804        0x4 Core/Src/main.o
                0x0000000008000804                Error_Handler
 .text.MX_SPI1_Init
                0x0000000008000808       0x4c Core/Src/spi.o
                0x0000000008000808                MX_SPI1_Init
 .text.HAL_SPI_MspInit
                0x0000000008000854       0x64 Core/Src/spi.o
                0x0000000008000854                HAL_SPI_MspInit
 .text.HAL_MspInit
                0x00000000080008b8       0x1c Core/Src/stm32l0xx_hal_msp.o
                0x00000000080008b8                HAL_MspInit
 .text.NMI_Handler
                0x00000000080008d4        0x4 Core/Src/stm32l0xx_it.o
                0x00000000080008d4                NMI_Handler
 .text.HardFault_Handler
                0x00000000080008d8        0x4 Core/Src/stm32l0xx_it.o
                0x00000000080008d8                HardFault_Handler
 .text.SVC_Handler
                0x00000000080008dc        0x4 Core/Src/stm32l0xx_it.o
                0x00000000080008dc                SVC_Handler
 .text.PendSV_Handler
                0x00000000080008e0        0x4 Core/Src/stm32l0xx_it.o
                0x00000000080008e0                PendSV_Handler
 .text.SysTick_Handler
                0x00000000080008e4        0x8 Core/Src/stm32l0xx_it.o
                0x00000000080008e4                SysTick_Handler
 .text.TIM21_IRQHandler
                0x00000000080008ec       0x10 Core/Src/stm32l0xx_it.o
                0x00000000080008ec                TIM21_IRQHandler
 .text._sbrk    0x00000000080008fc       0x44 Core/Src/sysmem.o
                0x00000000080008fc                _sbrk
 .text.SystemInit
                0x0000000008000940        0x4 Core/Src/system_stm32l0xx.o
                0x0000000008000940                SystemInit
 .text.MX_TIM6_Init
                0x0000000008000944       0x60 Core/Src/tim.o
                0x0000000008000944                MX_TIM6_Init
 .text.MX_TIM21_Init
                0x00000000080009a4       0x8c Core/Src/tim.o
                0x00000000080009a4                MX_TIM21_Init
 .text.MX_TIM22_Init
                0x0000000008000a30       0x88 Core/Src/tim.o
                0x0000000008000a30                MX_TIM22_Init
 .text.HAL_TIM_Base_MspInit
                0x0000000008000ab8       0x9c Core/Src/tim.o
                0x0000000008000ab8                HAL_TIM_Base_MspInit
 .text.MX_USART2_UART_Init
                0x0000000008000b54       0x44 Core/Src/usart.o
                0x0000000008000b54                MX_USART2_UART_Init
 .text.HAL_UART_MspInit
                0x0000000008000b98       0x60 Core/Src/usart.o
                0x0000000008000b98                HAL_UART_MspInit
 .text.Reset_Handler
                0x0000000008000bf8       0x50 Core/Startup/startup_stm32l052t8yx.o
                0x0000000008000bf8                Reset_Handler
 .text.Default_Handler
                0x0000000008000c48        0x2 Core/Startup/startup_stm32l052t8yx.o
                0x0000000008000c48                TSC_IRQHandler
                0x0000000008000c48                ADC1_COMP_IRQHandler
                0x0000000008000c48                PVD_IRQHandler
                0x0000000008000c48                I2C1_IRQHandler
                0x0000000008000c48                RCC_CRS_IRQHandler
                0x0000000008000c48                SPI1_IRQHandler
                0x0000000008000c48                TIM6_DAC_IRQHandler
                0x0000000008000c48                EXTI2_3_IRQHandler
                0x0000000008000c48                RTC_IRQHandler
                0x0000000008000c48                DMA1_Channel4_5_6_7_IRQHandler
                0x0000000008000c48                EXTI4_15_IRQHandler
                0x0000000008000c48                DMA1_Channel1_IRQHandler
                0x0000000008000c48                Default_Handler
                0x0000000008000c48                TIM22_IRQHandler
                0x0000000008000c48                EXTI0_1_IRQHandler
                0x0000000008000c48                USB_IRQHandler
                0x0000000008000c48                SPI2_IRQHandler
                0x0000000008000c48                WWDG_IRQHandler
                0x0000000008000c48                TIM2_IRQHandler
                0x0000000008000c48                DMA1_Channel2_3_IRQHandler
                0x0000000008000c48                USART2_IRQHandler
                0x0000000008000c48                FLASH_IRQHandler
                0x0000000008000c48                USART1_IRQHandler
                0x0000000008000c48                RNG_LPUART1_IRQHandler
                0x0000000008000c48                LPTIM1_IRQHandler
 *fill*         0x0000000008000c4a        0x2 
 .text.HAL_InitTick
                0x0000000008000c4c       0x4c Drivers/STM32L0xx_HAL_Driver/Src/stm32l0xx_hal.o
                0x0000000008000c4c                HAL_InitTick
 .text.HAL_Init
                0x0000000008000c98       0x28 Drivers/STM32L0xx_HAL_Driver/Src/stm32l0xx_hal.o
                0x0000000008000c98                HAL_Init
 .text.HAL_IncTick
                0x0000000008000cc0       0x18 Drivers/STM32L0xx_HAL_Driver/Src/stm32l0xx_hal.o
                0x0000000008000cc0                HAL_IncTick
 .text.HAL_GetTick
                0x0000000008000cd8        0xc Drivers/STM32L0xx_HAL_Driver/Src/stm32l0xx_hal.o
                0x0000000008000cd8                HAL_GetTick
 .text.HAL_Delay
                0x0000000008000ce4       0x24 Drivers/STM32L0xx_HAL_Driver/Src/stm32l0xx_hal.o
                0x0000000008000ce4                HAL_Delay
 .text.HAL_ADC_Init
                0x0000000008000d08      0x1c4 Drivers/STM32L0xx_HAL_Driver/Src/stm32l0xx_hal_adc.o
                0x0000000008000d08                HAL_ADC_Init
 .text.HAL_ADC_ConfigChannel
                0x0000000008000ecc       0xd8 Drivers/STM32L0xx_HAL_Driver/Src/stm32l0xx_hal_adc.o
                0x0000000008000ecc                HAL_ADC_ConfigChannel
 .text.HAL_NVIC_SetPriority
                0x0000000008000fa4       0x64 Drivers/STM32L0xx_HAL_Driver/Src/stm32l0xx_hal_cortex.o
                0x0000000008000fa4                HAL_NVIC_SetPriority
 .text.HAL_NVIC_EnableIRQ
                0x0000000008001008       0x18 Drivers/STM32L0xx_HAL_Driver/Src/stm32l0xx_hal_cortex.o
                0x0000000008001008                HAL_NVIC_EnableIRQ
 .text.HAL_SYSTICK_Config
                0x0000000008001020       0x34 Drivers/STM32L0xx_HAL_Driver/Src/stm32l0xx_hal_cortex.o
                0x0000000008001020                HAL_SYSTICK_Config
 .text.HAL_DMA_Abort_IT
                0x0000000008001054       0x4c Drivers/STM32L0xx_HAL_Driver/Src/stm32l0xx_hal_dma.o
                0x0000000008001054                HAL_DMA_Abort_IT
 .text.HAL_DMA_GetState
                0x00000000080010a0        0x8 Drivers/STM32L0xx_HAL_Driver/Src/stm32l0xx_hal_dma.o
                0x00000000080010a0                HAL_DMA_GetState
 .text.FLASH_SetErrorCode
                0x00000000080010a8      0x4b8 Drivers/STM32L0xx_HAL_Driver/Src/stm32l0xx_hal_flash.o
 .text.FLASH_WaitForLastOperation
                0x0000000008001560       0x7c Drivers/STM32L0xx_HAL_Driver/Src/stm32l0xx_hal_flash.o
                0x0000000008001560                FLASH_WaitForLastOperation
 .text.HAL_FLASHEx_DATAEEPROM_Unlock
                0x00000000080015dc       0x30 Drivers/STM32L0xx_HAL_Driver/Src/stm32l0xx_hal_flash_ex.o
                0x00000000080015dc                HAL_FLASHEx_DATAEEPROM_Unlock
 .text.HAL_FLASHEx_DATAEEPROM_Lock
                0x000000000800160c       0x14 Drivers/STM32L0xx_HAL_Driver/Src/stm32l0xx_hal_flash_ex.o
                0x000000000800160c                HAL_FLASHEx_DATAEEPROM_Lock
 .text.HAL_FLASHEx_DATAEEPROM_Program
                0x0000000008001620       0x54 Drivers/STM32L0xx_HAL_Driver/Src/stm32l0xx_hal_flash_ex.o
                0x0000000008001620                HAL_FLASHEx_DATAEEPROM_Program
 .text.HAL_GPIO_Init
                0x0000000008001674      0x1e0 Drivers/STM32L0xx_HAL_Driver/Src/stm32l0xx_hal_gpio.o
                0x0000000008001674                HAL_GPIO_Init
 .text.HAL_GPIO_WritePin
                0x0000000008001854        0xc Drivers/STM32L0xx_HAL_Driver/Src/stm32l0xx_hal_gpio.o
                0x0000000008001854                HAL_GPIO_WritePin
 .text.HAL_I2C_Init
                0x0000000008001860       0xb4 Drivers/STM32L0xx_HAL_Driver/Src/stm32l0xx_hal_i2c.o
                0x0000000008001860                HAL_I2C_Init
 .text.HAL_I2C_Slave_Receive_IT
                0x0000000008001914       0x58 Drivers/STM32L0xx_HAL_Driver/Src/stm32l0xx_hal_i2c.o
                0x0000000008001914                HAL_I2C_Slave_Receive_IT
 .text.HAL_I2C_SlaveTxCpltCallback
                0x000000000800196c        0x4 Drivers/STM32L0xx_HAL_Driver/Src/stm32l0xx_hal_i2c.o
                0x000000000800196c                HAL_I2C_SlaveTxCpltCallback
 .text.HAL_I2C_SlaveRxCpltCallback
                0x0000000008001970        0x4 Drivers/STM32L0xx_HAL_Driver/Src/stm32l0xx_hal_i2c.o
                0x0000000008001970                HAL_I2C_SlaveRxCpltCallback
 .text.I2C_ITSlaveSeqCplt
                0x0000000008001974       0xa0 Drivers/STM32L0xx_HAL_Driver/Src/stm32l0xx_hal_i2c.o
 .text.HAL_I2C_AddrCallback
                0x0000000008001a14        0x4 Drivers/STM32L0xx_HAL_Driver/Src/stm32l0xx_hal_i2c.o
                0x0000000008001a14                HAL_I2C_AddrCallback
 .text.I2C_ITAddrCplt.isra.0.part.0
                0x0000000008001a18       0x8c Drivers/STM32L0xx_HAL_Driver/Src/stm32l0xx_hal_i2c.o
 .text.HAL_I2C_ListenCpltCallback
                0x0000000008001aa4        0x4 Drivers/STM32L0xx_HAL_Driver/Src/stm32l0xx_hal_i2c.o
                0x0000000008001aa4                HAL_I2C_ListenCpltCallback
 .text.HAL_I2C_ErrorCallback
                0x0000000008001aa8        0x4 Drivers/STM32L0xx_HAL_Driver/Src/stm32l0xx_hal_i2c.o
                0x0000000008001aa8                HAL_I2C_ErrorCallback
 .text.HAL_I2C_AbortCpltCallback
                0x0000000008001aac        0x4 Drivers/STM32L0xx_HAL_Driver/Src/stm32l0xx_hal_i2c.o
                0x0000000008001aac                HAL_I2C_AbortCpltCallback
 .text.I2C_DMAAbort
                0x0000000008001ab0       0x40 Drivers/STM32L0xx_HAL_Driver/Src/stm32l0xx_hal_i2c.o
 .text.I2C_ITError
                0x0000000008001af0      0x138 Drivers/STM32L0xx_HAL_Driver/Src/stm32l0xx_hal_i2c.o
 .text.I2C_ITSlaveCplt
                0x0000000008001c28      0x1c0 Drivers/STM32L0xx_HAL_Driver/Src/stm32l0xx_hal_i2c.o
 .text.I2C_Slave_ISR_IT
                0x0000000008001de8      0x1c8 Drivers/STM32L0xx_HAL_Driver/Src/stm32l0xx_hal_i2c.o
 .text.HAL_I2CEx_ConfigAnalogFilter
                0x0000000008001fb0       0x50 Drivers/STM32L0xx_HAL_Driver/Src/stm32l0xx_hal_i2c_ex.o
                0x0000000008001fb0                HAL_I2CEx_ConfigAnalogFilter
 .text.HAL_I2CEx_ConfigDigitalFilter
                0x0000000008002000       0x4c Drivers/STM32L0xx_HAL_Driver/Src/stm32l0xx_hal_i2c_ex.o
                0x0000000008002000                HAL_I2CEx_ConfigDigitalFilter
 .text.HAL_I2CEx_EnableFastModePlus
                0x000000000800204c       0x1c Drivers/STM32L0xx_HAL_Driver/Src/stm32l0xx_hal_i2c_ex.o
                0x000000000800204c                HAL_I2CEx_EnableFastModePlus
 .text.HAL_RCC_GetSysClockFreq
                0x0000000008002068       0x8c Drivers/STM32L0xx_HAL_Driver/Src/stm32l0xx_hal_rcc.o
                0x0000000008002068                HAL_RCC_GetSysClockFreq
 .text.HAL_RCC_OscConfig
                0x00000000080020f4      0x5f0 Drivers/STM32L0xx_HAL_Driver/Src/stm32l0xx_hal_rcc.o
                0x00000000080020f4                HAL_RCC_OscConfig
 .text.HAL_RCC_ClockConfig
                0x00000000080026e4      0x1e0 Drivers/STM32L0xx_HAL_Driver/Src/stm32l0xx_hal_rcc.o
                0x00000000080026e4                HAL_RCC_ClockConfig
 .text.HAL_RCC_GetPCLK1Freq
                0x00000000080028c4       0x20 Drivers/STM32L0xx_HAL_Driver/Src/stm32l0xx_hal_rcc.o
                0x00000000080028c4                HAL_RCC_GetPCLK1Freq
 .text.HAL_RCC_GetPCLK2Freq
                0x00000000080028e4       0x20 Drivers/STM32L0xx_HAL_Driver/Src/stm32l0xx_hal_rcc.o
                0x00000000080028e4                HAL_RCC_GetPCLK2Freq
 .text.HAL_RCCEx_PeriphCLKConfig
                0x0000000008002904      0x1fc Drivers/STM32L0xx_HAL_Driver/Src/stm32l0xx_hal_rcc_ex.o
                0x0000000008002904                HAL_RCCEx_PeriphCLKConfig
 .text.SPI_WaitFlagStateUntilTimeout.constprop.0
                0x0000000008002b00       0xcc Drivers/STM32L0xx_HAL_Driver/Src/stm32l0xx_hal_spi.o
 .text.HAL_SPI_Init
                0x0000000008002bcc       0xec Drivers/STM32L0xx_HAL_Driver/Src/stm32l0xx_hal_spi.o
                0x0000000008002bcc                HAL_SPI_Init
 .text.HAL_SPI_Transmit
                0x0000000008002cb8      0x24c Drivers/STM32L0xx_HAL_Driver/Src/stm32l0xx_hal_spi.o
                0x0000000008002cb8                HAL_SPI_Transmit
 .text.HAL_SPI_TransmitReceive
                0x0000000008002f04      0x310 Drivers/STM32L0xx_HAL_Driver/Src/stm32l0xx_hal_spi.o
                0x0000000008002f04                HAL_SPI_TransmitReceive
 .text.HAL_TIM_Base_Init
                0x0000000008003214       0x8c Drivers/STM32L0xx_HAL_Driver/Src/stm32l0xx_hal_tim.o
                0x0000000008003214                HAL_TIM_Base_Init
 .text.HAL_TIM_Base_Start_IT
                0x00000000080032a0       0x58 Drivers/STM32L0xx_HAL_Driver/Src/stm32l0xx_hal_tim.o
                0x00000000080032a0                HAL_TIM_Base_Start_IT
 .text.HAL_TIM_ConfigClockSource
                0x00000000080032f8      0x150 Drivers/STM32L0xx_HAL_Driver/Src/stm32l0xx_hal_tim.o
                0x00000000080032f8                HAL_TIM_ConfigClockSource
 .text.HAL_TIM_OC_DelayElapsedCallback
                0x0000000008003448        0x4 Drivers/STM32L0xx_HAL_Driver/Src/stm32l0xx_hal_tim.o
                0x0000000008003448                HAL_TIM_OC_DelayElapsedCallback
 .text.HAL_TIM_IC_CaptureCallback
                0x000000000800344c        0x4 Drivers/STM32L0xx_HAL_Driver/Src/stm32l0xx_hal_tim.o
                0x000000000800344c                HAL_TIM_IC_CaptureCallback
 .text.HAL_TIM_PWM_PulseFinishedCallback
                0x0000000008003450        0x4 Drivers/STM32L0xx_HAL_Driver/Src/stm32l0xx_hal_tim.o
                0x0000000008003450                HAL_TIM_PWM_PulseFinishedCallback
 .text.HAL_TIM_TriggerCallback
                0x0000000008003454        0x4 Drivers/STM32L0xx_HAL_Driver/Src/stm32l0xx_hal_tim.o
                0x0000000008003454                HAL_TIM_TriggerCallback
 .text.HAL_TIM_IRQHandler
                0x0000000008003458      0x11c Drivers/STM32L0xx_HAL_Driver/Src/stm32l0xx_hal_tim.o
                0x0000000008003458                HAL_TIM_IRQHandler
 .text.HAL_TIMEx_MasterConfigSynchronization
                0x0000000008003574       0x5c Drivers/STM32L0xx_HAL_Driver/Src/stm32l0xx_hal_tim_ex.o
                0x0000000008003574                HAL_TIMEx_MasterConfigSynchronization
 .text.UART_AdvFeatureConfig
                0x00000000080035d0       0xd0 Drivers/STM32L0xx_HAL_Driver/Src/stm32l0xx_hal_uart.o
                0x00000000080035d0                UART_AdvFeatureConfig
 .text.UART_CheckIdleState
                0x00000000080036a0       0xec Drivers/STM32L0xx_HAL_Driver/Src/stm32l0xx_hal_uart.o
                0x00000000080036a0                UART_CheckIdleState
 .text.HAL_HalfDuplex_Init
                0x000000000800378c      0x2b8 Drivers/STM32L0xx_HAL_Driver/Src/stm32l0xx_hal_uart.o
                0x000000000800378c                HAL_HalfDuplex_Init
 .text.internal_bus_create
                0x0000000008003a44      0x180 Mantarray/Src/Bus.o
                0x0000000008003a44                internal_bus_create
 .text.internal_bus_write_data_frame
                0x0000000008003bc4       0x98 Mantarray/Src/Bus.o
                0x0000000008003bc4                internal_bus_write_data_frame
 .text.EEPROM_save
                0x0000000008003c5c       0x3c Mantarray/Src/EEPROM.o
                0x0000000008003c5c                EEPROM_save
 .text.EEPROM_load
                0x0000000008003c98       0x20 Mantarray/Src/EEPROM.o
                0x0000000008003c98                EEPROM_load
 .text.global_timer_create
                0x0000000008003cb8       0x1c Mantarray/Src/GlobalTimer.o
                0x0000000008003cb8                global_timer_create
 .text.HAL_TIM_PeriodElapsedCallback
                0x0000000008003cd4       0x1c Mantarray/Src/GlobalTimer.o
                0x0000000008003cd4                HAL_TIM_PeriodElapsedCallback
 .text.get_global_timer
                0x0000000008003cf0       0x14 Mantarray/Src/GlobalTimer.o
                0x0000000008003cf0                get_global_timer
 .text.magnetometer_create
                0x0000000008003d04       0xdc Mantarray/Src/Magnetometer.o
                0x0000000008003d04                magnetometer_create
 .text.magnetometer_read
                0x0000000008003de0       0x48 Mantarray/Src/Magnetometer.o
                0x0000000008003de0                magnetometer_read
 .text.I2C_interface_create
                0x0000000008003e28       0x4c Mantarray/Src/i2c_network_interface.o
                0x0000000008003e28                I2C_interface_create
 .text.I2C2_IRQHandler
                0x0000000008003e74       0x5c Mantarray/Src/i2c_network_interface.o
                0x0000000008003e74                I2C2_IRQHandler
 .text.LIS3MDL_create
                0x0000000008003ed0      0x174 Mantarray/Src/lis3mdl_driver.o
                0x0000000008003ed0                LIS3MDL_create
 .text.LIS3MDL_read_XYZ
                0x0000000008004044        0x4 Mantarray/Src/lis3mdl_driver.o
                0x0000000008004044                LIS3MDL_read_XYZ
 .text.MMC5983_create
                0x0000000008004048      0x19c Mantarray/Src/mmc5983_driver.o
                0x0000000008004048                MMC5983_create
 .text.MMC5983_register_write
                0x00000000080041e4       0x30 Mantarray/Src/mmc5983_driver.o
                0x00000000080041e4                MMC5983_register_write
 .text.MMC5983_read_XYZ
                0x0000000008004214      0x17c Mantarray/Src/mmc5983_driver.o
                0x0000000008004214                MMC5983_read_XYZ
 .text.MMC5983_get_status
                0x0000000008004390        0xc Mantarray/Src/mmc5983_driver.o
                0x0000000008004390                MMC5983_get_status
 .text.module_system_init
                0x000000000800439c       0xec Mantarray/Src/system.o
                0x000000000800439c                module_system_init
 .text.state_machine
                0x0000000008004488      0x32c Mantarray/Src/system.o
                0x0000000008004488                state_machine
 .text.__errno  0x00000000080047b4        0xc c:/st/stm32cubeide_1.5.1/stm32cubeide/plugins/com.st.stm32cube.ide.mcu.externaltools.gnu-tools-for-stm32.9-2020-q2-update.win32_1.5.0.202011040924/tools/bin/../lib/gcc/arm-none-eabi/9.3.1/../../../../arm-none-eabi/lib/thumb/v6-m/nofp\libc_nano.a(lib_a-errno.o)
                0x00000000080047b4                __errno
 .text.__libc_init_array
                0x00000000080047c0       0x48 c:/st/stm32cubeide_1.5.1/stm32cubeide/plugins/com.st.stm32cube.ide.mcu.externaltools.gnu-tools-for-stm32.9-2020-q2-update.win32_1.5.0.202011040924/tools/bin/../lib/gcc/arm-none-eabi/9.3.1/../../../../arm-none-eabi/lib/thumb/v6-m/nofp\libc_nano.a(lib_a-init.o)
                0x00000000080047c0                __libc_init_array
 .text.malloc   0x0000000008004808       0x14 c:/st/stm32cubeide_1.5.1/stm32cubeide/plugins/com.st.stm32cube.ide.mcu.externaltools.gnu-tools-for-stm32.9-2020-q2-update.win32_1.5.0.202011040924/tools/bin/../lib/gcc/arm-none-eabi/9.3.1/../../../../arm-none-eabi/lib/thumb/v6-m/nofp\libc_nano.a(lib_a-malloc.o)
                0x0000000008004808                malloc
 .text.memset   0x000000000800481c       0x10 c:/st/stm32cubeide_1.5.1/stm32cubeide/plugins/com.st.stm32cube.ide.mcu.externaltools.gnu-tools-for-stm32.9-2020-q2-update.win32_1.5.0.202011040924/tools/bin/../lib/gcc/arm-none-eabi/9.3.1/../../../../arm-none-eabi/lib/thumb/v6-m/nofp\libc_nano.a(lib_a-memset.o)
                0x000000000800481c                memset
 .text._malloc_r
                0x000000000800482c       0xbc c:/st/stm32cubeide_1.5.1/stm32cubeide/plugins/com.st.stm32cube.ide.mcu.externaltools.gnu-tools-for-stm32.9-2020-q2-update.win32_1.5.0.202011040924/tools/bin/../lib/gcc/arm-none-eabi/9.3.1/../../../../arm-none-eabi/lib/thumb/v6-m/nofp\libc_nano.a(lib_a-nano-mallocr.o)
                0x000000000800482c                _malloc_r
 .text._sbrk_r  0x00000000080048e8       0x24 c:/st/stm32cubeide_1.5.1/stm32cubeide/plugins/com.st.stm32cube.ide.mcu.externaltools.gnu-tools-for-stm32.9-2020-q2-update.win32_1.5.0.202011040924/tools/bin/../lib/gcc/arm-none-eabi/9.3.1/../../../../arm-none-eabi/lib/thumb/v6-m/nofp\libc_nano.a(lib_a-sbrkr.o)
                0x00000000080048e8                _sbrk_r
 .text.__malloc_lock
                0x000000000800490c       0x10 c:/st/stm32cubeide_1.5.1/stm32cubeide/plugins/com.st.stm32cube.ide.mcu.externaltools.gnu-tools-for-stm32.9-2020-q2-update.win32_1.5.0.202011040924/tools/bin/../lib/gcc/arm-none-eabi/9.3.1/../../../../arm-none-eabi/lib/thumb/v6-m/nofp\libc_nano.a(lib_a-mlock.o)
                0x000000000800490c                __malloc_lock
 .text.__malloc_unlock
                0x000000000800491c       0x10 c:/st/stm32cubeide_1.5.1/stm32cubeide/plugins/com.st.stm32cube.ide.mcu.externaltools.gnu-tools-for-stm32.9-2020-q2-update.win32_1.5.0.202011040924/tools/bin/../lib/gcc/arm-none-eabi/9.3.1/../../../../arm-none-eabi/lib/thumb/v6-m/nofp\libc_nano.a(lib_a-mlock.o)
                0x000000000800491c                __malloc_unlock
 .text.__retarget_lock_acquire_recursive
                0x000000000800492c        0x2 c:/st/stm32cubeide_1.5.1/stm32cubeide/plugins/com.st.stm32cube.ide.mcu.externaltools.gnu-tools-for-stm32.9-2020-q2-update.win32_1.5.0.202011040924/tools/bin/../lib/gcc/arm-none-eabi/9.3.1/../../../../arm-none-eabi/lib/thumb/v6-m/nofp\libc_nano.a(lib_a-lock.o)
                0x000000000800492c                __retarget_lock_acquire_recursive
 .text.__retarget_lock_release_recursive
                0x000000000800492e        0x2 c:/st/stm32cubeide_1.5.1/stm32cubeide/plugins/com.st.stm32cube.ide.mcu.externaltools.gnu-tools-for-stm32.9-2020-q2-update.win32_1.5.0.202011040924/tools/bin/../lib/gcc/arm-none-eabi/9.3.1/../../../../arm-none-eabi/lib/thumb/v6-m/nofp\libc_nano.a(lib_a-lock.o)
                0x000000000800492e                __retarget_lock_release_recursive
 *(.glue_7)
 .glue_7        0x0000000008004930        0x0 linker stubs
 *(.glue_7t)
 .glue_7t       0x0000000008004930        0x0 linker stubs
 *(.eh_frame)
 .eh_frame      0x0000000008004930        0x0 c:/st/stm32cubeide_1.5.1/stm32cubeide/plugins/com.st.stm32cube.ide.mcu.externaltools.gnu-tools-for-stm32.9-2020-q2-update.win32_1.5.0.202011040924/tools/bin/../lib/gcc/arm-none-eabi/9.3.1/thumb/v6-m/nofp/crtbegin.o
 *(.init)
 .init          0x0000000008004930        0x4 c:/st/stm32cubeide_1.5.1/stm32cubeide/plugins/com.st.stm32cube.ide.mcu.externaltools.gnu-tools-for-stm32.9-2020-q2-update.win32_1.5.0.202011040924/tools/bin/../lib/gcc/arm-none-eabi/9.3.1/thumb/v6-m/nofp/crti.o
                0x0000000008004930                _init
 .init          0x0000000008004934        0x8 c:/st/stm32cubeide_1.5.1/stm32cubeide/plugins/com.st.stm32cube.ide.mcu.externaltools.gnu-tools-for-stm32.9-2020-q2-update.win32_1.5.0.202011040924/tools/bin/../lib/gcc/arm-none-eabi/9.3.1/thumb/v6-m/nofp/crtn.o
 *(.fini)
 .fini          0x000000000800493c        0x4 c:/st/stm32cubeide_1.5.1/stm32cubeide/plugins/com.st.stm32cube.ide.mcu.externaltools.gnu-tools-for-stm32.9-2020-q2-update.win32_1.5.0.202011040924/tools/bin/../lib/gcc/arm-none-eabi/9.3.1/thumb/v6-m/nofp/crti.o
                0x000000000800493c                _fini
 .fini          0x0000000008004940        0x8 c:/st/stm32cubeide_1.5.1/stm32cubeide/plugins/com.st.stm32cube.ide.mcu.externaltools.gnu-tools-for-stm32.9-2020-q2-update.win32_1.5.0.202011040924/tools/bin/../lib/gcc/arm-none-eabi/9.3.1/thumb/v6-m/nofp/crtn.o
                0x0000000008004948                . = ALIGN (0x4)
                0x0000000008004948                _etext = .

.vfp11_veneer   0x0000000008004948        0x0
 .vfp11_veneer  0x0000000008004948        0x0 linker stubs

.v4_bx          0x0000000008004948        0x0
 .v4_bx         0x0000000008004948        0x0 linker stubs

.iplt           0x0000000008004948        0x0
 .iplt          0x0000000008004948        0x0 c:/st/stm32cubeide_1.5.1/stm32cubeide/plugins/com.st.stm32cube.ide.mcu.externaltools.gnu-tools-for-stm32.9-2020-q2-update.win32_1.5.0.202011040924/tools/bin/../lib/gcc/arm-none-eabi/9.3.1/thumb/v6-m/nofp/crtbegin.o

.rodata         0x0000000008004948       0xd8
                0x0000000008004948                . = ALIGN (0x4)
 *(.rodata)
 *(.rodata*)
 .rodata.AHBPrescTable
                0x0000000008004948       0x10 Core/Src/system_stm32l0xx.o
                0x0000000008004948                AHBPrescTable
 .rodata.APBPrescTable
                0x0000000008004958        0x8 Core/Src/system_stm32l0xx.o
                0x0000000008004958                APBPrescTable
 .rodata.PLLMulTable
                0x0000000008004960        0x9 Core/Src/system_stm32l0xx.o
                0x0000000008004960                PLLMulTable
 *fill*         0x0000000008004969        0x3 
 .rodata.HAL_HalfDuplex_Init
                0x000000000800496c       0x48 Drivers/STM32L0xx_HAL_Driver/Src/stm32l0xx_hal_uart.o
 .rodata.CSWTCH.57
                0x00000000080049b4        0x3 Drivers/STM32L0xx_HAL_Driver/Src/stm32l0xx_hal_uart.o
 *fill*         0x00000000080049b7        0x1 
 .rodata.CSWTCH.58
                0x00000000080049b8        0xd Drivers/STM32L0xx_HAL_Driver/Src/stm32l0xx_hal_uart.o
 *fill*         0x00000000080049c5        0x3 
 .rodata.state_machine
                0x00000000080049c8       0x58 Mantarray/Src/system.o
                0x0000000008004a20                . = ALIGN (0x4)

.ARM.extab      0x0000000008004a20        0x0
                0x0000000008004a20                . = ALIGN (0x4)
 *(.ARM.extab* .gnu.linkonce.armextab.*)
                0x0000000008004a20                . = ALIGN (0x4)

.ARM            0x0000000008004a20        0x8
                0x0000000008004a20                . = ALIGN (0x4)
                0x0000000008004a20                __exidx_start = .
 *(.ARM.exidx*)
 .ARM.exidx     0x0000000008004a20        0x8 c:/st/stm32cubeide_1.5.1/stm32cubeide/plugins/com.st.stm32cube.ide.mcu.externaltools.gnu-tools-for-stm32.9-2020-q2-update.win32_1.5.0.202011040924/tools/bin/../lib/gcc/arm-none-eabi/9.3.1/thumb/v6-m/nofp\libgcc.a(_udivmoddi4.o)
                0x0000000008004a28                __exidx_end = .
                0x0000000008004a28                . = ALIGN (0x4)

.rel.dyn        0x0000000008004a28        0x0
 .rel.iplt      0x0000000008004a28        0x0 c:/st/stm32cubeide_1.5.1/stm32cubeide/plugins/com.st.stm32cube.ide.mcu.externaltools.gnu-tools-for-stm32.9-2020-q2-update.win32_1.5.0.202011040924/tools/bin/../lib/gcc/arm-none-eabi/9.3.1/thumb/v6-m/nofp/crtbegin.o

.preinit_array  0x0000000008004a28        0x0
                0x0000000008004a28                . = ALIGN (0x4)
                0x0000000008004a28                PROVIDE (__preinit_array_start = .)
 *(.preinit_array*)
                0x0000000008004a28                PROVIDE (__preinit_array_end = .)
                0x0000000008004a28                . = ALIGN (0x4)

.init_array     0x0000000008004a28        0x4
                0x0000000008004a28                . = ALIGN (0x4)
                0x0000000008004a28                PROVIDE (__init_array_start = .)
 *(SORT_BY_NAME(.init_array.*))
 *(.init_array*)
 .init_array    0x0000000008004a28        0x4 c:/st/stm32cubeide_1.5.1/stm32cubeide/plugins/com.st.stm32cube.ide.mcu.externaltools.gnu-tools-for-stm32.9-2020-q2-update.win32_1.5.0.202011040924/tools/bin/../lib/gcc/arm-none-eabi/9.3.1/thumb/v6-m/nofp/crtbegin.o
                0x0000000008004a2c                PROVIDE (__init_array_end = .)
                0x0000000008004a2c                . = ALIGN (0x4)

.fini_array     0x0000000008004a2c        0x4
                0x0000000008004a2c                . = ALIGN (0x4)
                [!provide]                        PROVIDE (__fini_array_start = .)
 *(SORT_BY_NAME(.fini_array.*))
 *(.fini_array*)
 .fini_array    0x0000000008004a2c        0x4 c:/st/stm32cubeide_1.5.1/stm32cubeide/plugins/com.st.stm32cube.ide.mcu.externaltools.gnu-tools-for-stm32.9-2020-q2-update.win32_1.5.0.202011040924/tools/bin/../lib/gcc/arm-none-eabi/9.3.1/thumb/v6-m/nofp/crtbegin.o
                [!provide]                        PROVIDE (__fini_array_end = .)
                0x0000000008004a30                . = ALIGN (0x4)
                0x0000000008004a30                _sidata = LOADADDR (.data)

.data           0x0000000020000000       0x70 load address 0x0000000008004a30
                0x0000000020000000                . = ALIGN (0x4)
                0x0000000020000000                _sdata = .
 *(.data)
 *(.data*)
 .data.SystemCoreClock
                0x0000000020000000        0x4 Core/Src/system_stm32l0xx.o
                0x0000000020000000                SystemCoreClock
 .data.uwTickFreq
                0x0000000020000004        0x1 Drivers/STM32L0xx_HAL_Driver/Src/stm32l0xx_hal.o
                0x0000000020000004                uwTickFreq
 *fill*         0x0000000020000005        0x3 
 .data.uwTickPrio
                0x0000000020000008        0x4 Drivers/STM32L0xx_HAL_Driver/Src/stm32l0xx_hal.o
                0x0000000020000008                uwTickPrio
 .data._impure_ptr
                0x000000002000000c        0x4 c:/st/stm32cubeide_1.5.1/stm32cubeide/plugins/com.st.stm32cube.ide.mcu.externaltools.gnu-tools-for-stm32.9-2020-q2-update.win32_1.5.0.202011040924/tools/bin/../lib/gcc/arm-none-eabi/9.3.1/../../../../arm-none-eabi/lib/thumb/v6-m/nofp\libc_nano.a(lib_a-impure.o)
                0x000000002000000c                _impure_ptr
 .data.impure_data
                0x0000000020000010       0x60 c:/st/stm32cubeide_1.5.1/stm32cubeide/plugins/com.st.stm32cube.ide.mcu.externaltools.gnu-tools-for-stm32.9-2020-q2-update.win32_1.5.0.202011040924/tools/bin/../lib/gcc/arm-none-eabi/9.3.1/../../../../arm-none-eabi/lib/thumb/v6-m/nofp\libc_nano.a(lib_a-impure.o)
 *(.RamFunc)
 *(.RamFunc*)
                0x0000000020000070                . = ALIGN (0x4)
                0x0000000020000070                _edata = .

.igot.plt       0x0000000020000070        0x0 load address 0x0000000008004aa0
 .igot.plt      0x0000000020000070        0x0 c:/st/stm32cubeide_1.5.1/stm32cubeide/plugins/com.st.stm32cube.ide.mcu.externaltools.gnu-tools-for-stm32.9-2020-q2-update.win32_1.5.0.202011040924/tools/bin/../lib/gcc/arm-none-eabi/9.3.1/thumb/v6-m/nofp/crtbegin.o
                0x0000000020000070                . = ALIGN (0x4)

.bss            0x0000000020000070      0x304 load address 0x0000000008004aa0
                0x0000000020000070                _sbss = .
                0x0000000020000070                __bss_start__ = _sbss
 *(.bss)
 .bss           0x0000000020000070       0x1c c:/st/stm32cubeide_1.5.1/stm32cubeide/plugins/com.st.stm32cube.ide.mcu.externaltools.gnu-tools-for-stm32.9-2020-q2-update.win32_1.5.0.202011040924/tools/bin/../lib/gcc/arm-none-eabi/9.3.1/thumb/v6-m/nofp/crtbegin.o
 *(.bss*)
 .bss.__sbrk_heap_end
                0x000000002000008c        0x4 Core/Src/sysmem.o
 .bss.__malloc_free_list
                0x0000000020000090        0x4 c:/st/stm32cubeide_1.5.1/stm32cubeide/plugins/com.st.stm32cube.ide.mcu.externaltools.gnu-tools-for-stm32.9-2020-q2-update.win32_1.5.0.202011040924/tools/bin/../lib/gcc/arm-none-eabi/9.3.1/../../../../arm-none-eabi/lib/thumb/v6-m/nofp\libc_nano.a(lib_a-nano-mallocr.o)
                0x0000000020000090                __malloc_free_list
 .bss.__malloc_sbrk_start
                0x0000000020000094        0x4 c:/st/stm32cubeide_1.5.1/stm32cubeide/plugins/com.st.stm32cube.ide.mcu.externaltools.gnu-tools-for-stm32.9-2020-q2-update.win32_1.5.0.202011040924/tools/bin/../lib/gcc/arm-none-eabi/9.3.1/../../../../arm-none-eabi/lib/thumb/v6-m/nofp\libc_nano.a(lib_a-nano-mallocr.o)
                0x0000000020000094                __malloc_sbrk_start
 *(COMMON)
 COMMON         0x0000000020000098       0x5c Core/Src/adc.o
                0x0000000020000098                hadc
 COMMON         0x00000000200000f4       0x4c Core/Src/i2c.o
                0x00000000200000f4                hi2c2
 COMMON         0x0000000020000140       0x6c Core/Src/main.o
                0x0000000020000140                my_sys
                0x0000000020000160                hdma_GPIOB_tx
                0x00000000200001a8                i2c2_interrupt_interface_pointer
 COMMON         0x00000000200001ac       0x58 Core/Src/spi.o
                0x00000000200001ac                hspi1
 COMMON         0x0000000020000204       0xc0 Core/Src/tim.o
                0x0000000020000204                htim22
                0x0000000020000244                htim6
                0x0000000020000284                htim21
 COMMON         0x00000000200002c4       0x84 Core/Src/usart.o
                0x00000000200002c4                huart2
 COMMON         0x0000000020000348        0x4 Drivers/STM32L0xx_HAL_Driver/Src/stm32l0xx_hal.o
                0x0000000020000348                uwTick
 COMMON         0x000000002000034c       0x18 Drivers/STM32L0xx_HAL_Driver/Src/stm32l0xx_hal_flash.o
                0x000000002000034c                pFlash
 COMMON         0x0000000020000364        0x4 c:/st/stm32cubeide_1.5.1/stm32cubeide/plugins/com.st.stm32cube.ide.mcu.externaltools.gnu-tools-for-stm32.9-2020-q2-update.win32_1.5.0.202011040924/tools/bin/../lib/gcc/arm-none-eabi/9.3.1/../../../../arm-none-eabi/lib/thumb/v6-m/nofp\libc_nano.a(lib_a-reent.o)
                0x0000000020000364                errno
 COMMON         0x0000000020000368        0x9 c:/st/stm32cubeide_1.5.1/stm32cubeide/plugins/com.st.stm32cube.ide.mcu.externaltools.gnu-tools-for-stm32.9-2020-q2-update.win32_1.5.0.202011040924/tools/bin/../lib/gcc/arm-none-eabi/9.3.1/../../../../arm-none-eabi/lib/thumb/v6-m/nofp\libc_nano.a(lib_a-lock.o)
                0x0000000020000368                __lock___atexit_recursive_mutex
                0x0000000020000369                __lock___arc4random_mutex
                0x000000002000036a                __lock___env_recursive_mutex
                0x000000002000036b                __lock___sinit_recursive_mutex
                0x000000002000036c                __lock___malloc_recursive_mutex
                0x000000002000036d                __lock___at_quick_exit_mutex
                0x000000002000036e                __lock___dd_hash_mutex
                0x000000002000036f                __lock___tz_mutex
                0x0000000020000370                __lock___sfp_recursive_mutex
                0x0000000020000374                . = ALIGN (0x4)
 *fill*         0x0000000020000371        0x3 
                0x0000000020000374                _ebss = .
                0x0000000020000374                __bss_end__ = _ebss

._user_heap_stack
                0x0000000020000374      0x604 load address 0x0000000008004aa0
                0x0000000020000378                . = ALIGN (0x8)
 *fill*         0x0000000020000374        0x4 
                [!provide]                        PROVIDE (end = .)
                0x0000000020000378                PROVIDE (_end = .)
                0x0000000020000578                . = (. + _Min_Heap_Size)
 *fill*         0x0000000020000378      0x200 
                0x0000000020000978                . = (. + _Min_Stack_Size)
 *fill*         0x0000000020000578      0x400 
                0x0000000020000978                . = ALIGN (0x8)

/DISCARD/
 libc.a(*)
 libm.a(*)
 libgcc.a(*)

.ARM.attributes
                0x0000000000000000       0x28
 *(.ARM.attributes)
 .ARM.attributes
                0x0000000000000000       0x1e c:/st/stm32cubeide_1.5.1/stm32cubeide/plugins/com.st.stm32cube.ide.mcu.externaltools.gnu-tools-for-stm32.9-2020-q2-update.win32_1.5.0.202011040924/tools/bin/../lib/gcc/arm-none-eabi/9.3.1/thumb/v6-m/nofp/crti.o
 .ARM.attributes
                0x000000000000001e       0x2c c:/st/stm32cubeide_1.5.1/stm32cubeide/plugins/com.st.stm32cube.ide.mcu.externaltools.gnu-tools-for-stm32.9-2020-q2-update.win32_1.5.0.202011040924/tools/bin/../lib/gcc/arm-none-eabi/9.3.1/thumb/v6-m/nofp/crtbegin.o
 .ARM.attributes
                0x000000000000004a       0x28 Core/Src/adc.o
 .ARM.attributes
                0x0000000000000072       0x28 Core/Src/gpio.o
 .ARM.attributes
                0x000000000000009a       0x28 Core/Src/i2c.o
 .ARM.attributes
                0x00000000000000c2       0x28 Core/Src/main.o
 .ARM.attributes
                0x00000000000000ea       0x28 Core/Src/spi.o
 .ARM.attributes
                0x0000000000000112       0x28 Core/Src/stm32l0xx_hal_msp.o
 .ARM.attributes
                0x000000000000013a       0x28 Core/Src/stm32l0xx_it.o
 .ARM.attributes
                0x0000000000000162       0x28 Core/Src/sysmem.o
 .ARM.attributes
                0x000000000000018a       0x28 Core/Src/system_stm32l0xx.o
 .ARM.attributes
                0x00000000000001b2       0x28 Core/Src/tim.o
 .ARM.attributes
                0x00000000000001da       0x28 Core/Src/usart.o
 .ARM.attributes
                0x0000000000000202       0x22 Core/Startup/startup_stm32l052t8yx.o
 .ARM.attributes
                0x0000000000000224       0x28 Drivers/STM32L0xx_HAL_Driver/Src/stm32l0xx_hal.o
 .ARM.attributes
                0x000000000000024c       0x28 Drivers/STM32L0xx_HAL_Driver/Src/stm32l0xx_hal_adc.o
 .ARM.attributes
                0x0000000000000274       0x28 Drivers/STM32L0xx_HAL_Driver/Src/stm32l0xx_hal_cortex.o
 .ARM.attributes
                0x000000000000029c       0x28 Drivers/STM32L0xx_HAL_Driver/Src/stm32l0xx_hal_dma.o
 .ARM.attributes
                0x00000000000002c4       0x28 Drivers/STM32L0xx_HAL_Driver/Src/stm32l0xx_hal_flash.o
 .ARM.attributes
                0x00000000000002ec       0x28 Drivers/STM32L0xx_HAL_Driver/Src/stm32l0xx_hal_flash_ex.o
 .ARM.attributes
                0x0000000000000314       0x28 Drivers/STM32L0xx_HAL_Driver/Src/stm32l0xx_hal_gpio.o
 .ARM.attributes
                0x000000000000033c       0x28 Drivers/STM32L0xx_HAL_Driver/Src/stm32l0xx_hal_i2c.o
 .ARM.attributes
                0x0000000000000364       0x28 Drivers/STM32L0xx_HAL_Driver/Src/stm32l0xx_hal_i2c_ex.o
 .ARM.attributes
                0x000000000000038c       0x28 Drivers/STM32L0xx_HAL_Driver/Src/stm32l0xx_hal_rcc.o
 .ARM.attributes
                0x00000000000003b4       0x28 Drivers/STM32L0xx_HAL_Driver/Src/stm32l0xx_hal_rcc_ex.o
 .ARM.attributes
                0x00000000000003dc       0x28 Drivers/STM32L0xx_HAL_Driver/Src/stm32l0xx_hal_spi.o
 .ARM.attributes
                0x0000000000000404       0x28 Drivers/STM32L0xx_HAL_Driver/Src/stm32l0xx_hal_tim.o
 .ARM.attributes
                0x000000000000042c       0x28 Drivers/STM32L0xx_HAL_Driver/Src/stm32l0xx_hal_tim_ex.o
 .ARM.attributes
                0x0000000000000454       0x28 Drivers/STM32L0xx_HAL_Driver/Src/stm32l0xx_hal_uart.o
 .ARM.attributes
                0x000000000000047c       0x28 Mantarray/Src/Bus.o
 .ARM.attributes
                0x00000000000004a4       0x28 Mantarray/Src/EEPROM.o
 .ARM.attributes
                0x00000000000004cc       0x28 Mantarray/Src/GlobalTimer.o
 .ARM.attributes
                0x00000000000004f4       0x28 Mantarray/Src/Magnetometer.o
 .ARM.attributes
                0x000000000000051c       0x28 Mantarray/Src/i2c_network_interface.o
 .ARM.attributes
                0x0000000000000544       0x28 Mantarray/Src/lis3mdl_driver.o
 .ARM.attributes
                0x000000000000056c       0x28 Mantarray/Src/mmc5983_driver.o
 .ARM.attributes
                0x0000000000000594       0x28 Mantarray/Src/system.o
 .ARM.attributes
                0x00000000000005bc       0x2c c:/st/stm32cubeide_1.5.1/stm32cubeide/plugins/com.st.stm32cube.ide.mcu.externaltools.gnu-tools-for-stm32.9-2020-q2-update.win32_1.5.0.202011040924/tools/bin/../lib/gcc/arm-none-eabi/9.3.1/../../../../arm-none-eabi/lib/thumb/v6-m/nofp\libc_nano.a(lib_a-errno.o)
 .ARM.attributes
                0x00000000000005e8       0x2c c:/st/stm32cubeide_1.5.1/stm32cubeide/plugins/com.st.stm32cube.ide.mcu.externaltools.gnu-tools-for-stm32.9-2020-q2-update.win32_1.5.0.202011040924/tools/bin/../lib/gcc/arm-none-eabi/9.3.1/../../../../arm-none-eabi/lib/thumb/v6-m/nofp\libc_nano.a(lib_a-impure.o)
 .ARM.attributes
                0x0000000000000614       0x2c c:/st/stm32cubeide_1.5.1/stm32cubeide/plugins/com.st.stm32cube.ide.mcu.externaltools.gnu-tools-for-stm32.9-2020-q2-update.win32_1.5.0.202011040924/tools/bin/../lib/gcc/arm-none-eabi/9.3.1/../../../../arm-none-eabi/lib/thumb/v6-m/nofp\libc_nano.a(lib_a-init.o)
 .ARM.attributes
                0x0000000000000640       0x2c c:/st/stm32cubeide_1.5.1/stm32cubeide/plugins/com.st.stm32cube.ide.mcu.externaltools.gnu-tools-for-stm32.9-2020-q2-update.win32_1.5.0.202011040924/tools/bin/../lib/gcc/arm-none-eabi/9.3.1/../../../../arm-none-eabi/lib/thumb/v6-m/nofp\libc_nano.a(lib_a-malloc.o)
 .ARM.attributes
                0x000000000000066c       0x2c c:/st/stm32cubeide_1.5.1/stm32cubeide/plugins/com.st.stm32cube.ide.mcu.externaltools.gnu-tools-for-stm32.9-2020-q2-update.win32_1.5.0.202011040924/tools/bin/../lib/gcc/arm-none-eabi/9.3.1/../../../../arm-none-eabi/lib/thumb/v6-m/nofp\libc_nano.a(lib_a-memset.o)
 .ARM.attributes
                0x0000000000000698       0x2c c:/st/stm32cubeide_1.5.1/stm32cubeide/plugins/com.st.stm32cube.ide.mcu.externaltools.gnu-tools-for-stm32.9-2020-q2-update.win32_1.5.0.202011040924/tools/bin/../lib/gcc/arm-none-eabi/9.3.1/../../../../arm-none-eabi/lib/thumb/v6-m/nofp\libc_nano.a(lib_a-nano-mallocr.o)
 .ARM.attributes
                0x00000000000006c4       0x2c c:/st/stm32cubeide_1.5.1/stm32cubeide/plugins/com.st.stm32cube.ide.mcu.externaltools.gnu-tools-for-stm32.9-2020-q2-update.win32_1.5.0.202011040924/tools/bin/../lib/gcc/arm-none-eabi/9.3.1/../../../../arm-none-eabi/lib/thumb/v6-m/nofp\libc_nano.a(lib_a-sbrkr.o)
 .ARM.attributes
                0x00000000000006f0       0x2c c:/st/stm32cubeide_1.5.1/stm32cubeide/plugins/com.st.stm32cube.ide.mcu.externaltools.gnu-tools-for-stm32.9-2020-q2-update.win32_1.5.0.202011040924/tools/bin/../lib/gcc/arm-none-eabi/9.3.1/../../../../arm-none-eabi/lib/thumb/v6-m/nofp\libc_nano.a(lib_a-mlock.o)
 .ARM.attributes
                0x000000000000071c       0x2c c:/st/stm32cubeide_1.5.1/stm32cubeide/plugins/com.st.stm32cube.ide.mcu.externaltools.gnu-tools-for-stm32.9-2020-q2-update.win32_1.5.0.202011040924/tools/bin/../lib/gcc/arm-none-eabi/9.3.1/../../../../arm-none-eabi/lib/thumb/v6-m/nofp\libc_nano.a(lib_a-reent.o)
 .ARM.attributes
                0x0000000000000748       0x2c c:/st/stm32cubeide_1.5.1/stm32cubeide/plugins/com.st.stm32cube.ide.mcu.externaltools.gnu-tools-for-stm32.9-2020-q2-update.win32_1.5.0.202011040924/tools/bin/../lib/gcc/arm-none-eabi/9.3.1/../../../../arm-none-eabi/lib/thumb/v6-m/nofp\libc_nano.a(lib_a-lock.o)
 .ARM.attributes
                0x0000000000000774       0x1e c:/st/stm32cubeide_1.5.1/stm32cubeide/plugins/com.st.stm32cube.ide.mcu.externaltools.gnu-tools-for-stm32.9-2020-q2-update.win32_1.5.0.202011040924/tools/bin/../lib/gcc/arm-none-eabi/9.3.1/thumb/v6-m/nofp\libgcc.a(_udivsi3.o)
 .ARM.attributes
                0x0000000000000792       0x1e c:/st/stm32cubeide_1.5.1/stm32cubeide/plugins/com.st.stm32cube.ide.mcu.externaltools.gnu-tools-for-stm32.9-2020-q2-update.win32_1.5.0.202011040924/tools/bin/../lib/gcc/arm-none-eabi/9.3.1/thumb/v6-m/nofp\libgcc.a(_dvmd_tls.o)
 .ARM.attributes
                0x00000000000007b0       0x1e c:/st/stm32cubeide_1.5.1/stm32cubeide/plugins/com.st.stm32cube.ide.mcu.externaltools.gnu-tools-for-stm32.9-2020-q2-update.win32_1.5.0.202011040924/tools/bin/../lib/gcc/arm-none-eabi/9.3.1/thumb/v6-m/nofp\libgcc.a(_aeabi_uldivmod.o)
 .ARM.attributes
                0x00000000000007ce       0x2c c:/st/stm32cubeide_1.5.1/stm32cubeide/plugins/com.st.stm32cube.ide.mcu.externaltools.gnu-tools-for-stm32.9-2020-q2-update.win32_1.5.0.202011040924/tools/bin/../lib/gcc/arm-none-eabi/9.3.1/thumb/v6-m/nofp\libgcc.a(_muldi3.o)
 .ARM.attributes
                0x00000000000007fa       0x2c c:/st/stm32cubeide_1.5.1/stm32cubeide/plugins/com.st.stm32cube.ide.mcu.externaltools.gnu-tools-for-stm32.9-2020-q2-update.win32_1.5.0.202011040924/tools/bin/../lib/gcc/arm-none-eabi/9.3.1/thumb/v6-m/nofp\libgcc.a(_udivmoddi4.o)
 .ARM.attributes
                0x0000000000000826       0x1e c:/st/stm32cubeide_1.5.1/stm32cubeide/plugins/com.st.stm32cube.ide.mcu.externaltools.gnu-tools-for-stm32.9-2020-q2-update.win32_1.5.0.202011040924/tools/bin/../lib/gcc/arm-none-eabi/9.3.1/thumb/v6-m/nofp\libgcc.a(_clzdi2.o)
 .ARM.attributes
                0x0000000000000844       0x1e c:/st/stm32cubeide_1.5.1/stm32cubeide/plugins/com.st.stm32cube.ide.mcu.externaltools.gnu-tools-for-stm32.9-2020-q2-update.win32_1.5.0.202011040924/tools/bin/../lib/gcc/arm-none-eabi/9.3.1/thumb/v6-m/nofp\libgcc.a(_clzsi2.o)
 .ARM.attributes
                0x0000000000000862       0x1e c:/st/stm32cubeide_1.5.1/stm32cubeide/plugins/com.st.stm32cube.ide.mcu.externaltools.gnu-tools-for-stm32.9-2020-q2-update.win32_1.5.0.202011040924/tools/bin/../lib/gcc/arm-none-eabi/9.3.1/thumb/v6-m/nofp/crtn.o
OUTPUT(mantarray-firmware-channel.elf elf32-littlearm)
LOAD linker stubs
LOAD c:/st/stm32cubeide_1.5.1/stm32cubeide/plugins/com.st.stm32cube.ide.mcu.externaltools.gnu-tools-for-stm32.9-2020-q2-update.win32_1.5.0.202011040924/tools/bin/../lib/gcc/arm-none-eabi/9.3.1/../../../../arm-none-eabi/lib/thumb/v6-m/nofp\libc.a
LOAD c:/st/stm32cubeide_1.5.1/stm32cubeide/plugins/com.st.stm32cube.ide.mcu.externaltools.gnu-tools-for-stm32.9-2020-q2-update.win32_1.5.0.202011040924/tools/bin/../lib/gcc/arm-none-eabi/9.3.1/../../../../arm-none-eabi/lib/thumb/v6-m/nofp\libm.a
LOAD c:/st/stm32cubeide_1.5.1/stm32cubeide/plugins/com.st.stm32cube.ide.mcu.externaltools.gnu-tools-for-stm32.9-2020-q2-update.win32_1.5.0.202011040924/tools/bin/../lib/gcc/arm-none-eabi/9.3.1/thumb/v6-m/nofp\libgcc.a

.debug_info     0x0000000000000000    0x2962b
 .debug_info    0x0000000000000000      0x94b Core/Src/adc.o
 .debug_info    0x000000000000094b      0x53f Core/Src/gpio.o
 .debug_info    0x0000000000000e8a      0xc85 Core/Src/i2c.o
 .debug_info    0x0000000000001b0f     0x243d Core/Src/main.o
 .debug_info    0x0000000000003f4c      0xa2c Core/Src/spi.o
 .debug_info    0x0000000000004978      0x2c9 Core/Src/stm32l0xx_hal_msp.o
 .debug_info    0x0000000000004c41      0x780 Core/Src/stm32l0xx_it.o
 .debug_info    0x00000000000053c1      0xa4e Core/Src/sysmem.o
 .debug_info    0x0000000000005e0f      0x37c Core/Src/system_stm32l0xx.o
 .debug_info    0x000000000000618b      0xe94 Core/Src/tim.o
 .debug_info    0x000000000000701f      0xac0 Core/Src/usart.o
 .debug_info    0x0000000000007adf       0x22 Core/Startup/startup_stm32l052t8yx.o
 .debug_info    0x0000000000007b01      0x9b7 Drivers/STM32L0xx_HAL_Driver/Src/stm32l0xx_hal.o
 .debug_info    0x00000000000084b8     0x12d1 Drivers/STM32L0xx_HAL_Driver/Src/stm32l0xx_hal_adc.o
 .debug_info    0x0000000000009789      0xb52 Drivers/STM32L0xx_HAL_Driver/Src/stm32l0xx_hal_cortex.o
 .debug_info    0x000000000000a2db      0x9a3 Drivers/STM32L0xx_HAL_Driver/Src/stm32l0xx_hal_dma.o
 .debug_info    0x000000000000ac7e      0x7ec Drivers/STM32L0xx_HAL_Driver/Src/stm32l0xx_hal_flash.o
 .debug_info    0x000000000000b46a      0xfc8 Drivers/STM32L0xx_HAL_Driver/Src/stm32l0xx_hal_flash_ex.o
 .debug_info    0x000000000000c432      0x7cf Drivers/STM32L0xx_HAL_Driver/Src/stm32l0xx_hal_gpio.o
 .debug_info    0x000000000000cc01     0x6226 Drivers/STM32L0xx_HAL_Driver/Src/stm32l0xx_hal_i2c.o
 .debug_info    0x0000000000012e27      0x9e2 Drivers/STM32L0xx_HAL_Driver/Src/stm32l0xx_hal_i2c_ex.o
 .debug_info    0x0000000000013809      0xda5 Drivers/STM32L0xx_HAL_Driver/Src/stm32l0xx_hal_rcc.o
 .debug_info    0x00000000000145ae      0x9da Drivers/STM32L0xx_HAL_Driver/Src/stm32l0xx_hal_rcc_ex.o
 .debug_info    0x0000000000014f88     0x276c Drivers/STM32L0xx_HAL_Driver/Src/stm32l0xx_hal_spi.o
 .debug_info    0x00000000000176f4     0x487e Drivers/STM32L0xx_HAL_Driver/Src/stm32l0xx_hal_tim.o
 .debug_info    0x000000000001bf72      0x7ea Drivers/STM32L0xx_HAL_Driver/Src/stm32l0xx_hal_tim_ex.o
 .debug_info    0x000000000001c75c     0x25c5 Drivers/STM32L0xx_HAL_Driver/Src/stm32l0xx_hal_uart.o
 .debug_info    0x000000000001ed21      0xe7e Mantarray/Src/Bus.o
 .debug_info    0x000000000001fb9f      0xb72 Mantarray/Src/EEPROM.o
 .debug_info    0x0000000000020711     0x17a9 Mantarray/Src/GlobalTimer.o
 .debug_info    0x0000000000021eba     0x1380 Mantarray/Src/Magnetometer.o
 .debug_info    0x000000000002323a     0x10c6 Mantarray/Src/i2c_network_interface.o
 .debug_info    0x0000000000024300     0x1785 Mantarray/Src/lis3mdl_driver.o
 .debug_info    0x0000000000025a85     0x1cae Mantarray/Src/mmc5983_driver.o
 .debug_info    0x0000000000027733     0x1ef8 Mantarray/Src/system.o

.debug_abbrev   0x0000000000000000     0x5727
 .debug_abbrev  0x0000000000000000      0x1f9 Core/Src/adc.o
 .debug_abbrev  0x00000000000001f9      0x18d Core/Src/gpio.o
 .debug_abbrev  0x0000000000000386      0x213 Core/Src/i2c.o
 .debug_abbrev  0x0000000000000599      0x2e5 Core/Src/main.o
 .debug_abbrev  0x000000000000087e      0x1ff Core/Src/spi.o
 .debug_abbrev  0x0000000000000a7d       0xf8 Core/Src/stm32l0xx_hal_msp.o
 .debug_abbrev  0x0000000000000b75      0x1db Core/Src/stm32l0xx_it.o
 .debug_abbrev  0x0000000000000d50      0x1f4 Core/Src/sysmem.o
 .debug_abbrev  0x0000000000000f44      0x14b Core/Src/system_stm32l0xx.o
 .debug_abbrev  0x000000000000108f      0x21b Core/Src/tim.o
 .debug_abbrev  0x00000000000012aa      0x1ff Core/Src/usart.o
 .debug_abbrev  0x00000000000014a9       0x12 Core/Startup/startup_stm32l052t8yx.o
 .debug_abbrev  0x00000000000014bb      0x2d4 Drivers/STM32L0xx_HAL_Driver/Src/stm32l0xx_hal.o
 .debug_abbrev  0x000000000000178f      0x35b Drivers/STM32L0xx_HAL_Driver/Src/stm32l0xx_hal_adc.o
 .debug_abbrev  0x0000000000001aea      0x2b6 Drivers/STM32L0xx_HAL_Driver/Src/stm32l0xx_hal_cortex.o
 .debug_abbrev  0x0000000000001da0      0x24a Drivers/STM32L0xx_HAL_Driver/Src/stm32l0xx_hal_dma.o
 .debug_abbrev  0x0000000000001fea      0x37c Drivers/STM32L0xx_HAL_Driver/Src/stm32l0xx_hal_flash.o
 .debug_abbrev  0x0000000000002366      0x38d Drivers/STM32L0xx_HAL_Driver/Src/stm32l0xx_hal_flash_ex.o
 .debug_abbrev  0x00000000000026f3      0x219 Drivers/STM32L0xx_HAL_Driver/Src/stm32l0xx_hal_gpio.o
 .debug_abbrev  0x000000000000290c      0x403 Drivers/STM32L0xx_HAL_Driver/Src/stm32l0xx_hal_i2c.o
 .debug_abbrev  0x0000000000002d0f      0x1da Drivers/STM32L0xx_HAL_Driver/Src/stm32l0xx_hal_i2c_ex.o
 .debug_abbrev  0x0000000000002ee9      0x303 Drivers/STM32L0xx_HAL_Driver/Src/stm32l0xx_hal_rcc.o
 .debug_abbrev  0x00000000000031ec      0x264 Drivers/STM32L0xx_HAL_Driver/Src/stm32l0xx_hal_rcc_ex.o
 .debug_abbrev  0x0000000000003450      0x3af Drivers/STM32L0xx_HAL_Driver/Src/stm32l0xx_hal_spi.o
 .debug_abbrev  0x00000000000037ff      0x3a8 Drivers/STM32L0xx_HAL_Driver/Src/stm32l0xx_hal_tim.o
 .debug_abbrev  0x0000000000003ba7      0x1ed Drivers/STM32L0xx_HAL_Driver/Src/stm32l0xx_hal_tim_ex.o
 .debug_abbrev  0x0000000000003d94      0x3ed Drivers/STM32L0xx_HAL_Driver/Src/stm32l0xx_hal_uart.o
 .debug_abbrev  0x0000000000004181      0x2ed Mantarray/Src/Bus.o
 .debug_abbrev  0x000000000000446e      0x22b Mantarray/Src/EEPROM.o
 .debug_abbrev  0x0000000000004699      0x2ba Mantarray/Src/GlobalTimer.o
 .debug_abbrev  0x0000000000004953      0x264 Mantarray/Src/Magnetometer.o
 .debug_abbrev  0x0000000000004bb7      0x272 Mantarray/Src/i2c_network_interface.o
 .debug_abbrev  0x0000000000004e29      0x325 Mantarray/Src/lis3mdl_driver.o
 .debug_abbrev  0x000000000000514e      0x345 Mantarray/Src/mmc5983_driver.o
 .debug_abbrev  0x0000000000005493      0x294 Mantarray/Src/system.o

.debug_aranges  0x0000000000000000     0x10e8
 .debug_aranges
                0x0000000000000000       0x30 Core/Src/adc.o
 .debug_aranges
                0x0000000000000030       0x20 Core/Src/gpio.o
 .debug_aranges
                0x0000000000000050       0x30 Core/Src/i2c.o
 .debug_aranges
                0x0000000000000080       0x30 Core/Src/main.o
 .debug_aranges
                0x00000000000000b0       0x30 Core/Src/spi.o
 .debug_aranges
                0x00000000000000e0       0x20 Core/Src/stm32l0xx_hal_msp.o
 .debug_aranges
                0x0000000000000100       0x40 Core/Src/stm32l0xx_it.o
 .debug_aranges
                0x0000000000000140       0x20 Core/Src/sysmem.o
 .debug_aranges
                0x0000000000000160       0x28 Core/Src/system_stm32l0xx.o
 .debug_aranges
                0x0000000000000188       0x40 Core/Src/tim.o
 .debug_aranges
                0x00000000000001c8       0x30 Core/Src/usart.o
 .debug_aranges
                0x00000000000001f8       0x28 Core/Startup/startup_stm32l052t8yx.o
 .debug_aranges
                0x0000000000000220      0x108 Drivers/STM32L0xx_HAL_Driver/Src/stm32l0xx_hal.o
 .debug_aranges
                0x0000000000000328       0xc8 Drivers/STM32L0xx_HAL_Driver/Src/stm32l0xx_hal_adc.o
 .debug_aranges
                0x00000000000003f0       0x90 Drivers/STM32L0xx_HAL_Driver/Src/stm32l0xx_hal_cortex.o
 .debug_aranges
                0x0000000000000480       0x78 Drivers/STM32L0xx_HAL_Driver/Src/stm32l0xx_hal_dma.o
 .debug_aranges
                0x00000000000004f8       0x80 Drivers/STM32L0xx_HAL_Driver/Src/stm32l0xx_hal_flash.o
 .debug_aranges
                0x0000000000000578       0x90 Drivers/STM32L0xx_HAL_Driver/Src/stm32l0xx_hal_flash_ex.o
 .debug_aranges
                0x0000000000000608       0x58 Drivers/STM32L0xx_HAL_Driver/Src/stm32l0xx_hal_gpio.o
 .debug_aranges
                0x0000000000000660      0x1e0 Drivers/STM32L0xx_HAL_Driver/Src/stm32l0xx_hal_i2c.o
 .debug_aranges
                0x0000000000000840       0x48 Drivers/STM32L0xx_HAL_Driver/Src/stm32l0xx_hal_i2c_ex.o
 .debug_aranges
                0x0000000000000888       0x80 Drivers/STM32L0xx_HAL_Driver/Src/stm32l0xx_hal_rcc.o
 .debug_aranges
                0x0000000000000908       0x98 Drivers/STM32L0xx_HAL_Driver/Src/stm32l0xx_hal_rcc_ex.o
 .debug_aranges
                0x00000000000009a0      0x178 Drivers/STM32L0xx_HAL_Driver/Src/stm32l0xx_hal_spi.o
 .debug_aranges
                0x0000000000000b18      0x240 Drivers/STM32L0xx_HAL_Driver/Src/stm32l0xx_hal_tim.o
 .debug_aranges
                0x0000000000000d58       0x28 Drivers/STM32L0xx_HAL_Driver/Src/stm32l0xx_hal_tim_ex.o
 .debug_aranges
                0x0000000000000d80      0x1c8 Drivers/STM32L0xx_HAL_Driver/Src/stm32l0xx_hal_uart.o
 .debug_aranges
                0x0000000000000f48       0x38 Mantarray/Src/Bus.o
 .debug_aranges
                0x0000000000000f80       0x28 Mantarray/Src/EEPROM.o
 .debug_aranges
                0x0000000000000fa8       0x38 Mantarray/Src/GlobalTimer.o
 .debug_aranges
                0x0000000000000fe0       0x30 Mantarray/Src/Magnetometer.o
 .debug_aranges
                0x0000000000001010       0x28 Mantarray/Src/i2c_network_interface.o
 .debug_aranges
                0x0000000000001038       0x40 Mantarray/Src/lis3mdl_driver.o
 .debug_aranges
                0x0000000000001078       0x48 Mantarray/Src/mmc5983_driver.o
 .debug_aranges
                0x00000000000010c0       0x28 Mantarray/Src/system.o

.debug_ranges   0x0000000000000000     0x2e88
 .debug_ranges  0x0000000000000000       0x20 Core/Src/adc.o
 .debug_ranges  0x0000000000000020       0x88 Core/Src/gpio.o
 .debug_ranges  0x00000000000000a8       0x48 Core/Src/i2c.o
 .debug_ranges  0x00000000000000f0       0x68 Core/Src/main.o
 .debug_ranges  0x0000000000000158       0x48 Core/Src/spi.o
 .debug_ranges  0x00000000000001a0       0x10 Core/Src/stm32l0xx_hal_msp.o
 .debug_ranges  0x00000000000001b0       0x30 Core/Src/stm32l0xx_it.o
 .debug_ranges  0x00000000000001e0       0x10 Core/Src/sysmem.o
 .debug_ranges  0x00000000000001f0       0x18 Core/Src/system_stm32l0xx.o
 .debug_ranges  0x0000000000000208       0x48 Core/Src/tim.o
 .debug_ranges  0x0000000000000250       0x40 Core/Src/usart.o
 .debug_ranges  0x0000000000000290       0x20 Core/Startup/startup_stm32l052t8yx.o
 .debug_ranges  0x00000000000002b0       0xf8 Drivers/STM32L0xx_HAL_Driver/Src/stm32l0xx_hal.o
 .debug_ranges  0x00000000000003a8      0x148 Drivers/STM32L0xx_HAL_Driver/Src/stm32l0xx_hal_adc.o
 .debug_ranges  0x00000000000004f0      0x118 Drivers/STM32L0xx_HAL_Driver/Src/stm32l0xx_hal_cortex.o
 .debug_ranges  0x0000000000000608       0xb8 Drivers/STM32L0xx_HAL_Driver/Src/stm32l0xx_hal_dma.o
 .debug_ranges  0x00000000000006c0       0x70 Drivers/STM32L0xx_HAL_Driver/Src/stm32l0xx_hal_flash.o
 .debug_ranges  0x0000000000000730      0x168 Drivers/STM32L0xx_HAL_Driver/Src/stm32l0xx_hal_flash_ex.o
 .debug_ranges  0x0000000000000898       0x48 Drivers/STM32L0xx_HAL_Driver/Src/stm32l0xx_hal_gpio.o
 .debug_ranges  0x00000000000008e0      0xfb0 Drivers/STM32L0xx_HAL_Driver/Src/stm32l0xx_hal_i2c.o
 .debug_ranges  0x0000000000001890       0x38 Drivers/STM32L0xx_HAL_Driver/Src/stm32l0xx_hal_i2c_ex.o
 .debug_ranges  0x00000000000018c8      0x110 Drivers/STM32L0xx_HAL_Driver/Src/stm32l0xx_hal_rcc.o
 .debug_ranges  0x00000000000019d8       0x88 Drivers/STM32L0xx_HAL_Driver/Src/stm32l0xx_hal_rcc_ex.o
 .debug_ranges  0x0000000000001a60      0x4b0 Drivers/STM32L0xx_HAL_Driver/Src/stm32l0xx_hal_spi.o
 .debug_ranges  0x0000000000001f10      0x898 Drivers/STM32L0xx_HAL_Driver/Src/stm32l0xx_hal_tim.o
 .debug_ranges  0x00000000000027a8       0x18 Drivers/STM32L0xx_HAL_Driver/Src/stm32l0xx_hal_tim_ex.o
 .debug_ranges  0x00000000000027c0      0x428 Drivers/STM32L0xx_HAL_Driver/Src/stm32l0xx_hal_uart.o
 .debug_ranges  0x0000000000002be8       0x50 Mantarray/Src/Bus.o
 .debug_ranges  0x0000000000002c38       0x18 Mantarray/Src/EEPROM.o
 .debug_ranges  0x0000000000002c50       0x28 Mantarray/Src/GlobalTimer.o
 .debug_ranges  0x0000000000002c78       0x20 Mantarray/Src/Magnetometer.o
 .debug_ranges  0x0000000000002c98       0x18 Mantarray/Src/i2c_network_interface.o
 .debug_ranges  0x0000000000002cb0       0x48 Mantarray/Src/lis3mdl_driver.o
 .debug_ranges  0x0000000000002cf8      0x140 Mantarray/Src/mmc5983_driver.o
 .debug_ranges  0x0000000000002e38       0x50 Mantarray/Src/system.o

.debug_macro    0x0000000000000000    0x18d60
 .debug_macro   0x0000000000000000      0x200 Core/Src/adc.o
 .debug_macro   0x0000000000000200      0xa8a Core/Src/adc.o
 .debug_macro   0x0000000000000c8a      0x131 Core/Src/adc.o
 .debug_macro   0x0000000000000dbb       0x2e Core/Src/adc.o
 .debug_macro   0x0000000000000de9       0x28 Core/Src/adc.o
 .debug_macro   0x0000000000000e11       0x22 Core/Src/adc.o
 .debug_macro   0x0000000000000e33       0x8e Core/Src/adc.o
 .debug_macro   0x0000000000000ec1       0x51 Core/Src/adc.o
 .debug_macro   0x0000000000000f12      0x103 Core/Src/adc.o
 .debug_macro   0x0000000000001015       0x6a Core/Src/adc.o
 .debug_macro   0x000000000000107f      0x1df Core/Src/adc.o
 .debug_macro   0x000000000000125e       0x1c Core/Src/adc.o
 .debug_macro   0x000000000000127a       0x22 Core/Src/adc.o
 .debug_macro   0x000000000000129c       0xb5 Core/Src/adc.o
 .debug_macro   0x0000000000001351      0x4da Core/Src/adc.o
 .debug_macro   0x000000000000182b      0x11f Core/Src/adc.o
 .debug_macro   0x000000000000194a     0x99cc Core/Src/adc.o
 .debug_macro   0x000000000000b316       0x3c Core/Src/adc.o
 .debug_macro   0x000000000000b352     0x352b Core/Src/adc.o
 .debug_macro   0x000000000000e87d      0x174 Core/Src/adc.o
 .debug_macro   0x000000000000e9f1       0x5b Core/Src/adc.o
 .debug_macro   0x000000000000ea4c      0x8d6 Core/Src/adc.o
 .debug_macro   0x000000000000f322      0x970 Core/Src/adc.o
 .debug_macro   0x000000000000fc92      0x190 Core/Src/adc.o
 .debug_macro   0x000000000000fe22      0x13f Core/Src/adc.o
 .debug_macro   0x000000000000ff61      0x176 Core/Src/adc.o
 .debug_macro   0x00000000000100d7      0x28e Core/Src/adc.o
 .debug_macro   0x0000000000010365      0x1e9 Core/Src/adc.o
 .debug_macro   0x000000000001054e      0x4e1 Core/Src/adc.o
 .debug_macro   0x0000000000010a2f       0x65 Core/Src/adc.o
 .debug_macro   0x0000000000010a94      0x129 Core/Src/adc.o
 .debug_macro   0x0000000000010bbd      0x2b4 Core/Src/adc.o
 .debug_macro   0x0000000000010e71      0x22c Core/Src/adc.o
 .debug_macro   0x000000000001109d       0x5b Core/Src/adc.o
 .debug_macro   0x00000000000110f8       0xa5 Core/Src/adc.o
 .debug_macro   0x000000000001119d      0x187 Core/Src/adc.o
 .debug_macro   0x0000000000011324       0x16 Core/Src/adc.o
 .debug_macro   0x000000000001133a      0x22c Core/Src/adc.o
 .debug_macro   0x0000000000011566      0x773 Core/Src/adc.o
 .debug_macro   0x0000000000011cd9       0xcc Core/Src/adc.o
 .debug_macro   0x0000000000011da5      0x5ba Core/Src/adc.o
 .debug_macro   0x000000000001235f       0x44 Core/Src/adc.o
 .debug_macro   0x00000000000123a3      0x146 Core/Src/adc.o
 .debug_macro   0x00000000000124e9      0x118 Core/Src/adc.o
 .debug_macro   0x0000000000012601      0x200 Core/Src/gpio.o
 .debug_macro   0x0000000000012801      0x200 Core/Src/i2c.o
 .debug_macro   0x0000000000012a01      0x45c Core/Src/main.o
 .debug_macro   0x0000000000012e5d       0x18 Core/Src/main.o
 .debug_macro   0x0000000000012e75       0x52 Core/Src/main.o
 .debug_macro   0x0000000000012ec7       0x3c Core/Src/main.o
 .debug_macro   0x0000000000012f03       0x34 Core/Src/main.o
 .debug_macro   0x0000000000012f37       0x16 Core/Src/main.o
 .debug_macro   0x0000000000012f4d       0x35 Core/Src/main.o
 .debug_macro   0x0000000000012f82       0x16 Core/Src/main.o
 .debug_macro   0x0000000000012f98       0x43 Core/Src/main.o
 .debug_macro   0x0000000000012fdb       0x34 Core/Src/main.o
 .debug_macro   0x000000000001300f       0x10 Core/Src/main.o
 .debug_macro   0x000000000001301f       0x58 Core/Src/main.o
 .debug_macro   0x0000000000013077       0x71 Core/Src/main.o
 .debug_macro   0x00000000000130e8       0x1c Core/Src/main.o
 .debug_macro   0x0000000000013104      0x12a Core/Src/main.o
 .debug_macro   0x000000000001322e      0x333 Core/Src/main.o
 .debug_macro   0x0000000000013561       0x16 Core/Src/main.o
 .debug_macro   0x0000000000013577       0x29 Core/Src/main.o
 .debug_macro   0x00000000000135a0       0x1c Core/Src/main.o
 .debug_macro   0x00000000000135bc       0x10 Core/Src/main.o
 .debug_macro   0x00000000000135cc       0x10 Core/Src/main.o
 .debug_macro   0x00000000000135dc       0x1c Core/Src/main.o
 .debug_macro   0x00000000000135f8       0x52 Core/Src/main.o
 .debug_macro   0x000000000001364a       0x22 Core/Src/main.o
 .debug_macro   0x000000000001366c       0x10 Core/Src/main.o
 .debug_macro   0x000000000001367c       0x40 Core/Src/main.o
 .debug_macro   0x00000000000136bc       0xd5 Core/Src/main.o
 .debug_macro   0x0000000000013791       0x1c Core/Src/main.o
 .debug_macro   0x00000000000137ad       0x3d Core/Src/main.o
 .debug_macro   0x00000000000137ea       0x16 Core/Src/main.o
 .debug_macro   0x0000000000013800      0x145 Core/Src/main.o
 .debug_macro   0x0000000000013945       0x64 Core/Src/main.o
 .debug_macro   0x00000000000139a9       0x94 Core/Src/main.o
 .debug_macro   0x0000000000013a3d       0x16 Core/Src/main.o
 .debug_macro   0x0000000000013a53       0x20 Core/Src/main.o
 .debug_macro   0x0000000000013a73      0x15a Core/Src/main.o
 .debug_macro   0x0000000000013bcd       0x34 Core/Src/main.o
 .debug_macro   0x0000000000013c01       0x10 Core/Src/main.o
 .debug_macro   0x0000000000013c11       0x34 Core/Src/main.o
 .debug_macro   0x0000000000013c45       0x46 Core/Src/main.o
 .debug_macro   0x0000000000013c8b      0x200 Core/Src/spi.o
 .debug_macro   0x0000000000013e8b      0x1f6 Core/Src/stm32l0xx_hal_msp.o
 .debug_macro   0x0000000000014081      0x200 Core/Src/stm32l0xx_it.o
 .debug_macro   0x0000000000014281       0xff Core/Src/sysmem.o
 .debug_macro   0x0000000000014380      0x23b Core/Src/sysmem.o
 .debug_macro   0x00000000000145bb      0x1e7 Core/Src/system_stm32l0xx.o
 .debug_macro   0x00000000000147a2      0x200 Core/Src/tim.o
 .debug_macro   0x00000000000149a2      0x200 Core/Src/usart.o
 .debug_macro   0x0000000000014ba2      0x20b Drivers/STM32L0xx_HAL_Driver/Src/stm32l0xx_hal.o
 .debug_macro   0x0000000000014dad      0x1f6 Drivers/STM32L0xx_HAL_Driver/Src/stm32l0xx_hal_adc.o
 .debug_macro   0x0000000000014fa3      0x1e7 Drivers/STM32L0xx_HAL_Driver/Src/stm32l0xx_hal_cortex.o
 .debug_macro   0x000000000001518a      0x1e7 Drivers/STM32L0xx_HAL_Driver/Src/stm32l0xx_hal_dma.o
 .debug_macro   0x0000000000015371      0x1e8 Drivers/STM32L0xx_HAL_Driver/Src/stm32l0xx_hal_flash.o
 .debug_macro   0x0000000000015559      0x1e7 Drivers/STM32L0xx_HAL_Driver/Src/stm32l0xx_hal_flash_ex.o
 .debug_macro   0x0000000000015740      0x21f Drivers/STM32L0xx_HAL_Driver/Src/stm32l0xx_hal_gpio.o
 .debug_macro   0x000000000001595f      0x2ac Drivers/STM32L0xx_HAL_Driver/Src/stm32l0xx_hal_i2c.o
 .debug_macro   0x0000000000015c0b      0x1e7 Drivers/STM32L0xx_HAL_Driver/Src/stm32l0xx_hal_i2c_ex.o
 .debug_macro   0x0000000000015df2      0x20b Drivers/STM32L0xx_HAL_Driver/Src/stm32l0xx_hal_rcc.o
 .debug_macro   0x0000000000015ffd      0x1e7 Drivers/STM32L0xx_HAL_Driver/Src/stm32l0xx_hal_rcc_ex.o
 .debug_macro   0x00000000000161e4      0x1f6 Drivers/STM32L0xx_HAL_Driver/Src/stm32l0xx_hal_spi.o
 .debug_macro   0x00000000000163da      0x1e8 Drivers/STM32L0xx_HAL_Driver/Src/stm32l0xx_hal_tim.o
 .debug_macro   0x00000000000165c2      0x1e7 Drivers/STM32L0xx_HAL_Driver/Src/stm32l0xx_hal_tim_ex.o
 .debug_macro   0x00000000000167a9      0x212 Drivers/STM32L0xx_HAL_Driver/Src/stm32l0xx_hal_uart.o
 .debug_macro   0x00000000000169bb      0x386 Mantarray/Src/Bus.o
 .debug_macro   0x0000000000016d41      0x10e Mantarray/Src/Bus.o
 .debug_macro   0x0000000000016e4f       0x8d Mantarray/Src/Bus.o
 .debug_macro   0x0000000000016edc       0xaf Mantarray/Src/Bus.o
 .debug_macro   0x0000000000016f8b       0x55 Mantarray/Src/Bus.o
 .debug_macro   0x0000000000016fe0      0x386 Mantarray/Src/EEPROM.o
 .debug_macro   0x0000000000017366      0x42a Mantarray/Src/GlobalTimer.o
 .debug_macro   0x0000000000017790       0x10 Mantarray/Src/GlobalTimer.o
 .debug_macro   0x00000000000177a0      0x3d8 Mantarray/Src/Magnetometer.o
 .debug_macro   0x0000000000017b78       0x16 Mantarray/Src/Magnetometer.o
 .debug_macro   0x0000000000017b8e       0x97 Mantarray/Src/Magnetometer.o
 .debug_macro   0x0000000000017c25       0xfd Mantarray/Src/Magnetometer.o
 .debug_macro   0x0000000000017d22      0x11e Mantarray/Src/Magnetometer.o
 .debug_macro   0x0000000000017e40       0x34 Mantarray/Src/Magnetometer.o
 .debug_macro   0x0000000000017e74      0x383 Mantarray/Src/i2c_network_interface.o
 .debug_macro   0x00000000000181f7      0x37d Mantarray/Src/lis3mdl_driver.o
 .debug_macro   0x0000000000018574      0x3cc Mantarray/Src/mmc5983_driver.o
 .debug_macro   0x0000000000018940      0x420 Mantarray/Src/system.o

.debug_line     0x0000000000000000    0x29492
 .debug_line    0x0000000000000000      0x863 Core/Src/adc.o
 .debug_line    0x0000000000000863      0x7fb Core/Src/gpio.o
 .debug_line    0x000000000000105e      0x88f Core/Src/i2c.o
 .debug_line    0x00000000000018ed      0xbfc Core/Src/main.o
 .debug_line    0x00000000000024e9      0x872 Core/Src/spi.o
 .debug_line    0x0000000000002d5b      0x750 Core/Src/stm32l0xx_hal_msp.o
 .debug_line    0x00000000000034ab      0x7d4 Core/Src/stm32l0xx_it.o
 .debug_line    0x0000000000003c7f      0x535 Core/Src/sysmem.o
 .debug_line    0x00000000000041b4      0x824 Core/Src/system_stm32l0xx.o
 .debug_line    0x00000000000049d8      0xa03 Core/Src/tim.o
 .debug_line    0x00000000000053db      0x859 Core/Src/usart.o
 .debug_line    0x0000000000005c34       0x89 Core/Startup/startup_stm32l052t8yx.o
 .debug_line    0x0000000000005cbd      0xbeb Drivers/STM32L0xx_HAL_Driver/Src/stm32l0xx_hal.o
 .debug_line    0x00000000000068a8     0x17b6 Drivers/STM32L0xx_HAL_Driver/Src/stm32l0xx_hal_adc.o
 .debug_line    0x000000000000805e      0xc12 Drivers/STM32L0xx_HAL_Driver/Src/stm32l0xx_hal_cortex.o
 .debug_line    0x0000000000008c70     0x1035 Drivers/STM32L0xx_HAL_Driver/Src/stm32l0xx_hal_dma.o
 .debug_line    0x0000000000009ca5      0xe02 Drivers/STM32L0xx_HAL_Driver/Src/stm32l0xx_hal_flash.o
 .debug_line    0x000000000000aaa7     0x1178 Drivers/STM32L0xx_HAL_Driver/Src/stm32l0xx_hal_flash_ex.o
 .debug_line    0x000000000000bc1f      0xcd3 Drivers/STM32L0xx_HAL_Driver/Src/stm32l0xx_hal_gpio.o
 .debug_line    0x000000000000c8f2     0x722a Drivers/STM32L0xx_HAL_Driver/Src/stm32l0xx_hal_i2c.o
 .debug_line    0x0000000000013b1c      0xa71 Drivers/STM32L0xx_HAL_Driver/Src/stm32l0xx_hal_i2c_ex.o
 .debug_line    0x000000000001458d     0x1546 Drivers/STM32L0xx_HAL_Driver/Src/stm32l0xx_hal_rcc.o
 .debug_line    0x0000000000015ad3     0x11de Drivers/STM32L0xx_HAL_Driver/Src/stm32l0xx_hal_rcc_ex.o
 .debug_line    0x0000000000016cb1     0x3365 Drivers/STM32L0xx_HAL_Driver/Src/stm32l0xx_hal_spi.o
 .debug_line    0x000000000001a016     0x52e9 Drivers/STM32L0xx_HAL_Driver/Src/stm32l0xx_hal_tim.o
 .debug_line    0x000000000001f2ff      0x888 Drivers/STM32L0xx_HAL_Driver/Src/stm32l0xx_hal_tim_ex.o
 .debug_line    0x000000000001fb87     0x3833 Drivers/STM32L0xx_HAL_Driver/Src/stm32l0xx_hal_uart.o
 .debug_line    0x00000000000233ba      0xed0 Mantarray/Src/Bus.o
 .debug_line    0x000000000002428a      0x9ef Mantarray/Src/EEPROM.o
 .debug_line    0x0000000000024c79      0xaf6 Mantarray/Src/GlobalTimer.o
 .debug_line    0x000000000002576f      0xb2c Mantarray/Src/Magnetometer.o
 .debug_line    0x000000000002629b      0xa6b Mantarray/Src/i2c_network_interface.o
 .debug_line    0x0000000000026d06      0xb5a Mantarray/Src/lis3mdl_driver.o
 .debug_line    0x0000000000027860      0xd9c Mantarray/Src/mmc5983_driver.o
 .debug_line    0x00000000000285fc      0xe96 Mantarray/Src/system.o

.debug_str      0x0000000000000000    0x863a9
 .debug_str     0x0000000000000000    0x7b4be Core/Src/adc.o
                                      0x7b83f (size before relaxing)
 .debug_str     0x000000000007b4be       0xc9 Core/Src/gpio.o
                                      0x7b457 (size before relaxing)
 .debug_str     0x000000000007b587      0x48e Core/Src/i2c.o
                                      0x7bb67 (size before relaxing)
 .debug_str     0x000000000007ba15     0x5a29 Core/Src/main.o
                                      0x815ca (size before relaxing)
 .debug_str     0x000000000008143e       0x4b Core/Src/spi.o
                                      0x7b874 (size before relaxing)
 .debug_str     0x0000000000081489       0x2c Core/Src/stm32l0xx_hal_msp.o
                                      0x7b38f (size before relaxing)
 .debug_str     0x00000000000814b5       0xa6 Core/Src/stm32l0xx_it.o
                                      0x7b825 (size before relaxing)
 .debug_str     0x000000000008155b      0x4f1 Core/Src/sysmem.o
                                       0x61f3 (size before relaxing)
 .debug_str     0x0000000000081a4c       0x61 Core/Src/system_stm32l0xx.o
                                      0x7af65 (size before relaxing)
 .debug_str     0x0000000000081aad      0x12d Core/Src/tim.o
                                      0x7bc43 (size before relaxing)
 .debug_str     0x0000000000081bda       0x57 Core/Src/usart.o
                                      0x7b8af (size before relaxing)
 .debug_str     0x0000000000081c31       0x36 Core/Startup/startup_stm32l052t8yx.o
                                         0x83 (size before relaxing)
 .debug_str     0x0000000000081c67      0x3ec Drivers/STM32L0xx_HAL_Driver/Src/stm32l0xx_hal.o
                                      0x7b600 (size before relaxing)
 .debug_str     0x0000000000082053      0x33a Drivers/STM32L0xx_HAL_Driver/Src/stm32l0xx_hal_adc.o
                                      0x7b67b (size before relaxing)
 .debug_str     0x000000000008238d      0x277 Drivers/STM32L0xx_HAL_Driver/Src/stm32l0xx_hal_cortex.o
                                      0x7b3ed (size before relaxing)
 .debug_str     0x0000000000082604      0x248 Drivers/STM32L0xx_HAL_Driver/Src/stm32l0xx_hal_dma.o
                                      0x7b323 (size before relaxing)
 .debug_str     0x000000000008284c      0x246 Drivers/STM32L0xx_HAL_Driver/Src/stm32l0xx_hal_flash.o
                                      0x7b1a9 (size before relaxing)
 .debug_str     0x0000000000082a92      0x39e Drivers/STM32L0xx_HAL_Driver/Src/stm32l0xx_hal_flash_ex.o
                                      0x7b487 (size before relaxing)
 .debug_str     0x0000000000082e30      0x1b9 Drivers/STM32L0xx_HAL_Driver/Src/stm32l0xx_hal_gpio.o
                                      0x7b20a (size before relaxing)
 .debug_str     0x0000000000082fe9      0xd2c Drivers/STM32L0xx_HAL_Driver/Src/stm32l0xx_hal_i2c.o
                                      0x7c20f (size before relaxing)
 .debug_str     0x0000000000083d15       0x9b Drivers/STM32L0xx_HAL_Driver/Src/stm32l0xx_hal_i2c_ex.o
                                      0x7b515 (size before relaxing)
 .debug_str     0x0000000000083db0      0x248 Drivers/STM32L0xx_HAL_Driver/Src/stm32l0xx_hal_rcc.o
                                      0x7b456 (size before relaxing)
 .debug_str     0x0000000000083ff8      0x326 Drivers/STM32L0xx_HAL_Driver/Src/stm32l0xx_hal_rcc_ex.o
                                      0x7b46f (size before relaxing)
 .debug_str     0x000000000008431e      0x557 Drivers/STM32L0xx_HAL_Driver/Src/stm32l0xx_hal_spi.o
                                      0x7b883 (size before relaxing)
 .debug_str     0x0000000000084875      0xd4a Drivers/STM32L0xx_HAL_Driver/Src/stm32l0xx_hal_tim.o
                                      0x7c270 (size before relaxing)
 .debug_str     0x00000000000855bf       0x57 Drivers/STM32L0xx_HAL_Driver/Src/stm32l0xx_hal_tim_ex.o
                                      0x7b42c (size before relaxing)
 .debug_str     0x0000000000085616      0x86c Drivers/STM32L0xx_HAL_Driver/Src/stm32l0xx_hal_uart.o
                                      0x7bd03 (size before relaxing)
 .debug_str     0x0000000000085e82       0xf0 Mantarray/Src/Bus.o
                                      0x7f682 (size before relaxing)
 .debug_str     0x0000000000085f72       0x48 Mantarray/Src/EEPROM.o
                                      0x7f6c4 (size before relaxing)
 .debug_str     0x0000000000085fba       0xa7 Mantarray/Src/GlobalTimer.o
                                      0x80d71 (size before relaxing)
 .debug_str     0x0000000000086061      0x179 Mantarray/Src/Magnetometer.o
                                      0x803ce (size before relaxing)
 .debug_str     0x00000000000861da       0x71 Mantarray/Src/i2c_network_interface.o
                                      0x7f794 (size before relaxing)
 .debug_str     0x000000000008624b       0x88 Mantarray/Src/lis3mdl_driver.o
                                      0x7f7e9 (size before relaxing)
 .debug_str     0x00000000000862d3       0x5b Mantarray/Src/mmc5983_driver.o
                                      0x8008e (size before relaxing)
 .debug_str     0x000000000008632e       0x7b Mantarray/Src/system.o
                                      0x8103d (size before relaxing)

.comment        0x0000000000000000       0x53
 .comment       0x0000000000000000       0x53 Core/Src/adc.o
                                         0x54 (size before relaxing)
 .comment       0x0000000000000053       0x54 Core/Src/gpio.o
 .comment       0x0000000000000053       0x54 Core/Src/i2c.o
 .comment       0x0000000000000053       0x54 Core/Src/main.o
 .comment       0x0000000000000053       0x54 Core/Src/spi.o
 .comment       0x0000000000000053       0x54 Core/Src/stm32l0xx_hal_msp.o
 .comment       0x0000000000000053       0x54 Core/Src/stm32l0xx_it.o
 .comment       0x0000000000000053       0x54 Core/Src/sysmem.o
 .comment       0x0000000000000053       0x54 Core/Src/system_stm32l0xx.o
 .comment       0x0000000000000053       0x54 Core/Src/tim.o
 .comment       0x0000000000000053       0x54 Core/Src/usart.o
 .comment       0x0000000000000053       0x54 Drivers/STM32L0xx_HAL_Driver/Src/stm32l0xx_hal.o
 .comment       0x0000000000000053       0x54 Drivers/STM32L0xx_HAL_Driver/Src/stm32l0xx_hal_adc.o
 .comment       0x0000000000000053       0x54 Drivers/STM32L0xx_HAL_Driver/Src/stm32l0xx_hal_cortex.o
 .comment       0x0000000000000053       0x54 Drivers/STM32L0xx_HAL_Driver/Src/stm32l0xx_hal_dma.o
 .comment       0x0000000000000053       0x54 Drivers/STM32L0xx_HAL_Driver/Src/stm32l0xx_hal_flash.o
 .comment       0x0000000000000053       0x54 Drivers/STM32L0xx_HAL_Driver/Src/stm32l0xx_hal_flash_ex.o
 .comment       0x0000000000000053       0x54 Drivers/STM32L0xx_HAL_Driver/Src/stm32l0xx_hal_gpio.o
 .comment       0x0000000000000053       0x54 Drivers/STM32L0xx_HAL_Driver/Src/stm32l0xx_hal_i2c.o
 .comment       0x0000000000000053       0x54 Drivers/STM32L0xx_HAL_Driver/Src/stm32l0xx_hal_i2c_ex.o
 .comment       0x0000000000000053       0x54 Drivers/STM32L0xx_HAL_Driver/Src/stm32l0xx_hal_rcc.o
 .comment       0x0000000000000053       0x54 Drivers/STM32L0xx_HAL_Driver/Src/stm32l0xx_hal_rcc_ex.o
 .comment       0x0000000000000053       0x54 Drivers/STM32L0xx_HAL_Driver/Src/stm32l0xx_hal_spi.o
 .comment       0x0000000000000053       0x54 Drivers/STM32L0xx_HAL_Driver/Src/stm32l0xx_hal_tim.o
 .comment       0x0000000000000053       0x54 Drivers/STM32L0xx_HAL_Driver/Src/stm32l0xx_hal_tim_ex.o
 .comment       0x0000000000000053       0x54 Drivers/STM32L0xx_HAL_Driver/Src/stm32l0xx_hal_uart.o
 .comment       0x0000000000000053       0x54 Mantarray/Src/Bus.o
 .comment       0x0000000000000053       0x54 Mantarray/Src/EEPROM.o
 .comment       0x0000000000000053       0x54 Mantarray/Src/GlobalTimer.o
 .comment       0x0000000000000053       0x54 Mantarray/Src/Magnetometer.o
 .comment       0x0000000000000053       0x54 Mantarray/Src/i2c_network_interface.o
 .comment       0x0000000000000053       0x54 Mantarray/Src/lis3mdl_driver.o
 .comment       0x0000000000000053       0x54 Mantarray/Src/mmc5983_driver.o
 .comment       0x0000000000000053       0x54 Mantarray/Src/system.o

.debug_frame    0x0000000000000000     0x3598
 .debug_frame   0x0000000000000000       0x4c Core/Src/adc.o
 .debug_frame   0x000000000000004c       0x30 Core/Src/gpio.o
 .debug_frame   0x000000000000007c       0x5c Core/Src/i2c.o
 .debug_frame   0x00000000000000d8       0x50 Core/Src/main.o
 .debug_frame   0x0000000000000128       0x5c Core/Src/spi.o
 .debug_frame   0x0000000000000184       0x20 Core/Src/stm32l0xx_hal_msp.o
 .debug_frame   0x00000000000001a4       0x80 Core/Src/stm32l0xx_it.o
 .debug_frame   0x0000000000000224       0x28 Core/Src/sysmem.o
 .debug_frame   0x000000000000024c       0x38 Core/Src/system_stm32l0xx.o
 .debug_frame   0x0000000000000284       0x98 Core/Src/tim.o
 .debug_frame   0x000000000000031c       0x5c Core/Src/usart.o
 .debug_frame   0x0000000000000378      0x230 Drivers/STM32L0xx_HAL_Driver/Src/stm32l0xx_hal.o
 .debug_frame   0x00000000000005a8      0x290 Drivers/STM32L0xx_HAL_Driver/Src/stm32l0xx_hal_adc.o
 .debug_frame   0x0000000000000838      0x11c Drivers/STM32L0xx_HAL_Driver/Src/stm32l0xx_hal_cortex.o
 .debug_frame   0x0000000000000954      0x150 Drivers/STM32L0xx_HAL_Driver/Src/stm32l0xx_hal_dma.o
 .debug_frame   0x0000000000000aa4      0x158 Drivers/STM32L0xx_HAL_Driver/Src/stm32l0xx_hal_flash.o
 .debug_frame   0x0000000000000bfc      0x17c Drivers/STM32L0xx_HAL_Driver/Src/stm32l0xx_hal_flash_ex.o
 .debug_frame   0x0000000000000d78       0xd4 Drivers/STM32L0xx_HAL_Driver/Src/stm32l0xx_hal_gpio.o
 .debug_frame   0x0000000000000e4c      0x808 Drivers/STM32L0xx_HAL_Driver/Src/stm32l0xx_hal_i2c.o
 .debug_frame   0x0000000000001654       0xb0 Drivers/STM32L0xx_HAL_Driver/Src/stm32l0xx_hal_i2c_ex.o
 .debug_frame   0x0000000000001704      0x154 Drivers/STM32L0xx_HAL_Driver/Src/stm32l0xx_hal_rcc.o
 .debug_frame   0x0000000000001858      0x194 Drivers/STM32L0xx_HAL_Driver/Src/stm32l0xx_hal_rcc_ex.o
 .debug_frame   0x00000000000019ec      0x570 Drivers/STM32L0xx_HAL_Driver/Src/stm32l0xx_hal_spi.o
 .debug_frame   0x0000000000001f5c      0x974 Drivers/STM32L0xx_HAL_Driver/Src/stm32l0xx_hal_tim.o
 .debug_frame   0x00000000000028d0       0x3c Drivers/STM32L0xx_HAL_Driver/Src/stm32l0xx_hal_tim_ex.o
 .debug_frame   0x000000000000290c      0x628 Drivers/STM32L0xx_HAL_Driver/Src/stm32l0xx_hal_uart.o
 .debug_frame   0x0000000000002f34       0x90 Mantarray/Src/Bus.o
 .debug_frame   0x0000000000002fc4       0x44 Mantarray/Src/EEPROM.o
 .debug_frame   0x0000000000003008       0x64 Mantarray/Src/GlobalTimer.o
 .debug_frame   0x000000000000306c       0x6c Mantarray/Src/Magnetometer.o
 .debug_frame   0x00000000000030d8       0x3c Mantarray/Src/i2c_network_interface.o
 .debug_frame   0x0000000000003114       0x98 Mantarray/Src/lis3mdl_driver.o
 .debug_frame   0x00000000000031ac       0xc0 Mantarray/Src/mmc5983_driver.o
 .debug_frame   0x000000000000326c       0x5c Mantarray/Src/system.o
 .debug_frame   0x00000000000032c8       0x20 c:/st/stm32cubeide_1.5.1/stm32cubeide/plugins/com.st.stm32cube.ide.mcu.externaltools.gnu-tools-for-stm32.9-2020-q2-update.win32_1.5.0.202011040924/tools/bin/../lib/gcc/arm-none-eabi/9.3.1/../../../../arm-none-eabi/lib/thumb/v6-m/nofp\libc_nano.a(lib_a-errno.o)
 .debug_frame   0x00000000000032e8       0x2c c:/st/stm32cubeide_1.5.1/stm32cubeide/plugins/com.st.stm32cube.ide.mcu.externaltools.gnu-tools-for-stm32.9-2020-q2-update.win32_1.5.0.202011040924/tools/bin/../lib/gcc/arm-none-eabi/9.3.1/../../../../arm-none-eabi/lib/thumb/v6-m/nofp\libc_nano.a(lib_a-init.o)
 .debug_frame   0x0000000000003314       0x40 c:/st/stm32cubeide_1.5.1/stm32cubeide/plugins/com.st.stm32cube.ide.mcu.externaltools.gnu-tools-for-stm32.9-2020-q2-update.win32_1.5.0.202011040924/tools/bin/../lib/gcc/arm-none-eabi/9.3.1/../../../../arm-none-eabi/lib/thumb/v6-m/nofp\libc_nano.a(lib_a-malloc.o)
 .debug_frame   0x0000000000003354       0x20 c:/st/stm32cubeide_1.5.1/stm32cubeide/plugins/com.st.stm32cube.ide.mcu.externaltools.gnu-tools-for-stm32.9-2020-q2-update.win32_1.5.0.202011040924/tools/bin/../lib/gcc/arm-none-eabi/9.3.1/../../../../arm-none-eabi/lib/thumb/v6-m/nofp\libc_nano.a(lib_a-memset.o)
 .debug_frame   0x0000000000003374       0x30 c:/st/stm32cubeide_1.5.1/stm32cubeide/plugins/com.st.stm32cube.ide.mcu.externaltools.gnu-tools-for-stm32.9-2020-q2-update.win32_1.5.0.202011040924/tools/bin/../lib/gcc/arm-none-eabi/9.3.1/../../../../arm-none-eabi/lib/thumb/v6-m/nofp\libc_nano.a(lib_a-nano-mallocr.o)
 .debug_frame   0x00000000000033a4       0x2c c:/st/stm32cubeide_1.5.1/stm32cubeide/plugins/com.st.stm32cube.ide.mcu.externaltools.gnu-tools-for-stm32.9-2020-q2-update.win32_1.5.0.202011040924/tools/bin/../lib/gcc/arm-none-eabi/9.3.1/../../../../arm-none-eabi/lib/thumb/v6-m/nofp\libc_nano.a(lib_a-sbrkr.o)
 .debug_frame   0x00000000000033d0       0x40 c:/st/stm32cubeide_1.5.1/stm32cubeide/plugins/com.st.stm32cube.ide.mcu.externaltools.gnu-tools-for-stm32.9-2020-q2-update.win32_1.5.0.202011040924/tools/bin/../lib/gcc/arm-none-eabi/9.3.1/../../../../arm-none-eabi/lib/thumb/v6-m/nofp\libc_nano.a(lib_a-mlock.o)
 .debug_frame   0x0000000000003410       0x48 c:/st/stm32cubeide_1.5.1/stm32cubeide/plugins/com.st.stm32cube.ide.mcu.externaltools.gnu-tools-for-stm32.9-2020-q2-update.win32_1.5.0.202011040924/tools/bin/../lib/gcc/arm-none-eabi/9.3.1/../../../../arm-none-eabi/lib/thumb/v6-m/nofp\libc_nano.a(lib_a-reent.o)
 .debug_frame   0x0000000000003458       0xb0 c:/st/stm32cubeide_1.5.1/stm32cubeide/plugins/com.st.stm32cube.ide.mcu.externaltools.gnu-tools-for-stm32.9-2020-q2-update.win32_1.5.0.202011040924/tools/bin/../lib/gcc/arm-none-eabi/9.3.1/../../../../arm-none-eabi/lib/thumb/v6-m/nofp\libc_nano.a(lib_a-lock.o)