stm32l0xx_hal_msp.c:64:6:HAL_MspInit	8	static
stm32l0xx_hal_msp.c:86:6:HAL_ADC_MspInit	16	static
stm32l0xx_hal_msp.c:108:6:HAL_ADC_MspDeInit	16	static
stm32l0xx_hal_msp.c:130:6:HAL_I2C_MspInit	48	static
stm32l0xx_hal_msp.c:166:6:HAL_I2C_MspDeInit	16	static
stm32l0xx_hal_msp.c:197:6:HAL_SPI_MspInit	48	static
stm32l0xx_hal_msp.c:234:6:HAL_SPI_MspDeInit	16	static
stm32l0xx_hal_msp.c:264:6:HAL_TIM_Base_MspInit	40	static
stm32l0xx_hal_msp.c:321:6:HAL_TIM_Base_MspDeInit	16	static
stm32l0xx_hal_msp.c:371:6:HAL_UART_MspInit	48	static
stm32l0xx_hal_msp.c:406:6:HAL_UART_MspDeInit	16	static
